Archive member included because of file (symbol)

E:\HopeProject\minecraft\hmc5883lEmulator/mbed/TARGET_NUCLEO_F411RE/TOOLCHAIN_GCC_ARM\libmbed.a(serial_api.o)
                              E:\HopeProject\minecraft\hmc5883lEmulator/mbed/TARGET_NUCLEO_F411RE/TOOLCHAIN_GCC_ARM/retarget.o (serial_init)
E:\HopeProject\minecraft\hmc5883lEmulator/mbed/TARGET_NUCLEO_F411RE/TOOLCHAIN_GCC_ARM\libmbed.a(us_ticker.o)
                              E:\HopeProject\minecraft\hmc5883lEmulator/mbed/TARGET_NUCLEO_F411RE/TOOLCHAIN_GCC_ARM/mbed_overrides.o (us_ticker_read)
E:\HopeProject\minecraft\hmc5883lEmulator/mbed/TARGET_NUCLEO_F411RE/TOOLCHAIN_GCC_ARM\libmbed.a(FilePath.o)
                              E:\HopeProject\minecraft\hmc5883lEmulator/mbed/TARGET_NUCLEO_F411RE/TOOLCHAIN_GCC_ARM/retarget.o (mbed::FilePath::FilePath(char const*))
E:\HopeProject\minecraft\hmc5883lEmulator/mbed/TARGET_NUCLEO_F411RE/TOOLCHAIN_GCC_ARM\libmbed.a(FileSystemLike.o)
                              E:\HopeProject\minecraft\hmc5883lEmulator/mbed/TARGET_NUCLEO_F411RE/TOOLCHAIN_GCC_ARM/retarget.o (mbed::FileSystemLike::opendir())
E:\HopeProject\minecraft\hmc5883lEmulator/mbed/TARGET_NUCLEO_F411RE/TOOLCHAIN_GCC_ARM\libmbed.a(RawSerial.o)
                              ..\obj\BufferedSerial.o (mbed::RawSerial::RawSerial(PinName, PinName))
E:\HopeProject\minecraft\hmc5883lEmulator/mbed/TARGET_NUCLEO_F411RE/TOOLCHAIN_GCC_ARM\libmbed.a(SerialBase.o)
                              E:\HopeProject\minecraft\hmc5883lEmulator/mbed/TARGET_NUCLEO_F411RE/TOOLCHAIN_GCC_ARM\libmbed.a(RawSerial.o) (mbed::SerialBase::SerialBase(PinName, PinName))
E:\HopeProject\minecraft\hmc5883lEmulator/mbed/TARGET_NUCLEO_F411RE/TOOLCHAIN_GCC_ARM\libmbed.a(assert.o)
                              E:\HopeProject\minecraft\hmc5883lEmulator/mbed/TARGET_NUCLEO_F411RE/TOOLCHAIN_GCC_ARM/board.o (mbed_assert_internal)
E:\HopeProject\minecraft\hmc5883lEmulator/mbed/TARGET_NUCLEO_F411RE/TOOLCHAIN_GCC_ARM\libmbed.a(error.o)
                              E:\HopeProject\minecraft\hmc5883lEmulator/mbed/TARGET_NUCLEO_F411RE/TOOLCHAIN_GCC_ARM/retarget.o (error)
E:\HopeProject\minecraft\hmc5883lEmulator/mbed/TARGET_NUCLEO_F411RE/TOOLCHAIN_GCC_ARM\libmbed.a(gpio.o)
                              E:\HopeProject\minecraft\hmc5883lEmulator/mbed/TARGET_NUCLEO_F411RE/TOOLCHAIN_GCC_ARM/board.o (gpio_init_out)
E:\HopeProject\minecraft\hmc5883lEmulator/mbed/TARGET_NUCLEO_F411RE/TOOLCHAIN_GCC_ARM\libmbed.a(pinmap_common.o)
                              E:\HopeProject\minecraft\hmc5883lEmulator/mbed/TARGET_NUCLEO_F411RE/TOOLCHAIN_GCC_ARM\libmbed.a(serial_api.o) (pinmap_pinout)
E:\HopeProject\minecraft\hmc5883lEmulator/mbed/TARGET_NUCLEO_F411RE/TOOLCHAIN_GCC_ARM\libmbed.a(rtc_time.o)
                              ..\obj\main.o (clock)
E:\HopeProject\minecraft\hmc5883lEmulator/mbed/TARGET_NUCLEO_F411RE/TOOLCHAIN_GCC_ARM\libmbed.a(us_ticker_api.o)
                              E:\HopeProject\minecraft\hmc5883lEmulator/mbed/TARGET_NUCLEO_F411RE/TOOLCHAIN_GCC_ARM/hal_tick.o (us_ticker_irq_handler)
E:\HopeProject\minecraft\hmc5883lEmulator/mbed/TARGET_NUCLEO_F411RE/TOOLCHAIN_GCC_ARM\libmbed.a(wait_api.o)
                              ..\obj\TestcIMUOdometry.o (wait_us)
E:\HopeProject\minecraft\hmc5883lEmulator/mbed/TARGET_NUCLEO_F411RE/TOOLCHAIN_GCC_ARM\libmbed.a(PeripheralPins.o)
                              E:\HopeProject\minecraft\hmc5883lEmulator/mbed/TARGET_NUCLEO_F411RE/TOOLCHAIN_GCC_ARM\libmbed.a(serial_api.o) (PinMap_UART_RX)
E:\HopeProject\minecraft\hmc5883lEmulator/mbed/TARGET_NUCLEO_F411RE/TOOLCHAIN_GCC_ARM\libmbed.a(gpio_api.o)
                              E:\HopeProject\minecraft\hmc5883lEmulator/mbed/TARGET_NUCLEO_F411RE/TOOLCHAIN_GCC_ARM\libmbed.a(gpio.o) (gpio_init)
E:\HopeProject\minecraft\hmc5883lEmulator/mbed/TARGET_NUCLEO_F411RE/TOOLCHAIN_GCC_ARM\libmbed.a(pinmap.o)
                              E:\HopeProject\minecraft\hmc5883lEmulator/mbed/TARGET_NUCLEO_F411RE/TOOLCHAIN_GCC_ARM\libmbed.a(gpio_api.o) (Set_GPIO_Clock)
E:\HopeProject\minecraft\hmc5883lEmulator/mbed/TARGET_NUCLEO_F411RE/TOOLCHAIN_GCC_ARM\libmbed.a(rtc_api.o)
                              E:\HopeProject\minecraft\hmc5883lEmulator/mbed/TARGET_NUCLEO_F411RE/TOOLCHAIN_GCC_ARM\libmbed.a(rtc_time.o) (rtc_init)
E:\HopeProject\minecraft\hmc5883lEmulator/mbed/TARGET_NUCLEO_F411RE/TOOLCHAIN_GCC_ARM\libmbed.a(FileBase.o)
                              E:\HopeProject\minecraft\hmc5883lEmulator/mbed/TARGET_NUCLEO_F411RE/TOOLCHAIN_GCC_ARM\libmbed.a(FileSystemLike.o) (mbed::FileBase::~FileBase())
E:\HopeProject\minecraft\hmc5883lEmulator/mbed/TARGET_NUCLEO_F411RE/TOOLCHAIN_GCC_ARM\libmbed.a(ticker_api.o)
                              E:\HopeProject\minecraft\hmc5883lEmulator/mbed/TARGET_NUCLEO_F411RE/TOOLCHAIN_GCC_ARM\libmbed.a(us_ticker_api.o) (ticker_irq_handler)
c:/program files (x86)/gnu tools arm embedded/4.9 2015q3/bin/../lib/gcc/arm-none-eabi/4.9.3/../../../../arm-none-eabi/lib/armv7e-m/softfp\libstdc++_nano.a(del_opv.o)
[...]
Memory Configuration

Name             Origin             Length             Attributes
FLASH            0x08000000         0x00080000         xr
RAM              0x20000198         0x0001fe68         xrw
*default*        0x00000000         0xffffffff

Linker script and memory map

LOAD c:/program files (x86)/gnu tools arm embedded/4.9 2015q3/bin/../lib/gcc/arm-none-eabi/4.9.3/armv7e-m/softfp/crti.o
LOAD c:/program files (x86)/gnu tools arm embedded/4.9 2015q3/bin/../lib/gcc/arm-none-eabi/4.9.3/armv7e-m/softfp/crtbegin.o
LOAD c:/program files (x86)/gnu tools arm embedded/4.9 2015q3/bin/../lib/gcc/arm-none-eabi/4.9.3/../../../../arm-none-eabi/lib/armv7e-m/softfp/crt0.o
LOAD E:\HopeProject\minecraft\hmc5883lEmulator/mbed/TARGET_NUCLEO_F411RE/TOOLCHAIN_GCC_ARM/board.o
LOAD E:\HopeProject\minecraft\hmc5883lEmulator/mbed/TARGET_NUCLEO_F411RE/TOOLCHAIN_GCC_ARM/cmsis_nvic.o
LOAD E:\HopeProject\minecraft\hmc5883lEmulator/mbed/TARGET_NUCLEO_F411RE/TOOLCHAIN_GCC_ARM/hal_tick.o
LOAD E:\HopeProject\minecraft\hmc5883lEmulator/mbed/TARGET_NUCLEO_F411RE/TOOLCHAIN_GCC_ARM/mbed_overrides.o
LOAD E:\HopeProject\minecraft\hmc5883lEmulator/mbed/TARGET_NUCLEO_F411RE/TOOLCHAIN_GCC_ARM/retarget.o
LOAD E:\HopeProject\minecraft\hmc5883lEmulator/mbed/TARGET_NUCLEO_F411RE/TOOLCHAIN_GCC_ARM/startup_stm32f411xe.o
LOAD E:\HopeProject\minecraft\hmc5883lEmulator/mbed/TARGET_NUCLEO_F411RE/TOOLCHAIN_GCC_ARM/system_stm32f4xx.o

.text           0x08000000     0x84a8
 *(.isr_vector)
 .isr_vector    0x08000000      0x198 E:\HopeProject\minecraft\hmc5883lEmulator/mbed/TARGET_NUCLEO_F411RE/TOOLCHAIN_GCC_ARM/startup_stm32f411xe.o
                0x08000000                g_pfnVectors
 *(.text*)
 .text          0x08000198       0x5c c:/program files (x86)/gnu tools arm embedded/4.9 2015q3/bin/../lib/gcc/arm-none-eabi/4.9.3/armv7e-m/softfp/crtbegin.o
 .text          0x080001f4       0x74 c:/program files (x86)/gnu tools arm embedded/4.9 2015q3/bin/../lib/gcc/arm-none-eabi/4.9.3/../../../../arm-none-eabi/lib/armv7e-m/softfp/crt0.o
                0x080001f4                _start
                0x080001f4                _mainCRTStartup
 .text.mbed_die
                0x08000268       0x5c E:\HopeProject\minecraft\hmc5883lEmulator/mbed/TARGET_NUCLEO_F411RE/TOOLCHAIN_GCC_ARM/board.o
                0x08000268                mbed_die
 .text.NVIC_SetVector
                0x080002c4       0x48 E:\HopeProject\minecraft\hmc5883lEmulator/mbed/TARGET_NUCLEO_F411RE/TOOLCHAIN_GCC_ARM/cmsis_nvic.o
                0x080002c4                NVIC_SetVector
 .text.timer_irq_handler
                0x0800030c       0x48 E:\HopeProject\minecraft\hmc5883lEmulator/mbed/TARGET_NUCLEO_F411RE/TOOLCHAIN_GCC_ARM/hal_tick.o
                0x0800030c                timer_irq_handler
 .text.HAL_InitTick
                0x08000354       0xb4 E:\HopeProject\minecraft\hmc5883lEmulator/mbed/TARGET_NUCLEO_F411RE/TOOLCHAIN_GCC_ARM/hal_tick.o
                0x08000354                HAL_InitTick
 .text.mbed_sdk_init
                0x08000408       0x10 E:\HopeProject\minecraft\hmc5883lEmulator/mbed/TARGET_NUCLEO_F411RE/TOOLCHAIN_GCC_ARM/mbed_overrides.o
                0x08000408                mbed_sdk_init
 .text._ZL11init_serialv.part.0
                0x08000418       0x10 E:\HopeProject\minecraft\hmc5883lEmulator/mbed/TARGET_NUCLEO_F411RE/TOOLCHAIN_GCC_ARM/retarget.o
 .text._close   0x08000428       0x28 E:\HopeProject\minecraft\hmc5883lEmulator/mbed/TARGET_NUCLEO_F411RE/TOOLCHAIN_GCC_ARM/retarget.o
                0x08000428                _close
 .text._write   0x08000450       0x4c E:\HopeProject\minecraft\hmc5883lEmulator/mbed/TARGET_NUCLEO_F411RE/TOOLCHAIN_GCC_ARM/retarget.o
                0x08000450                _write
 .text._read    0x0800049c       0x44 E:\HopeProject\minecraft\hmc5883lEmulator/mbed/TARGET_NUCLEO_F411RE/TOOLCHAIN_GCC_ARM/retarget.o
                0x0800049c                _read
 .text._isatty  0x080004e0       0x24 E:\HopeProject\minecraft\hmc5883lEmulator/mbed/TARGET_NUCLEO_F411RE/TOOLCHAIN_GCC_ARM/retarget.o
                0x080004e0                _isatty
 .text._lseek   0x08000504       0x24 E:\HopeProject\minecraft\hmc5883lEmulator/mbed/TARGET_NUCLEO_F411RE/TOOLCHAIN_GCC_ARM/retarget.o
                0x08000504                _lseek
 .text._fstat   0x08000528       0x20 E:\HopeProject\minecraft\hmc5883lEmulator/mbed/TARGET_NUCLEO_F411RE/TOOLCHAIN_GCC_ARM/retarget.o
                0x08000528                _fstat
 .text.mbed_main
                0x08000548        0x4 E:\HopeProject\minecraft\hmc5883lEmulator/mbed/TARGET_NUCLEO_F411RE/TOOLCHAIN_GCC_ARM/retarget.o
                0x08000548                mbed_main
 .text.__wrap_main
                0x0800054c       0x14 E:\HopeProject\minecraft\hmc5883lEmulator/mbed/TARGET_NUCLEO_F411RE/TOOLCHAIN_GCC_ARM/retarget.o
                0x0800054c                __wrap_main
 .text._sbrk    0x08000560       0x28 E:\HopeProject\minecraft\hmc5883lEmulator/mbed/TARGET_NUCLEO_F411RE/TOOLCHAIN_GCC_ARM/retarget.o
                0x08000560                _sbrk
 .text._exit    0x08000588       0x24 E:\HopeProject\minecraft\hmc5883lEmulator/mbed/TARGET_NUCLEO_F411RE/TOOLCHAIN_GCC_ARM/retarget.o
                0x08000588                _exit
 .text.Reset_Handler
                0x080005ac       0x4c E:\HopeProject\minecraft\hmc5883lEmulator/mbed/TARGET_NUCLEO_F411RE/TOOLCHAIN_GCC_ARM/startup_stm32f411xe.o
                0x080005ac                Reset_Handler
 .text.Default_Handler
                0x080005f8        0x2 E:\HopeProject\minecraft\hmc5883lEmulator/mbed/TARGET_NUCLEO_F411RE/TOOLCHAIN_GCC_ARM/startup_stm32f411xe.o
                0x080005f8                RTC_Alarm_IRQHandler
                0x080005f8                EXTI2_IRQHandler
                0x080005f8                DebugMon_Handler
                0x080005f8                SPI4_IRQHandler
                0x080005f8                TIM1_CC_IRQHandler
                0x080005f8                DMA2_Stream5_IRQHandler
                0x080005f8                HardFault_Handler
                0x080005f8                DMA1_Stream5_IRQHandler
                0x080005f8                SysTick_Handler
                0x080005f8                PVD_IRQHandler
                0x080005f8                SDIO_IRQHandler
                0x080005f8                TAMP_STAMP_IRQHandler
                0x080005f8                PendSV_Handler
                0x080005f8                NMI_Handler
                0x080005f8                EXTI3_IRQHandler
                0x080005f8                TIM1_UP_TIM10_IRQHandler
                0x080005f8                I2C3_ER_IRQHandler
                0x080005f8                EXTI0_IRQHandler
                0x080005f8                I2C2_EV_IRQHandler
                0x080005f8                DMA1_Stream2_IRQHandler
                0x080005f8                FPU_IRQHandler
                0x080005f8                UsageFault_Handler
                0x080005f8                DMA2_Stream2_IRQHandler
                0x080005f8                SPI1_IRQHandler
                0x080005f8                TIM1_BRK_TIM9_IRQHandler
                0x080005f8                DMA2_Stream3_IRQHandler
                0x080005f8                USART6_IRQHandler
                0x080005f8                DMA2_Stream0_IRQHandler
                0x080005f8                TIM4_IRQHandler
                0x080005f8                DMA1_Stream6_IRQHandler
                0x080005f8                DMA1_Stream1_IRQHandler
                0x080005f8                TIM3_IRQHandler
                0x080005f8                RCC_IRQHandler
                0x080005f8                Default_Handler
                0x080005f8                EXTI15_10_IRQHandler
                0x080005f8                ADC_IRQHandler
                0x080005f8                DMA1_Stream7_IRQHandler
                0x080005f8                SPI5_IRQHandler
                0x080005f8                TIM5_IRQHandler
                0x080005f8                DMA2_Stream7_IRQHandler
                0x080005f8                I2C3_EV_IRQHandler
                0x080005f8                EXTI9_5_IRQHandler
                0x080005f8                RTC_WKUP_IRQHandler
                0x080005f8                SPI2_IRQHandler
                0x080005f8                MemManage_Handler
                0x080005f8                DMA1_Stream0_IRQHandler
                0x080005f8                SVC_Handler
                0x080005f8                EXTI4_IRQHandler
                0x080005f8                WWDG_IRQHandler
                0x080005f8                TIM2_IRQHandler
                0x080005f8                OTG_FS_WKUP_IRQHandler
                0x080005f8                TIM1_TRG_COM_TIM11_IRQHandler
                0x080005f8                EXTI1_IRQHandler
                0x080005f8                USART2_IRQHandler
                0x080005f8                I2C2_ER_IRQHandler
                0x080005f8                DMA2_Stream1_IRQHandler
                0x080005f8                FLASH_IRQHandler
                0x080005f8                DMA2_Stream4_IRQHandler
                0x080005f8                BusFault_Handler
                0x080005f8                USART1_IRQHandler
                0x080005f8                OTG_FS_IRQHandler
                0x080005f8                SPI3_IRQHandler
                0x080005f8                DMA1_Stream4_IRQHandler
                0x080005f8                DMA2_Stream6_IRQHandler
                0x080005f8                DMA1_Stream3_IRQHandler
 *fill*         0x080005fa        0x2 
 .text.SystemCoreClockUpdate
                0x080005fc       0x78 E:\HopeProject\minecraft\hmc5883lEmulator/mbed/TARGET_NUCLEO_F411RE/TOOLCHAIN_GCC_ARM/system_stm32f4xx.o
                0x080005fc                SystemCoreClockUpdate
 .text.SetSysClock_PLL_HSE
                0x08000674       0x8c E:\HopeProject\minecraft\hmc5883lEmulator/mbed/TARGET_NUCLEO_F411RE/TOOLCHAIN_GCC_ARM/system_stm32f4xx.o
                0x08000674                SetSysClock_PLL_HSE
 .text.SetSysClock_PLL_HSI
                0x08000700       0x94 E:\HopeProject\minecraft\hmc5883lEmulator/mbed/TARGET_NUCLEO_F411RE/TOOLCHAIN_GCC_ARM/system_stm32f4xx.o
                0x08000700                SetSysClock_PLL_HSI
 .text.SetSysClock
                0x08000794       0x20 E:\HopeProject\minecraft\hmc5883lEmulator/mbed/TARGET_NUCLEO_F411RE/TOOLCHAIN_GCC_ARM/system_stm32f4xx.o
                0x08000794                SetSysClock
 .text.SystemInit
                0x080007b4       0x74 E:\HopeProject\minecraft\hmc5883lEmulator/mbed/TARGET_NUCLEO_F411RE/TOOLCHAIN_GCC_ARM/system_stm32f4xx.o
                0x080007b4                SystemInit
 .text._ZN4mbed10SerialBaseD2Ev
                0x08000828       0x28 ..\obj\BufferedSerial.o
                0x08000828                mbed::SerialBase::~SerialBase()
                0x08000828                mbed::SerialBase::~SerialBase()
 .text._ZN4mbed10SerialBaseD0Ev
                0x08000850       0x20 ..\obj\BufferedSerial.o
                0x08000850                mbed::SerialBase::~SerialBase()
 .text._ZN4mbed9RawSerialD2Ev
                0x08000870       0x30 ..\obj\BufferedSerial.o
                0x08000870                mbed::RawSerial::~RawSerial()
                0x08000870                mbed::RawSerial::~RawSerial()
 .text._ZN4mbed9RawSerialD0Ev
                0x080008a0       0x20 ..\obj\BufferedSerial.o
                0x080008a0                mbed::RawSerial::~RawSerial()
 .text._ZN14BufferedSerialC2E7PinNameS0_mmPKc
                0x080008c0       0x8c ..\obj\BufferedSerial.o
                0x080008c0                BufferedSerial::BufferedSerial(PinName, PinName, unsigned long, unsigned long, char const*)
                0x080008c0                BufferedSerial::BufferedSerial(PinName, PinName, unsigned long, unsigned long, char const*)
 .text._ZN14BufferedSerialD2Ev
                0x0800094c       0x60 ..\obj\BufferedSerial.o
                0x0800094c                BufferedSerial::~BufferedSerial()
                0x0800094c                BufferedSerial::~BufferedSerial()
 .text._ZN14BufferedSerialD0Ev
                0x080009ac       0x20 ..\obj\BufferedSerial.o
                0x080009ac                BufferedSerial::~BufferedSerial()
 .text._ZN14BufferedSerial8readableEv
                0x080009cc       0x1c ..\obj\BufferedSerial.o
                0x080009cc                BufferedSerial::readable()
 .text._ZN14BufferedSerial9writeableEv
                0x080009e8       0x18 ..\obj\BufferedSerial.o
                0x080009e8                BufferedSerial::writeable()
 .text._ZN14BufferedSerial4getcEv
                0x08000a00       0x1c ..\obj\BufferedSerial.o
                0x08000a00                BufferedSerial::getc()
 .text._ZN14BufferedSerial4putcEi
                0x08000a1c       0x2c ..\obj\BufferedSerial.o
                0x08000a1c                BufferedSerial::putc(int)
 .text._ZN14BufferedSerial4putsEPKc
                0x08000a48       0x5c ..\obj\BufferedSerial.o
                0x08000a48                BufferedSerial::puts(char const*)
 .text._ZN14BufferedSerial6printfEPKcz
                0x08000aa4       0xc8 ..\obj\BufferedSerial.o
                0x08000aa4                BufferedSerial::printf(char const*, ...)
 .text._ZN14BufferedSerial5writeEPKvj
                0x08000b6c       0x5c ..\obj\BufferedSerial.o
                0x08000b6c                BufferedSerial::write(void const*, unsigned int)
 .text._ZN14BufferedSerial5rxIrqEv
                0x08000bc8       0x48 ..\obj\BufferedSerial.o
                0x08000bc8                BufferedSerial::rxIrq()
 .text._ZN14BufferedSerial5txIrqEv
                0x08000c10       0x70 ..\obj\BufferedSerial.o
                0x08000c10                BufferedSerial::txIrq()
 .text._ZN14BufferedSerial5primeEv
                0x08000c80       0x5c ..\obj\BufferedSerial.o
                0x08000c80                BufferedSerial::prime()
 .text._ZN4mbed10SerialBase6attachI14BufferedSerialEEvPT_MS3_FvvENS0_7IrqTypeE
                0x08000cdc       0x6c ..\obj\BufferedSerial.o
                0x08000cdc                void mbed::SerialBase::attach<BufferedSerial>(BufferedSerial*, void (BufferedSerial::*)(), mbed::SerialBase::IrqType)
 .text._ZN8MyBufferIcE9availableEv
                0x08000d48       0x28 ..\obj\BufferedSerial.o
                0x08000d48                MyBuffer<char>::available()
 .text._ZN8MyBufferIcEcviEv
                0x08000d70       0x18 ..\obj\BufferedSerial.o
                0x08000d70                MyBuffer<char>::operator int()
 .text._ZN8MyBufferIcEaSEc
                0x08000d88       0x20 ..\obj\BufferedSerial.o
                0x08000d88                MyBuffer<char>::operator=(char)
 .text._ZN8MyBufferIcE3getEv
                0x08000da8       0x44 ..\obj\BufferedSerial.o
                0x08000da8                MyBuffer<char>::get()
 .text._ZN4mbed19FunctionPointerArg1IvvE6attachI14BufferedSerialEEvPT_MS4_FvvE
                0x08000dec       0x3c ..\obj\BufferedSerial.o
                0x08000dec                void mbed::FunctionPointerArg1<void, void>::attach<BufferedSerial>(BufferedSerial*, void (BufferedSerial::*)())
 .text._ZN8MyBufferIcE3putEc
                0x08000e28       0x44 ..\obj\BufferedSerial.o
                0x08000e28                MyBuffer<char>::put(char)
 .text._ZN4mbed19FunctionPointerArg1IvvE12membercallerI14BufferedSerialEEvPvPj
                0x08000e6c       0x50 ..\obj\BufferedSerial.o
                0x08000e6c                void mbed::FunctionPointerArg1<void, void>::membercaller<BufferedSerial>(void*, unsigned int*)
 .text.HAL_I2C_Init
                0x08000ebc      0x1c0 ..\obj\stm32f4xx_hal_i2c.o
                0x08000ebc                HAL_I2C_Init
 .text.HAL_I2C_MspInit
                0x0800107c       0x14 ..\obj\stm32f4xx_hal_i2c.o
                0x0800107c                HAL_I2C_MspInit
 .text.HAL_UART_Init
                0x08001090       0x9c ..\obj\stm32f4xx_hal_uart.o
                0x08001090                HAL_UART_Init
 .text.HAL_UART_MspInit
                0x0800112c       0x14 ..\obj\stm32f4xx_hal_uart.o
                0x0800112c                HAL_UART_MspInit
 .text.UART_SetConfig
                0x08001140      0x434 ..\obj\stm32f4xx_hal_uart.o
 .text.HAL_TIM_OC_Init
                0x08001574       0x58 ..\obj\stm32f4xx_hal_tim.o
                0x08001574                HAL_TIM_OC_Init
 .text.HAL_TIM_OC_MspInit
                0x080015cc       0x14 ..\obj\stm32f4xx_hal_tim.o
                0x080015cc                HAL_TIM_OC_MspInit
 .text.HAL_TIM_OC_Start
                0x080015e0       0x50 ..\obj\stm32f4xx_hal_tim.o
                0x080015e0                HAL_TIM_OC_Start
 .text.TIM_Base_SetConfig
                0x08001630      0x108 ..\obj\stm32f4xx_hal_tim.o
                0x08001630                TIM_Base_SetConfig
 .text.TIM_CCxChannelCmd
                0x08001738       0x44 ..\obj\stm32f4xx_hal_tim.o
                0x08001738                TIM_CCxChannelCmd
 .text.ClearFrameMsgStringBuff
                0x0800177c       0x28 ..\obj\cFrameMsgGetter.o
                0x0800177c                ClearFrameMsgStringBuff
 .text.FrameMsgGetterInitialize
                0x080017a4       0x38 ..\obj\cFrameMsgGetter.o
                0x080017a4                FrameMsgGetterInitialize
 .text.FrameMsgGetter2
                0x080017dc       0x9c ..\obj\cFrameMsgGetter.o
                0x080017dc                FrameMsgGetter2
 .text.my_assert_failed
                0x08001878       0x24 ..\obj\cAssert.o
                0x08001878                my_assert_failed
 .text.DebugLogHandle
                0x0800189c       0x18 ..\obj\cAssert.o
                0x0800189c                DebugLogHandle
 .text.ConvertStringToLowerCase
                0x080018b4       0x60 ..\obj\generalUtility.o
                0x080018b4                ConvertStringToLowerCase
 .text.greatest_name_match
                0x08001914       0x60 ..\obj\main.o
 .text.greatest_pre_test
                0x08001974       0xa8 ..\obj\main.o
                0x08001974                greatest_pre_test
 .text.greatest_post_test
                0x08001a1c      0x140 ..\obj\main.o
                0x08001a1c                greatest_post_test
 .text.report_suite
                0x08001b5c       0xbc ..\obj\main.o
 .text.update_counts_and_reset_suite
                0x08001c18       0x70 ..\obj\main.o
 .text.greatest_run_suite
                0x08001c88       0xd4 ..\obj\main.o
 .text.greatest_do_pass
                0x08001d5c       0x60 ..\obj\main.o
                0x08001d5c                greatest_do_pass
 .text.greatest_do_fail
                0x08001dbc       0xcc ..\obj\main.o
                0x08001dbc                greatest_do_fail
 .text.greatest_do_skip
                0x08001e88       0x60 ..\obj\main.o
                0x08001e88                greatest_do_skip
 .text.greatest_usage
                0x08001ee8       0x28 ..\obj\main.o
                0x08001ee8                greatest_usage
 .text.greatest_parse_args
                0x08001f10      0x1d8 ..\obj\main.o
 .text.greatest_all_passed
                0x080020e8       0x20 ..\obj\main.o
                0x080020e8                greatest_all_passed
 .text.main     0x08002108      0x1a8 ..\obj\main.o
                0x08002108                main
 .text._Z41__static_initialization_and_destruction_0ii
                0x080022b0       0x70 ..\obj\main.o
 .text._GLOBAL__sub_I_I2CxHandle
                0x08002320       0x10 ..\obj\main.o
 .text.HandlePointerBoundary
                0x08002330       0x48 ..\obj\stm32f4xx_it.o
                0x08002330                HandlePointerBoundary
 .text.I2CEVIRQ
                0x08002378      0x1f4 ..\obj\stm32f4xx_it.o
                0x08002378                I2CEVIRQ
 .text.I2C1_EV_IRQHandler
                0x0800256c        0xc ..\obj\stm32f4xx_it.o
                0x0800256c                I2C1_EV_IRQHandler
 .text.I2CErr_IRQ
                0x08002578       0x84 ..\obj\stm32f4xx_it.o
                0x08002578                I2CErr_IRQ
 .text.I2C1_ER_IRQHandler
                0x080025fc        0xc ..\obj\stm32f4xx_it.o
                0x080025fc                I2C1_ER_IRQHandler
 .text.HAL_Init
                0x08002608       0x44 ..\obj\stm32f4xx_hal.o
                0x08002608                HAL_Init
 .text.HAL_IncTick
                0x0800264c       0x1c ..\obj\stm32f4xx_hal.o
                0x0800264c                HAL_IncTick
 .text.HAL_GetTick
                0x08002668       0x18 ..\obj\stm32f4xx_hal.o
                0x08002668                HAL_GetTick
 .text.HAL_RCC_OscConfig
                0x08002680      0x424 ..\obj\stm32f4xx_hal_rcc.o
                0x08002680                HAL_RCC_OscConfig
 .text.HAL_RCC_ClockConfig
                0x08002aa4      0x228 ..\obj\stm32f4xx_hal_rcc.o
                0x08002aa4                HAL_RCC_ClockConfig
 .text.HAL_RCC_GetSysClockFreq
                0x08002ccc       0xfc ..\obj\stm32f4xx_hal_rcc.o
                0x08002ccc                HAL_RCC_GetSysClockFreq
 .text.HAL_RCC_GetHCLKFreq
                0x08002dc8       0x18 ..\obj\stm32f4xx_hal_rcc.o
                0x08002dc8                HAL_RCC_GetHCLKFreq
 .text.HAL_RCC_GetPCLK1Freq
                0x08002de0       0x44 ..\obj\stm32f4xx_hal_rcc.o
                0x08002de0                HAL_RCC_GetPCLK1Freq
 .text.HAL_RCC_GetPCLK2Freq
                0x08002e24       0x44 ..\obj\stm32f4xx_hal_rcc.o
                0x08002e24                HAL_RCC_GetPCLK2Freq
 .text.NVIC_SetPriorityGrouping
                0x08002e68       0x48 ..\obj\stm32f4xx_hal_cortex.o
 .text.NVIC_GetPriorityGrouping
                0x08002eb0       0x1c ..\obj\stm32f4xx_hal_cortex.o
 .text.NVIC_EnableIRQ
                0x08002ecc       0x30 ..\obj\stm32f4xx_hal_cortex.o
 .text.NVIC_SetPriority
                0x08002efc       0x54 ..\obj\stm32f4xx_hal_cortex.o
 .text.NVIC_EncodePriority
                0x08002f50       0x64 ..\obj\stm32f4xx_hal_cortex.o
 .text.HAL_NVIC_SetPriorityGrouping
                0x08002fb4       0x14 ..\obj\stm32f4xx_hal_cortex.o
                0x08002fb4                HAL_NVIC_SetPriorityGrouping
 .text.HAL_NVIC_SetPriority
                0x08002fc8       0x38 ..\obj\stm32f4xx_hal_cortex.o
                0x08002fc8                HAL_NVIC_SetPriority
 .text.HAL_NVIC_EnableIRQ
                0x08003000       0x1c ..\obj\stm32f4xx_hal_cortex.o
                0x08003000                HAL_NVIC_EnableIRQ
 .text.i2c1Config
                0x0800301c      0x164 ..\obj\I2CSlave1.o
                0x0800301c                i2c1Config
 .text._ZN8MyBufferIcEC2Em
                0x08003180       0x30 ..\obj\MyBuffer.o
                0x08003180                MyBuffer<char>::MyBuffer(unsigned long)
                0x08003180                MyBuffer<char>::MyBuffer(unsigned long)
 .text._ZN8MyBufferIcED2Ev
                0x080031b0       0x28 ..\obj\MyBuffer.o
                0x080031b0                MyBuffer<char>::~MyBuffer()
                0x080031b0                MyBuffer<char>::~MyBuffer()
 .text._ZN8MyBufferIcE5clearEv
                0x080031d8       0x30 ..\obj\MyBuffer.o
                0x080031d8                MyBuffer<char>::clear()
 .text.HAL_GPIO_Init
                0x08003208      0x2fc ..\obj\stm32f4xx_hal_gpio.o
                0x08003208                HAL_GPIO_Init
 .text._ZSt6strstrPcPKc
                0x08003504       0x1c ..\obj\cRBTRS232ProtocolWrapper.o
                0x08003504                std::strstr(char*, char const*)
 .text._Z33WaitAck_cRBTRS232ProtocolWrapper1PallPl
                0x08003520      0x1b8 ..\obj\cRBTRS232ProtocolWrapper.o
                0x08003520                WaitAck_cRBTRS232ProtocolWrapper1(signed char*, long, long, long*)
 .text.HAL_MspInit
                0x080036d8        0xc ..\obj\stm32f4xx_hal_msp_template.o
                0x080036d8                HAL_MspInit
 .text._Z22Setup_TestcIMUOdometryPv
                0x080036e4       0xb0 ..\obj\TestcIMUOdometry.o
                0x080036e4                Setup_TestcIMUOdometry(void*)
 .text._Z21DebugLog_cIMUOdometryP14_cIMUOdometry_
                0x08003794      0x168 ..\obj\TestcIMUOdometry.o
                0x08003794                DebugLog_cIMUOdometry(_cIMUOdometry_*)
 .text._ZL36TestConvertCounterToXYZ_cIMUOdometryv
                0x080038fc       0x58 ..\obj\TestcIMUOdometry.o
 .text._Z21TestSuitecIMUOdometryv
                0x08003954       0x80 ..\obj\TestcIMUOdometry.o
                0x08003954                TestSuitecIMUOdometry()
 .text._Z25ConvertCounterToArcLengthfff
                0x080039d4       0x30 ..\obj\cIMUOdometry.o
                0x080039d4                ConvertCounterToArcLength(float, float, float)
 *fill*         0x08003a04        0x4 
 .text._Z32ConvertCounterToXYZ_cIMUOdometryP14_cIMUOdometry_fff
                0x08003a08       0xd4 ..\obj\cIMUOdometry.o
                0x08003a08                ConvertCounterToXYZ_cIMUOdometry(_cIMUOdometry_*, float, float, float)
 .text._Z28HandleRBTSerial_cIMUOdometryP14_cIMUOdometry_
                0x08003adc       0x78 ..\obj\cIMUOdometry.o
                0x08003adc                HandleRBTSerial_cIMUOdometry(_cIMUOdometry_*)
 .text._Z27UpdateOdometry_cIMUOdometryP14_cIMUOdometry_
                0x08003b54      0x114 ..\obj\cIMUOdometry.o
                0x08003b54                UpdateOdometry_cIMUOdometry(_cIMUOdometry_*)
 .text._Z17Loop_cIMUOdometryP14_cIMUOdometry_
                0x08003c68       0x1c ..\obj\cIMUOdometry.o
                0x08003c68                Loop_cIMUOdometry(_cIMUOdometry_*)
 .text.uart_irq
                0x08003c84       0x64 E:\HopeProject\minecraft\hmc5883lEmulator/mbed/TARGET_NUCLEO_F411RE/TOOLCHAIN_GCC_ARM\libmbed.a(serial_api.o)
 .text.uart1_irq
                0x08003ce8        0x8 E:\HopeProject\minecraft\hmc5883lEmulator/mbed/TARGET_NUCLEO_F411RE/TOOLCHAIN_GCC_ARM\libmbed.a(serial_api.o)
 .text.uart2_irq
                0x08003cf0        0x8 E:\HopeProject\minecraft\hmc5883lEmulator/mbed/TARGET_NUCLEO_F411RE/TOOLCHAIN_GCC_ARM\libmbed.a(serial_api.o)
 .text.uart6_irq
                0x08003cf8        0x8 E:\HopeProject\minecraft\hmc5883lEmulator/mbed/TARGET_NUCLEO_F411RE/TOOLCHAIN_GCC_ARM\libmbed.a(serial_api.o)
 .text.serial_init
                0x08003d00      0x1b0 E:\HopeProject\minecraft\hmc5883lEmulator/mbed/TARGET_NUCLEO_F411RE/TOOLCHAIN_GCC_ARM\libmbed.a(serial_api.o)
                0x08003d00                serial_init
 .text.serial_baud
                0x08003eb0       0x2c E:\HopeProject\minecraft\hmc5883lEmulator/mbed/TARGET_NUCLEO_F411RE/TOOLCHAIN_GCC_ARM\libmbed.a(serial_api.o)
                0x08003eb0                serial_baud
 .text.serial_irq_handler
                0x08003edc       0x1c E:\HopeProject\minecraft\hmc5883lEmulator/mbed/TARGET_NUCLEO_F411RE/TOOLCHAIN_GCC_ARM\libmbed.a(serial_api.o)
                0x08003edc                serial_irq_handler
 .text.serial_irq_set
                0x08003ef8       0xb4 E:\HopeProject\minecraft\hmc5883lEmulator/mbed/TARGET_NUCLEO_F411RE/TOOLCHAIN_GCC_ARM\libmbed.a(serial_api.o)
                0x08003ef8                serial_irq_set
 .text.serial_getc
                0x08003fac       0x1c E:\HopeProject\minecraft\hmc5883lEmulator/mbed/TARGET_NUCLEO_F411RE/TOOLCHAIN_GCC_ARM\libmbed.a(serial_api.o)
                0x08003fac                serial_getc
 .text.serial_putc
                0x08003fc8       0x1c E:\HopeProject\minecraft\hmc5883lEmulator/mbed/TARGET_NUCLEO_F411RE/TOOLCHAIN_GCC_ARM\libmbed.a(serial_api.o)
                0x08003fc8                serial_putc
 .text.serial_readable
                0x08003fe4       0x14 E:\HopeProject\minecraft\hmc5883lEmulator/mbed/TARGET_NUCLEO_F411RE/TOOLCHAIN_GCC_ARM\libmbed.a(serial_api.o)
                0x08003fe4                serial_readable
 .text.serial_writable
                0x08003ff8       0x14 E:\HopeProject\minecraft\hmc5883lEmulator/mbed/TARGET_NUCLEO_F411RE/TOOLCHAIN_GCC_ARM\libmbed.a(serial_api.o)
                0x08003ff8                serial_writable
 .text.us_ticker_init
                0x0800400c       0x24 E:\HopeProject\minecraft\hmc5883lEmulator/mbed/TARGET_NUCLEO_F411RE/TOOLCHAIN_GCC_ARM\libmbed.a(us_ticker.o)
                0x0800400c                us_ticker_init
 .text.us_ticker_read
                0x08004030       0x28 E:\HopeProject\minecraft\hmc5883lEmulator/mbed/TARGET_NUCLEO_F411RE/TOOLCHAIN_GCC_ARM\libmbed.a(us_ticker.o)
                0x08004030                us_ticker_read
 .text.us_ticker_set_interrupt
                0x08004058       0x14 E:\HopeProject\minecraft\hmc5883lEmulator/mbed/TARGET_NUCLEO_F411RE/TOOLCHAIN_GCC_ARM\libmbed.a(us_ticker.o)
                0x08004058                us_ticker_set_interrupt
 .text.us_ticker_disable_interrupt
                0x0800406c       0x14 E:\HopeProject\minecraft\hmc5883lEmulator/mbed/TARGET_NUCLEO_F411RE/TOOLCHAIN_GCC_ARM\libmbed.a(us_ticker.o)
                0x0800406c                us_ticker_disable_interrupt
 .text.us_ticker_clear_interrupt
                0x08004080       0x10 E:\HopeProject\minecraft\hmc5883lEmulator/mbed/TARGET_NUCLEO_F411RE/TOOLCHAIN_GCC_ARM\libmbed.a(us_ticker.o)
                0x08004080                us_ticker_clear_interrupt
 .text._ZN4mbed9RawSerialC2E7PinNameS1_
                0x08004090       0x14 E:\HopeProject\minecraft\hmc5883lEmulator/mbed/TARGET_NUCLEO_F411RE/TOOLCHAIN_GCC_ARM\libmbed.a(RawSerial.o)
                0x08004090                mbed::RawSerial::RawSerial(PinName, PinName)
                0x08004090                mbed::RawSerial::RawSerial(PinName, PinName)
 .text._ZN4mbed10SerialBase12_irq_handlerEm9SerialIrq
                0x080040a4       0x20 E:\HopeProject\minecraft\hmc5883lEmulator/mbed/TARGET_NUCLEO_F411RE/TOOLCHAIN_GCC_ARM\libmbed.a(SerialBase.o)
                0x080040a4                mbed::SerialBase::_irq_handler(unsigned long, SerialIrq)
 .text._ZN4mbed10SerialBaseC2E7PinNameS1_
                0x080040c4       0x48 E:\HopeProject\minecraft\hmc5883lEmulator/mbed/TARGET_NUCLEO_F411RE/TOOLCHAIN_GCC_ARM\libmbed.a(SerialBase.o)
                0x080040c4                mbed::SerialBase::SerialBase(PinName, PinName)
                0x080040c4                mbed::SerialBase::SerialBase(PinName, PinName)
 .text._ZN4mbed10SerialBase4baudEi
                0x0800410c       0x10 E:\HopeProject\minecraft\hmc5883lEmulator/mbed/TARGET_NUCLEO_F411RE/TOOLCHAIN_GCC_ARM\libmbed.a(SerialBase.o)
                0x0800410c                mbed::SerialBase::baud(int)
 .text._ZN4mbed10SerialBase6attachEPFvvENS0_7IrqTypeE
                0x0800411c       0x30 E:\HopeProject\minecraft\hmc5883lEmulator/mbed/TARGET_NUCLEO_F411RE/TOOLCHAIN_GCC_ARM\libmbed.a(SerialBase.o)
                0x0800411c                mbed::SerialBase::attach(void (*)(), mbed::SerialBase::IrqType)
 .text.mbed_assert_internal
                0x0800414c       0x18 E:\HopeProject\minecraft\hmc5883lEmulator/mbed/TARGET_NUCLEO_F411RE/TOOLCHAIN_GCC_ARM\libmbed.a(assert.o)
                0x0800414c                mbed_assert_internal
 .text.error    0x08004164       0x24 E:\HopeProject\minecraft\hmc5883lEmulator/mbed/TARGET_NUCLEO_F411RE/TOOLCHAIN_GCC_ARM\libmbed.a(error.o)
                0x08004164                error
 .text.gpio_init_out
                0x08004188       0x48 E:\HopeProject\minecraft\hmc5883lEmulator/mbed/TARGET_NUCLEO_F411RE/TOOLCHAIN_GCC_ARM\libmbed.a(gpio.o)
                0x08004188                gpio_init_out
 .text.pinmap_pinout
                0x080041d0       0x44 E:\HopeProject\minecraft\hmc5883lEmulator/mbed/TARGET_NUCLEO_F411RE/TOOLCHAIN_GCC_ARM\libmbed.a(pinmap_common.o)
                0x080041d0                pinmap_pinout
 .text.pinmap_merge
                0x08004214       0x24 E:\HopeProject\minecraft\hmc5883lEmulator/mbed/TARGET_NUCLEO_F411RE/TOOLCHAIN_GCC_ARM\libmbed.a(pinmap_common.o)
                0x08004214                pinmap_merge
 .text.pinmap_peripheral
                0x08004238       0x38 E:\HopeProject\minecraft\hmc5883lEmulator/mbed/TARGET_NUCLEO_F411RE/TOOLCHAIN_GCC_ARM\libmbed.a(pinmap_common.o)
                0x08004238                pinmap_peripheral
 .text.clock    0x08004270       0x14 E:\HopeProject\minecraft\hmc5883lEmulator/mbed/TARGET_NUCLEO_F411RE/TOOLCHAIN_GCC_ARM\libmbed.a(rtc_time.o)
                0x08004270                clock
 .text.us_ticker_irq_handler
                0x08004284        0xc E:\HopeProject\minecraft\hmc5883lEmulator/mbed/TARGET_NUCLEO_F411RE/TOOLCHAIN_GCC_ARM\libmbed.a(us_ticker_api.o)
                0x08004284                us_ticker_irq_handler
 .text.wait_us  0x08004290       0x18 E:\HopeProject\minecraft\hmc5883lEmulator/mbed/TARGET_NUCLEO_F411RE/TOOLCHAIN_GCC_ARM\libmbed.a(wait_api.o)
                0x08004290                wait_us
 .text.wait_ms  0x080042a8        0xc E:\HopeProject\minecraft\hmc5883lEmulator/mbed/TARGET_NUCLEO_F411RE/TOOLCHAIN_GCC_ARM\libmbed.a(wait_api.o)
                0x080042a8                wait_ms
 .text.gpio_set
                0x080042b4       0x30 E:\HopeProject\minecraft\hmc5883lEmulator/mbed/TARGET_NUCLEO_F411RE/TOOLCHAIN_GCC_ARM\libmbed.a(gpio_api.o)
                0x080042b4                gpio_set
 .text.gpio_init
                0x080042e4       0x2c E:\HopeProject\minecraft\hmc5883lEmulator/mbed/TARGET_NUCLEO_F411RE/TOOLCHAIN_GCC_ARM\libmbed.a(gpio_api.o)
                0x080042e4                gpio_init
 .text.gpio_mode
                0x08004310        0x8 E:\HopeProject\minecraft\hmc5883lEmulator/mbed/TARGET_NUCLEO_F411RE/TOOLCHAIN_GCC_ARM\libmbed.a(gpio_api.o)
                0x08004310                gpio_mode
 .text.gpio_dir
                0x08004318       0x40 E:\HopeProject\minecraft\hmc5883lEmulator/mbed/TARGET_NUCLEO_F411RE/TOOLCHAIN_GCC_ARM\libmbed.a(gpio_api.o)
                0x08004318                gpio_dir
 .text.Set_GPIO_Clock
                0x08004358       0xec E:\HopeProject\minecraft\hmc5883lEmulator/mbed/TARGET_NUCLEO_F411RE/TOOLCHAIN_GCC_ARM\libmbed.a(pinmap.o)
                0x08004358                Set_GPIO_Clock
 .text.pin_function
                0x08004444       0x5c E:\HopeProject\minecraft\hmc5883lEmulator/mbed/TARGET_NUCLEO_F411RE/TOOLCHAIN_GCC_ARM\libmbed.a(pinmap.o)
                0x08004444                pin_function
 .text.pin_mode
                0x080044a0       0x48 E:\HopeProject\minecraft\hmc5883lEmulator/mbed/TARGET_NUCLEO_F411RE/TOOLCHAIN_GCC_ARM\libmbed.a(pinmap.o)
                0x080044a0                pin_mode
 .text.ticker_irq_handler
                0x080044e8       0x4c E:\HopeProject\minecraft\hmc5883lEmulator/mbed/TARGET_NUCLEO_F411RE/TOOLCHAIN_GCC_ARM\libmbed.a(ticker_api.o)
                0x080044e8                ticker_irq_handler
 .text._ZdaPv   0x08004534        0x4 c:/program files (x86)/gnu tools arm embedded/4.9 2015q3/bin/../lib/gcc/arm-none-eabi/4.9.3/../../../../arm-none-eabi/lib/armv7e-m/softfp\libstdc++_nano.a(del_opv.o)
                0x08004534                operator delete[](void*)
 .text.__aeabi_atexit
                0x08004538        0xa c:/program files (x86)/gnu tools arm embedded/4.9 2015q3/bin/../lib/gcc/arm-none-eabi/4.9.3/../../../../arm-none-eabi/lib/armv7e-m/softfp\libstdc++_nano.a(atexit_arm.o)
                0x08004538                __aeabi_atexit
 .text._ZdlPv   0x08004542        0x4 c:/program files (x86)/gnu tools arm embedded/4.9 2015q3/bin/../lib/gcc/arm-none-eabi/4.9.3/../../../../arm-none-eabi/lib/armv7e-m/softfp\libstdc++_nano.a(del_op.o)
                0x08004542                operator delete(void*)
 .text._Znwj    0x08004546       0x22 c:/program files (x86)/gnu tools arm embedded/4.9 2015q3/bin/../lib/gcc/arm-none-eabi/4.9.3/../../../../arm-none-eabi/lib/armv7e-m/softfp\libstdc++_nano.a(new_op.o)
                0x08004546                operator new(unsigned int)
 .text._Znaj    0x08004568        0x4 c:/program files (x86)/gnu tools arm embedded/4.9 2015q3/bin/../lib/gcc/arm-none-eabi/4.9.3/../../../../arm-none-eabi/lib/armv7e-m/softfp\libstdc++_nano.a(new_opv.o)
                0x08004568                operator new[](unsigned int)
 .text._ZSt15get_new_handlerv
                0x0800456c       0x10 c:/program files (x86)/gnu tools arm embedded/4.9 2015q3/bin/../lib/gcc/arm-none-eabi/4.9.3/../../../../arm-none-eabi/lib/armv7e-m/softfp\libstdc++_nano.a(new_handler.o)
                0x0800456c                std::get_new_handler()
 .text.cosf     0x0800457c       0x8c c:/program files (x86)/gnu tools arm embedded/4.9 2015q3/bin/../lib/gcc/arm-none-eabi/4.9.3/../../../../arm-none-eabi/lib/armv7e-m/softfp\libm.a(lib_a-sf_cos.o)
                0x0800457c                cosf
 .text.sinf     0x08004608       0x9c c:/program files (x86)/gnu tools arm embedded/4.9 2015q3/bin/../lib/gcc/arm-none-eabi/4.9.3/../../../../arm-none-eabi/lib/armv7e-m/softfp\libm.a(lib_a-sf_sin.o)
                0x08004608                sinf
 .text.__ieee754_rem_pio2f
                0x080046a4      0x298 c:/program files (x86)/gnu tools arm embedded/4.9 2015q3/bin/../lib/gcc/arm-none-eabi/4.9.3/../../../../arm-none-eabi/lib/armv7e-m/softfp\libm.a(lib_a-ef_rem_pio2.o)
                0x080046a4                __ieee754_rem_pio2f
 .text.__kernel_cosf
                0x0800493c      0x114 c:/program files (x86)/gnu tools arm embedded/4.9 2015q3/bin/../lib/gcc/arm-none-eabi/4.9.3/../../../../arm-none-eabi/lib/armv7e-m/softfp\libm.a(lib_a-kf_cos.o)
                0x0800493c                __kernel_cosf
 .text.__kernel_rem_pio2f
                0x08004a50      0x628 c:/program files (x86)/gnu tools arm embedded/4.9 2015q3/bin/../lib/gcc/arm-none-eabi/4.9.3/../../../../arm-none-eabi/lib/armv7e-m/softfp\libm.a(lib_a-kf_rem_pio2.o)
                0x08004a50                __kernel_rem_pio2f
 .text.__kernel_sinf
                0x08005078       0x9c c:/program files (x86)/gnu tools arm embedded/4.9 2015q3/bin/../lib/gcc/arm-none-eabi/4.9.3/../../../../arm-none-eabi/lib/armv7e-m/softfp\libm.a(lib_a-kf_sin.o)
                0x08005078                __kernel_sinf
 .text.fabsf    0x08005114        0x8 c:/program files (x86)/gnu tools arm embedded/4.9 2015q3/bin/../lib/gcc/arm-none-eabi/4.9.3/../../../../arm-none-eabi/lib/armv7e-m/softfp\libm.a(lib_a-sf_fabs.o)
                0x08005114                fabsf
 .text.floorf   0x0800511c       0xb4 c:/program files (x86)/gnu tools arm embedded/4.9 2015q3/bin/../lib/gcc/arm-none-eabi/4.9.3/../../../../arm-none-eabi/lib/armv7e-m/softfp\libm.a(lib_a-sf_floor.o)
                0x0800511c                floorf
 .text.scalbnf  0x080051d0      0x100 c:/program files (x86)/gnu tools arm embedded/4.9 2015q3/bin/../lib/gcc/arm-none-eabi/4.9.3/../../../../arm-none-eabi/lib/armv7e-m/softfp\libm.a(lib_a-sf_scalbn.o)
                0x080051d0                scalbnf
 .text.copysignf
                0x080052d0        0xc c:/program files (x86)/gnu tools arm embedded/4.9 2015q3/bin/../lib/gcc/arm-none-eabi/4.9.3/../../../../arm-none-eabi/lib/armv7e-m/softfp\libm.a(lib_a-sf_copysign.o)
                0x080052d0                copysignf
 .text          0x080052dc      0x370 c:/program files (x86)/gnu tools arm embedded/4.9 2015q3/bin/../lib/gcc/arm-none-eabi/4.9.3/armv7e-m/softfp\libgcc.a(_arm_addsubdf3.o)
                0x080052dc                __aeabi_drsub
                0x080052e4                __aeabi_dsub
                0x080052e4                __subdf3
                0x080052e8                __aeabi_dadd
                0x080052e8                __adddf3
                0x08005560                __floatunsidf
                0x08005560                __aeabi_ui2d
                0x08005580                __floatsidf
                0x08005580                __aeabi_i2d
                0x080055a4                __aeabi_f2d
                0x080055a4                __extendsfdf2
                0x080055e0                __floatundidf
                0x080055e0                __aeabi_ul2d
                0x080055f0                __floatdidf
                0x080055f0                __aeabi_l2d
 .text          0x0800564c      0x424 c:/program files (x86)/gnu tools arm embedded/4.9 2015q3/bin/../lib/gcc/arm-none-eabi/4.9.3/armv7e-m/softfp\libgcc.a(_arm_muldivdf3.o)
                0x0800564c                __aeabi_dmul
                0x0800564c                __muldf3
                0x080058a0                __divdf3
                0x080058a0                __aeabi_ddiv
 .text          0x08005a70       0xa0 c:/program files (x86)/gnu tools arm embedded/4.9 2015q3/bin/../lib/gcc/arm-none-eabi/4.9.3/armv7e-m/softfp\libgcc.a(_arm_truncdfsf2.o)
                0x08005a70                __truncdfsf2
                0x08005a70                __aeabi_d2f
 .text.abort    0x08005b10        0xe c:/program files (x86)/gnu tools arm embedded/4.9 2015q3/bin/../lib/gcc/arm-none-eabi/4.9.3/../../../../arm-none-eabi/lib/armv7e-m/softfp\libc_nano.a(lib_a-abort.o)
                0x08005b10                abort
 .text.atoi     0x08005b1e        0x8 c:/program files (x86)/gnu tools arm embedded/4.9 2015q3/bin/../lib/gcc/arm-none-eabi/4.9.3/../../../../arm-none-eabi/lib/armv7e-m/softfp\libc_nano.a(lib_a-atoi.o)
                0x08005b1e                atoi
 *fill*         0x08005b26        0x2 
 .text.__cxa_atexit
                0x08005b28       0x1c c:/program files (x86)/gnu tools arm embedded/4.9 2015q3/bin/../lib/gcc/arm-none-eabi/4.9.3/../../../../arm-none-eabi/lib/armv7e-m/softfp\libc_nano.a(lib_a-cxa_atexit.o)
                0x08005b28                __cxa_atexit
 .text.__errno  0x08005b44        0xc c:/program files (x86)/gnu tools arm embedded/4.9 2015q3/bin/../lib/gcc/arm-none-eabi/4.9.3/../../../../arm-none-eabi/lib/armv7e-m/softfp\libc_nano.a(lib_a-errno.o)
                0x08005b44                __errno
 .text.exit     0x08005b50       0x28 c:/program files (x86)/gnu tools arm embedded/4.9 2015q3/bin/../lib/gcc/arm-none-eabi/4.9.3/../../../../arm-none-eabi/lib/armv7e-m/softfp\libc_nano.a(lib_a-exit.o)
                0x08005b50                exit
 .text.__sflush_r
                0x08005b78      0x108 c:/program files (x86)/gnu tools arm embedded/4.9 2015q3/bin/../lib/gcc/arm-none-eabi/4.9.3/../../../../arm-none-eabi/lib/armv7e-m/softfp\libc_nano.a(lib_a-fflush.o)
                0x08005b78                __sflush_r
 .text._fflush_r
                0x08005c80       0x54 c:/program files (x86)/gnu tools arm embedded/4.9 2015q3/bin/../lib/gcc/arm-none-eabi/4.9.3/../../../../arm-none-eabi/lib/armv7e-m/softfp\libc_nano.a(lib_a-fflush.o)
                0x08005c80                _fflush_r
 .text.fflush   0x08005cd4       0x24 c:/program files (x86)/gnu tools arm embedded/4.9 2015q3/bin/../lib/gcc/arm-none-eabi/4.9.3/../../../../arm-none-eabi/lib/armv7e-m/softfp\libc_nano.a(lib_a-fflush.o)
                0x08005cd4                fflush
 .text._cleanup_r
                0x08005cf8        0xc c:/program files (x86)/gnu tools arm embedded/4.9 2015q3/bin/../lib/gcc/arm-none-eabi/4.9.3/../../../../arm-none-eabi/lib/armv7e-m/softfp\libc_nano.a(lib_a-findfp.o)
                0x08005cf8                _cleanup_r
 .text.std.isra.0
                0x08005d04       0x48 c:/program files (x86)/gnu tools arm embedded/4.9 2015q3/bin/../lib/gcc/arm-none-eabi/4.9.3/../../../../arm-none-eabi/lib/armv7e-m/softfp\libc_nano.a(lib_a-findfp.o)
 .text.__sfmoreglue
                0x08005d4c       0x2c c:/program files (x86)/gnu tools arm embedded/4.9 2015q3/bin/../lib/gcc/arm-none-eabi/4.9.3/../../../../arm-none-eabi/lib/armv7e-m/softfp\libc_nano.a(lib_a-findfp.o)
                0x08005d4c                __sfmoreglue
 .text.__sinit  0x08005d78       0x60 c:/program files (x86)/gnu tools arm embedded/4.9 2015q3/bin/../lib/gcc/arm-none-eabi/4.9.3/../../../../arm-none-eabi/lib/armv7e-m/softfp\libc_nano.a(lib_a-findfp.o)
                0x08005d78                __sinit
 .text.__sfp    0x08005dd8       0x74 c:/program files (x86)/gnu tools arm embedded/4.9 2015q3/bin/../lib/gcc/arm-none-eabi/4.9.3/../../../../arm-none-eabi/lib/armv7e-m/softfp\libc_nano.a(lib_a-findfp.o)
                0x08005dd8                __sfp
 .text.fprintf  0x08005e4c       0x24 c:/program files (x86)/gnu tools arm embedded/4.9 2015q3/bin/../lib/gcc/arm-none-eabi/4.9.3/../../../../arm-none-eabi/lib/armv7e-m/softfp\libc_nano.a(lib_a-fprintf.o)
                0x08005e4c                fiprintf
                0x08005e4c                fprintf
 .text._fputc_r
                0x08005e70       0x48 c:/program files (x86)/gnu tools arm embedded/4.9 2015q3/bin/../lib/gcc/arm-none-eabi/4.9.3/../../../../arm-none-eabi/lib/armv7e-m/softfp\libc_nano.a(lib_a-fputc.o)
                0x08005e70                _fputc_r
 .text.fputc    0x08005eb8       0x14 c:/program files (x86)/gnu tools arm embedded/4.9 2015q3/bin/../lib/gcc/arm-none-eabi/4.9.3/../../../../arm-none-eabi/lib/armv7e-m/softfp\libc_nano.a(lib_a-fputc.o)
                0x08005eb8                fputc
 .text._fwalk_reent
                0x08005ecc       0x3c c:/program files (x86)/gnu tools arm embedded/4.9 2015q3/bin/../lib/gcc/arm-none-eabi/4.9.3/../../../../arm-none-eabi/lib/armv7e-m/softfp\libc_nano.a(lib_a-fwalk.o)
                0x08005ecc                _fwalk_reent
 .text._fwrite_r
                0x08005f08       0xb4 c:/program files (x86)/gnu tools arm embedded/4.9 2015q3/bin/../lib/gcc/arm-none-eabi/4.9.3/../../../../arm-none-eabi/lib/armv7e-m/softfp\libc_nano.a(lib_a-fwrite.o)
                0x08005f08                _fwrite_r
 .text.fwrite   0x08005fbc       0x20 c:/program files (x86)/gnu tools arm embedded/4.9 2015q3/bin/../lib/gcc/arm-none-eabi/4.9.3/../../../../arm-none-eabi/lib/armv7e-m/softfp\libc_nano.a(lib_a-fwrite.o)
                0x08005fbc                fwrite
 .text.__libc_init_array
                0x08005fdc       0x4c c:/program files (x86)/gnu tools arm embedded/4.9 2015q3/bin/../lib/gcc/arm-none-eabi/4.9.3/../../../../arm-none-eabi/lib/armv7e-m/softfp\libc_nano.a(lib_a-init.o)
                0x08005fdc                __libc_init_array
 .text.malloc   0x08006028       0x10 c:/program files (x86)/gnu tools arm embedded/4.9 2015q3/bin/../lib/gcc/arm-none-eabi/4.9.3/../../../../arm-none-eabi/lib/armv7e-m/softfp\libc_nano.a(lib_a-malloc.o)
                0x08006028                malloc
 .text.free     0x08006038       0x10 c:/program files (x86)/gnu tools arm embedded/4.9 2015q3/bin/../lib/gcc/arm-none-eabi/4.9.3/../../../../arm-none-eabi/lib/armv7e-m/softfp\libc_nano.a(lib_a-malloc.o)
                0x08006038                free
 .text.memchr   0x08006048       0x1e c:/program files (x86)/gnu tools arm embedded/4.9 2015q3/bin/../lib/gcc/arm-none-eabi/4.9.3/../../../../arm-none-eabi/lib/armv7e-m/softfp\libc_nano.a(lib_a-memchr.o)
                0x08006048                memchr
 .text.memcpy   0x08006066       0x16 c:/program files (x86)/gnu tools arm embedded/4.9 2015q3/bin/../lib/gcc/arm-none-eabi/4.9.3/../../../../arm-none-eabi/lib/armv7e-m/softfp\libc_nano.a(lib_a-memcpy.o)
                0x08006066                memcpy
 .text.memset   0x0800607c       0x10 c:/program files (x86)/gnu tools arm embedded/4.9 2015q3/bin/../lib/gcc/arm-none-eabi/4.9.3/../../../../arm-none-eabi/lib/armv7e-m/softfp\libc_nano.a(lib_a-memset.o)
                0x0800607c                memset
 .text._free_r  0x0800608c       0x88 c:/program files (x86)/gnu tools arm embedded/4.9 2015q3/bin/../lib/gcc/arm-none-eabi/4.9.3/../../../../arm-none-eabi/lib/armv7e-m/softfp\libc_nano.a(lib_a-nano-freer.o)
                0x0800608c                _free_r
 .text._malloc_r
                0x08006114       0xac c:/program files (x86)/gnu tools arm embedded/4.9 2015q3/bin/../lib/gcc/arm-none-eabi/4.9.3/../../../../arm-none-eabi/lib/armv7e-m/softfp\libc_nano.a(lib_a-nano-mallocr.o)
                0x08006114                _malloc_r
 .text.__sfputc_r
                0x080061c0       0x2c c:/program files (x86)/gnu tools arm embedded/4.9 2015q3/bin/../lib/gcc/arm-none-eabi/4.9.3/../../../../arm-none-eabi/lib/armv7e-m/softfp\libc_nano.a(lib_a-nano-vfprintf.o)
 .text.__sfputs_r
                0x080061ec       0x24 c:/program files (x86)/gnu tools arm embedded/4.9 2015q3/bin/../lib/gcc/arm-none-eabi/4.9.3/../../../../arm-none-eabi/lib/armv7e-m/softfp\libc_nano.a(lib_a-nano-vfprintf.o)
                0x080061ec                __sfputs_r
 .text._vfprintf_r
                0x08006210      0x210 c:/program files (x86)/gnu tools arm embedded/4.9 2015q3/bin/../lib/gcc/arm-none-eabi/4.9.3/../../../../arm-none-eabi/lib/armv7e-m/softfp\libc_nano.a(lib_a-nano-vfprintf.o)
                0x08006210                _vfprintf_r
                0x08006210                _vfiprintf_r
 .text.vfprintf
                0x08006420       0x1c c:/program files (x86)/gnu tools arm embedded/4.9 2015q3/bin/../lib/gcc/arm-none-eabi/4.9.3/../../../../arm-none-eabi/lib/armv7e-m/softfp\libc_nano.a(lib_a-nano-vfprintf.o)
                0x08006420                vfprintf
                0x08006420                vfiprintf
 .text._printf_common
                0x0800643c       0xea c:/program files (x86)/gnu tools arm embedded/4.9 2015q3/bin/../lib/gcc/arm-none-eabi/4.9.3/../../../../arm-none-eabi/lib/armv7e-m/softfp\libc_nano.a(lib_a-nano-vfprintf_i.o)
                0x0800643c                _printf_common
 *fill*         0x08006526        0x2 
 .text._printf_i
                0x08006528      0x240 c:/program files (x86)/gnu tools arm embedded/4.9 2015q3/bin/../lib/gcc/arm-none-eabi/4.9.3/../../../../arm-none-eabi/lib/armv7e-m/softfp\libc_nano.a(lib_a-nano-vfprintf_i.o)
                0x08006528                _printf_i
 .text.printf   0x08006768       0x30 c:/program files (x86)/gnu tools arm embedded/4.9 2015q3/bin/../lib/gcc/arm-none-eabi/4.9.3/../../../../arm-none-eabi/lib/armv7e-m/softfp\libc_nano.a(lib_a-printf.o)
                0x08006768                iprintf
                0x08006768                printf
 .text._putc_r  0x08006798       0x78 c:/program files (x86)/gnu tools arm embedded/4.9 2015q3/bin/../lib/gcc/arm-none-eabi/4.9.3/../../../../arm-none-eabi/lib/armv7e-m/softfp\libc_nano.a(lib_a-putc.o)
                0x08006798                _putc_r
 .text._sbrk_r  0x08006810       0x20 c:/program files (x86)/gnu tools arm embedded/4.9 2015q3/bin/../lib/gcc/arm-none-eabi/4.9.3/../../../../arm-none-eabi/lib/armv7e-m/softfp\libc_nano.a(lib_a-sbrkr.o)
                0x08006810                _sbrk_r
 .text          0x08006830       0x1c c:/program files (x86)/gnu tools arm embedded/4.9 2015q3/bin/../lib/gcc/arm-none-eabi/4.9.3/../../../../arm-none-eabi/lib/armv7e-m/softfp\libc_nano.a(lib_a-setjmp.o)
                0x08006830                setjmp
                0x0800683c                longjmp
 .text._raise_r
                0x0800684c       0x50 c:/program files (x86)/gnu tools arm embedded/4.9 2015q3/bin/../lib/gcc/arm-none-eabi/4.9.3/../../../../arm-none-eabi/lib/armv7e-m/softfp\libc_nano.a(lib_a-signal.o)
                0x0800684c                _raise_r
 .text.raise    0x0800689c       0x10 c:/program files (x86)/gnu tools arm embedded/4.9 2015q3/bin/../lib/gcc/arm-none-eabi/4.9.3/../../../../arm-none-eabi/lib/armv7e-m/softfp\libc_nano.a(lib_a-signal.o)
                0x0800689c                raise
 .text._kill_r  0x080068ac       0x24 c:/program files (x86)/gnu tools arm embedded/4.9 2015q3/bin/../lib/gcc/arm-none-eabi/4.9.3/../../../../arm-none-eabi/lib/armv7e-m/softfp\libc_nano.a(lib_a-signalr.o)
                0x080068ac                _kill_r
 .text._getpid_r
                0x080068d0        0x4 c:/program files (x86)/gnu tools arm embedded/4.9 2015q3/bin/../lib/gcc/arm-none-eabi/4.9.3/../../../../arm-none-eabi/lib/armv7e-m/softfp\libc_nano.a(lib_a-signalr.o)
                0x080068d0                _getpid_r
 .text.sprintf  0x080068d4       0x48 c:/program files (x86)/gnu tools arm embedded/4.9 2015q3/bin/../lib/gcc/arm-none-eabi/4.9.3/../../../../arm-none-eabi/lib/armv7e-m/softfp\libc_nano.a(lib_a-sprintf.o)
                0x080068d4                siprintf
                0x080068d4                sprintf
 .text.__sread  0x0800691c       0x22 c:/program files (x86)/gnu tools arm embedded/4.9 2015q3/bin/../lib/gcc/arm-none-eabi/4.9.3/../../../../arm-none-eabi/lib/armv7e-m/softfp\libc_nano.a(lib_a-stdio.o)
                0x0800691c                __sread
 .text.__swrite
                0x0800693e       0x38 c:/program files (x86)/gnu tools arm embedded/4.9 2015q3/bin/../lib/gcc/arm-none-eabi/4.9.3/../../../../arm-none-eabi/lib/armv7e-m/softfp\libc_nano.a(lib_a-stdio.o)
                0x0800693e                __swrite
 .text.__sseek  0x08006976       0x24 c:/program files (x86)/gnu tools arm embedded/4.9 2015q3/bin/../lib/gcc/arm-none-eabi/4.9.3/../../../../arm-none-eabi/lib/armv7e-m/softfp\libc_nano.a(lib_a-stdio.o)
                0x08006976                __sseek
 .text.__sclose
                0x0800699a        0x8 c:/program files (x86)/gnu tools arm embedded/4.9 2015q3/bin/../lib/gcc/arm-none-eabi/4.9.3/../../../../arm-none-eabi/lib/armv7e-m/softfp\libc_nano.a(lib_a-stdio.o)
                0x0800699a                __sclose
 .text.strlen   0x080069a2       0x10 c:/program files (x86)/gnu tools arm embedded/4.9 2015q3/bin/../lib/gcc/arm-none-eabi/4.9.3/../../../../arm-none-eabi/lib/armv7e-m/softfp\libc_nano.a(lib_a-strlen.o)
                0x080069a2                strlen
 .text.strncmp  0x080069b2       0x34 c:/program files (x86)/gnu tools arm embedded/4.9 2015q3/bin/../lib/gcc/arm-none-eabi/4.9.3/../../../../arm-none-eabi/lib/armv7e-m/softfp\libc_nano.a(lib_a-strncmp.o)
                0x080069b2                strncmp
 .text.strsep   0x080069e6        0xa c:/program files (x86)/gnu tools arm embedded/4.9 2015q3/bin/../lib/gcc/arm-none-eabi/4.9.3/../../../../arm-none-eabi/lib/armv7e-m/softfp\libc_nano.a(lib_a-strsep.o)
                0x080069e6                strsep
 .text.strstr   0x080069f0       0x30 c:/program files (x86)/gnu tools arm embedded/4.9 2015q3/bin/../lib/gcc/arm-none-eabi/4.9.3/../../../../arm-none-eabi/lib/armv7e-m/softfp\libc_nano.a(lib_a-strstr.o)
                0x080069f0                strstr
 .text.__strtok_r
                0x08006a20       0x56 c:/program files (x86)/gnu tools arm embedded/4.9 2015q3/bin/../lib/gcc/arm-none-eabi/4.9.3/../../../../arm-none-eabi/lib/armv7e-m/softfp\libc_nano.a(lib_a-strtok_r.o)
                0x08006a20                __strtok_r
 *fill*         0x08006a76        0x2 
 .text._strtol_r
                0x08006a78      0x10c c:/program files (x86)/gnu tools arm embedded/4.9 2015q3/bin/../lib/gcc/arm-none-eabi/4.9.3/../../../../arm-none-eabi/lib/armv7e-m/softfp\libc_nano.a(lib_a-strtol.o)
                0x08006a78                _strtol_r
 .text.strtol   0x08006b84       0x1c c:/program files (x86)/gnu tools arm embedded/4.9 2015q3/bin/../lib/gcc/arm-none-eabi/4.9.3/../../../../arm-none-eabi/lib/armv7e-m/softfp\libc_nano.a(lib_a-strtol.o)
                0x08006b84                strtol
 .text._vsprintf_r
                0x08006ba0       0x30 c:/program files (x86)/gnu tools arm embedded/4.9 2015q3/bin/../lib/gcc/arm-none-eabi/4.9.3/../../../../arm-none-eabi/lib/armv7e-m/softfp\libc_nano.a(lib_a-vsprintf.o)
                0x08006ba0                _vsprintf_r
                0x08006ba0                _vsiprintf_r
 .text.vsprintf
                0x08006bd0       0x1c c:/program files (x86)/gnu tools arm embedded/4.9 2015q3/bin/../lib/gcc/arm-none-eabi/4.9.3/../../../../arm-none-eabi/lib/armv7e-m/softfp\libc_nano.a(lib_a-vsprintf.o)
                0x08006bd0                vsiprintf
                0x08006bd0                vsprintf
 .text.__swbuf_r
                0x08006bec       0xa8 c:/program files (x86)/gnu tools arm embedded/4.9 2015q3/bin/../lib/gcc/arm-none-eabi/4.9.3/../../../../arm-none-eabi/lib/armv7e-m/softfp\libc_nano.a(lib_a-wbuf.o)
                0x08006bec                __swbuf_r
 .text._write_r
                0x08006c94       0x24 c:/program files (x86)/gnu tools arm embedded/4.9 2015q3/bin/../lib/gcc/arm-none-eabi/4.9.3/../../../../arm-none-eabi/lib/armv7e-m/softfp\libc_nano.a(lib_a-writer.o)
                0x08006c94                _write_r
 .text.__swsetup_r
                0x08006cb8       0xd8 c:/program files (x86)/gnu tools arm embedded/4.9 2015q3/bin/../lib/gcc/arm-none-eabi/4.9.3/../../../../arm-none-eabi/lib/armv7e-m/softfp\libc_nano.a(lib_a-wsetup.o)
                0x08006cb8                __swsetup_r
 .text._close_r
                0x08006d90       0x20 c:/program files (x86)/gnu tools arm embedded/4.9 2015q3/bin/../lib/gcc/arm-none-eabi/4.9.3/../../../../arm-none-eabi/lib/armv7e-m/softfp\libc_nano.a(lib_a-closer.o)
                0x08006d90                _close_r
 .text._lseek_r
                0x08006db0       0x24 c:/program files (x86)/gnu tools arm embedded/4.9 2015q3/bin/../lib/gcc/arm-none-eabi/4.9.3/../../../../arm-none-eabi/lib/armv7e-m/softfp\libc_nano.a(lib_a-lseekr.o)
                0x08006db0                _lseek_r
 .text.__smakebuf_r
                0x08006dd4       0x9c c:/program files (x86)/gnu tools arm embedded/4.9 2015q3/bin/../lib/gcc/arm-none-eabi/4.9.3/../../../../arm-none-eabi/lib/armv7e-m/softfp\libc_nano.a(lib_a-makebuf.o)
                0x08006dd4                __smakebuf_r
 .text.memmove  0x08006e70       0x36 c:/program files (x86)/gnu tools arm embedded/4.9 2015q3/bin/../lib/gcc/arm-none-eabi/4.9.3/../../../../arm-none-eabi/lib/armv7e-m/softfp\libc_nano.a(lib_a-memmove.o)
                0x08006e70                memmove
 .text._realloc_r
                0x08006ea6       0x4c c:/program files (x86)/gnu tools arm embedded/4.9 2015q3/bin/../lib/gcc/arm-none-eabi/4.9.3/../../../../arm-none-eabi/lib/armv7e-m/softfp\libc_nano.a(lib_a-nano-reallocr.o)
                0x08006ea6                _realloc_r
 .text.__ssputs_r
                0x08006ef2       0xb2 c:/program files (x86)/gnu tools arm embedded/4.9 2015q3/bin/../lib/gcc/arm-none-eabi/4.9.3/../../../../arm-none-eabi/lib/armv7e-m/softfp\libc_nano.a(lib_a-nano-svfprintf.o)
                0x08006ef2                __ssputs_r
 .text._svfprintf_r
                0x08006fa4      0x1e4 c:/program files (x86)/gnu tools arm embedded/4.9 2015q3/bin/../lib/gcc/arm-none-eabi/4.9.3/../../../../arm-none-eabi/lib/armv7e-m/softfp\libc_nano.a(lib_a-nano-svfprintf.o)
                0x08006fa4                _svfiprintf_r
                0x08006fa4                _svfprintf_r
 .text._read_r  0x08007188       0x24 c:/program files (x86)/gnu tools arm embedded/4.9 2015q3/bin/../lib/gcc/arm-none-eabi/4.9.3/../../../../arm-none-eabi/lib/armv7e-m/softfp\libc_nano.a(lib_a-readr.o)
                0x08007188                _read_r
 .text._fstat_r
                0x080071ac       0x24 c:/program files (x86)/gnu tools arm embedded/4.9 2015q3/bin/../lib/gcc/arm-none-eabi/4.9.3/../../../../arm-none-eabi/lib/armv7e-m/softfp\libc_nano.a(lib_a-fstatr.o)
                0x080071ac                _fstat_r
 .text._isatty_r
                0x080071d0       0x20 c:/program files (x86)/gnu tools arm embedded/4.9 2015q3/bin/../lib/gcc/arm-none-eabi/4.9.3/../../../../arm-none-eabi/lib/armv7e-m/softfp\libc_nano.a(lib_a-isattyr.o)
                0x080071d0                _isatty_r
 .text._malloc_usable_size_r
                0x080071f0       0x14 c:/program files (x86)/gnu tools arm embedded/4.9 2015q3/bin/../lib/gcc/arm-none-eabi/4.9.3/../../../../arm-none-eabi/lib/armv7e-m/softfp\libc_nano.a(lib_a-nano-msizer.o)
                0x080071f0                _malloc_usable_size_r
 .text._getpid  0x08007204       0x10 c:/program files (x86)/gnu tools arm embedded/4.9 2015q3/bin/../lib/gcc/arm-none-eabi/4.9.3/../../../../arm-none-eabi/lib/armv7e-m/softfp\libnosys.a(getpid.o)
                0x08007204                _getpid
 .text._kill    0x08007214       0x10 c:/program files (x86)/gnu tools arm embedded/4.9 2015q3/bin/../lib/gcc/arm-none-eabi/4.9.3/../../../../arm-none-eabi/lib/armv7e-m/softfp\libnosys.a(kill.o)
                0x08007214                _kill
 *(.init)
 .init          0x08007224        0x4 c:/program files (x86)/gnu tools arm embedded/4.9 2015q3/bin/../lib/gcc/arm-none-eabi/4.9.3/armv7e-m/softfp/crti.o
                0x08007224                _init
 .init          0x08007228        0x8 c:/program files (x86)/gnu tools arm embedded/4.9 2015q3/bin/../lib/gcc/arm-none-eabi/4.9.3/armv7e-m/softfp/crtn.o
 *(.fini)
 .fini          0x08007230        0x4 c:/program files (x86)/gnu tools arm embedded/4.9 2015q3/bin/../lib/gcc/arm-none-eabi/4.9.3/armv7e-m/softfp/crti.o
                0x08007230                _fini
 .fini          0x08007234        0x8 c:/program files (x86)/gnu tools arm embedded/4.9 2015q3/bin/../lib/gcc/arm-none-eabi/4.9.3/armv7e-m/softfp/crtn.o
 *crtbegin.o(.ctors)
 *crtbegin?.o(.ctors)
 *(EXCLUDE_FILE(*crtend.o *crtend?.o) .ctors)
 *(SORT(.ctors.*))
 *(.ctors)
 *crtbegin.o(.dtors)
 *crtbegin?.o(.dtors)
 *(EXCLUDE_FILE(*crtend.o *crtend?.o) .dtors)
 *(SORT(.dtors.*))
 *(.dtors)
 *(.rodata*)
 .rodata.str1.4
                0x0800723c       0x8b E:\HopeProject\minecraft\hmc5883lEmulator/mbed/TARGET_NUCLEO_F411RE/TOOLCHAIN_GCC_ARM/board.o
 *fill*         0x080072c7        0x1 
 .rodata.AHBPrescTable
                0x080072c8       0x10 E:\HopeProject\minecraft\hmc5883lEmulator/mbed/TARGET_NUCLEO_F411RE/TOOLCHAIN_GCC_ARM/system_stm32f4xx.o
                0x080072c8                AHBPrescTable
 .rodata        0x080072d8       0x88 ..\obj\BufferedSerial.o
 .rodata._ZTV14BufferedSerial
                0x08007360       0x2c ..\obj\BufferedSerial.o
                0x08007360                vtable for BufferedSerial
 *fill*         0x0800738c        0x4 
 .rodata._ZTVN4mbed9RawSerialE
                0x08007390       0x10 ..\obj\BufferedSerial.o
                0x08007390                vtable for mbed::RawSerial
 .rodata._ZTVN4mbed10SerialBaseE
                0x080073a0       0x10 ..\obj\BufferedSerial.o
                0x080073a0                vtable for mbed::SerialBase
 .rodata        0x080073b0       0x2d ..\obj\cAssert.o
 *fill*         0x080073dd        0x3 
 .rodata        0x080073e0      0x374 ..\obj\main.o
 .rodata        0x08007754       0x39 ..\obj\stm32f4xx_it.o
 *fill*         0x0800778d        0x3 
 .rodata.APBAHBPrescTable
                0x08007790       0x10 ..\obj\stm32f4xx_hal_rcc.o
                0x08007790                APBAHBPrescTable
 .rodata        0x080077a0       0x41 ..\obj\I2CSlave1.o
 *fill*         0x080077e1        0x3 
 .rodata        0x080077e4       0x73 ..\obj\cRBTRS232ProtocolWrapper.o
 *fill*         0x08007857        0x1 
 .rodata._ZL17RBTProtocolEncode
                0x08007858      0x2e6 ..\obj\cRBTRS232ProtocolWrapper.o
 *fill*         0x08007b3e        0x2 
 .rodata        0x08007b40       0xcf ..\obj\TestcIMUOdometry.o
 *fill*         0x08007c0f        0x1 
 .rodata.str1.4
                0x08007c10       0x98 E:\HopeProject\minecraft\hmc5883lEmulator/mbed/TARGET_NUCLEO_F411RE/TOOLCHAIN_GCC_ARM\libmbed.a(serial_api.o)
 .rodata.str1.4
                0x08007ca8       0x31 E:\HopeProject\minecraft\hmc5883lEmulator/mbed/TARGET_NUCLEO_F411RE/TOOLCHAIN_GCC_ARM\libmbed.a(assert.o)
 .rodata.str1.4
                0x00000000       0x8b E:\HopeProject\minecraft\hmc5883lEmulator/mbed/TARGET_NUCLEO_F411RE/TOOLCHAIN_GCC_ARM\libmbed.a(gpio.o)
 *fill*         0x08007cd9        0x3 
 .rodata.str1.4
                0x08007cdc       0x66 E:\HopeProject\minecraft\hmc5883lEmulator/mbed/TARGET_NUCLEO_F411RE/TOOLCHAIN_GCC_ARM\libmbed.a(pinmap_common.o)
 *fill*         0x08007d42        0x2 
 .rodata.us_interface
                0x08007d44       0x14 E:\HopeProject\minecraft\hmc5883lEmulator/mbed/TARGET_NUCLEO_F411RE/TOOLCHAIN_GCC_ARM\libmbed.a(us_ticker_api.o)
 .rodata.us_data
                0x08007d58        0x8 E:\HopeProject\minecraft\hmc5883lEmulator/mbed/TARGET_NUCLEO_F411RE/TOOLCHAIN_GCC_ARM\libmbed.a(us_ticker_api.o)
 .rodata.PinMap_UART_RX
                0x08007d60       0x54 E:\HopeProject\minecraft\hmc5883lEmulator/mbed/TARGET_NUCLEO_F411RE/TOOLCHAIN_GCC_ARM\libmbed.a(PeripheralPins.o)
                0x08007d60                PinMap_UART_RX
 .rodata.PinMap_UART_TX
                0x08007db4       0x54 E:\HopeProject\minecraft\hmc5883lEmulator/mbed/TARGET_NUCLEO_F411RE/TOOLCHAIN_GCC_ARM\libmbed.a(PeripheralPins.o)
                0x08007db4                PinMap_UART_TX
 .rodata.str1.4
                0x08007e08       0x73 E:\HopeProject\minecraft\hmc5883lEmulator/mbed/TARGET_NUCLEO_F411RE/TOOLCHAIN_GCC_ARM\libmbed.a(gpio_api.o)
                                 0x8c (size before relaxing)
 *fill*         0x08007e7b        0x1 
 .rodata.gpio_mode
                0x08007e7c       0x34 E:\HopeProject\minecraft\hmc5883lEmulator/mbed/TARGET_NUCLEO_F411RE/TOOLCHAIN_GCC_ARM\libmbed.a(pinmap.o)
 .rodata.str1.4
                0x08007eb0       0x84 E:\HopeProject\minecraft\hmc5883lEmulator/mbed/TARGET_NUCLEO_F411RE/TOOLCHAIN_GCC_ARM\libmbed.a(pinmap.o)
                                 0x95 (size before relaxing)
 .rodata.npio2_hw
                0x08007f34       0x80 c:/program files (x86)/gnu tools arm embedded/4.9 2015q3/bin/../lib/gcc/arm-none-eabi/4.9.3/../../../../arm-none-eabi/lib/armv7e-m/softfp\libm.a(lib_a-ef_rem_pio2.o)
 .rodata.two_over_pi
                0x08007fb4      0x318 c:/program files (x86)/gnu tools arm embedded/4.9 2015q3/bin/../lib/gcc/arm-none-eabi/4.9.3/../../../../arm-none-eabi/lib/armv7e-m/softfp\libm.a(lib_a-ef_rem_pio2.o)
 .rodata.init_jk
                0x080082cc        0xc c:/program files (x86)/gnu tools arm embedded/4.9 2015q3/bin/../lib/gcc/arm-none-eabi/4.9.3/../../../../arm-none-eabi/lib/armv7e-m/softfp\libm.a(lib_a-kf_rem_pio2.o)
 .rodata.PIo2   0x080082d8       0x2c c:/program files (x86)/gnu tools arm embedded/4.9 2015q3/bin/../lib/gcc/arm-none-eabi/4.9.3/../../../../arm-none-eabi/lib/armv7e-m/softfp\libm.a(lib_a-kf_rem_pio2.o)
 .rodata._ctype_
                0x08008304      0x101 c:/program files (x86)/gnu tools arm embedded/4.9 2015q3/bin/../lib/gcc/arm-none-eabi/4.9.3/../../../../arm-none-eabi/lib/armv7e-m/softfp\libc_nano.a(lib_a-ctype_.o)
                0x08008304                _ctype_
 *fill*         0x08008405        0x3 
 .rodata.__sf_fake_stdin
                0x08008408       0x20 c:/program files (x86)/gnu tools arm embedded/4.9 2015q3/bin/../lib/gcc/arm-none-eabi/4.9.3/../../../../arm-none-eabi/lib/armv7e-m/softfp\libc_nano.a(lib_a-findfp.o)
                0x08008408                __sf_fake_stdin
 .rodata.__sf_fake_stdout
                0x08008428       0x20 c:/program files (x86)/gnu tools arm embedded/4.9 2015q3/bin/../lib/gcc/arm-none-eabi/4.9.3/../../../../arm-none-eabi/lib/armv7e-m/softfp\libc_nano.a(lib_a-findfp.o)
                0x08008428                __sf_fake_stdout
 .rodata.__sf_fake_stderr
                0x08008448       0x20 c:/program files (x86)/gnu tools arm embedded/4.9 2015q3/bin/../lib/gcc/arm-none-eabi/4.9.3/../../../../arm-none-eabi/lib/armv7e-m/softfp\libc_nano.a(lib_a-findfp.o)
                0x08008448                __sf_fake_stderr
 .rodata.str1.1
                0x08008468        0x2 c:/program files (x86)/gnu tools arm embedded/4.9 2015q3/bin/../lib/gcc/arm-none-eabi/4.9.3/../../../../arm-none-eabi/lib/armv7e-m/softfp\libc_nano.a(lib_a-impure.o)
 *fill*         0x0800846a        0x2 
 .rodata._global_impure_ptr
                0x0800846c        0x4 c:/program files (x86)/gnu tools arm embedded/4.9 2015q3/bin/../lib/gcc/arm-none-eabi/4.9.3/../../../../arm-none-eabi/lib/armv7e-m/softfp\libc_nano.a(lib_a-impure.o)
                0x0800846c                _global_impure_ptr
 .rodata.str1.1
                0x08008470       0x11 c:/program files (x86)/gnu tools arm embedded/4.9 2015q3/bin/../lib/gcc/arm-none-eabi/4.9.3/../../../../arm-none-eabi/lib/armv7e-m/softfp\libc_nano.a(lib_a-nano-vfprintf.o)
 .rodata.str1.1
                0x08008481       0x22 c:/program files (x86)/gnu tools arm embedded/4.9 2015q3/bin/../lib/gcc/arm-none-eabi/4.9.3/../../../../arm-none-eabi/lib/armv7e-m/softfp\libc_nano.a(lib_a-nano-vfprintf_i.o)
 .rodata.str1.1
                0x00000000       0x11 c:/program files (x86)/gnu tools arm embedded/4.9 2015q3/bin/../lib/gcc/arm-none-eabi/4.9.3/../../../../arm-none-eabi/lib/armv7e-m/softfp\libc_nano.a(lib_a-nano-svfprintf.o)
 *(.eh_frame*)
 *fill*         0x080084a3        0x1 
 .eh_frame      0x080084a4        0x0 c:/program files (x86)/gnu tools arm embedded/4.9 2015q3/bin/../lib/gcc/arm-none-eabi/4.9.3/armv7e-m/softfp/crtbegin.o
 .eh_frame      0x080084a4        0x0 c:/program files (x86)/gnu tools arm embedded/4.9 2015q3/bin/../lib/gcc/arm-none-eabi/4.9.3/../../../../arm-none-eabi/lib/armv7e-m/softfp\libc_nano.a(lib_a-strcmp.o)
                                 0x28 (size before relaxing)
 .eh_frame      0x080084a4        0x4 c:/program files (x86)/gnu tools arm embedded/4.9 2015q3/bin/../lib/gcc/arm-none-eabi/4.9.3/armv7e-m/softfp/crtend.o

.glue_7         0x080084a8        0x0
 .glue_7        0x00000000        0x0 linker stubs

.glue_7t        0x080084a8        0x0
 .glue_7t       0x00000000        0x0 linker stubs

.vfp11_veneer   0x080084a8        0x0
 .vfp11_veneer  0x00000000        0x0 linker stubs

.v4_bx          0x080084a8        0x0
 .v4_bx         0x00000000        0x0 linker stubs

.iplt           0x080084a8        0x0
 .iplt          0x00000000        0x0 c:/program files (x86)/gnu tools arm embedded/4.9 2015q3/bin/../lib/gcc/arm-none-eabi/4.9.3/armv7e-m/softfp/crtbegin.o

.ARM.extab
 *(.ARM.extab* .gnu.linkonce.armextab.*)
                0x080084a8                __exidx_start = .

.ARM.exidx      0x080084a8        0x8
 *(.ARM.exidx* .gnu.linkonce.armexidx.*)
 .ARM.exidx     0x080084a8        0x8 c:/program files (x86)/gnu tools arm embedded/4.9 2015q3/bin/../lib/gcc/arm-none-eabi/4.9.3/../../../../arm-none-eabi/lib/armv7e-m/softfp/crt0.o
                0x080084b0                __exidx_end = .
                0x080084b0                __etext = .
                0x080084b0                _sidata = .

.rel.dyn        0x080084b0        0x0
 .rel.iplt      0x00000000        0x0 c:/program files (x86)/gnu tools arm embedded/4.9 2015q3/bin/../lib/gcc/arm-none-eabi/4.9.3/armv7e-m/softfp/crtbegin.o

.data           0x20000198       0x84 load address 0x080084b0
                0x20000198                __data_start__ = .
                0x20000198                _sdata = .
 *(vtable)
 *(.data*)
 .data          0x20000198        0x4 c:/program files (x86)/gnu tools arm embedded/4.9 2015q3/bin/../lib/gcc/arm-none-eabi/4.9.3/armv7e-m/softfp/crtbegin.o
                0x20000198                __dso_handle
 .data._ZZ5_sbrkE4heap
                0x2000019c        0x4 E:\HopeProject\minecraft\hmc5883lEmulator/mbed/TARGET_NUCLEO_F411RE/TOOLCHAIN_GCC_ARM/retarget.o
 .data.SystemCoreClock
                0x200001a0        0x4 E:\HopeProject\minecraft\hmc5883lEmulator/mbed/TARGET_NUCLEO_F411RE/TOOLCHAIN_GCC_ARM/system_stm32f4xx.o
                0x200001a0                SystemCoreClock
 .data.__ctype_ptr__
                0x200001a4        0x4 c:/program files (x86)/gnu tools arm embedded/4.9 2015q3/bin/../lib/gcc/arm-none-eabi/4.9.3/../../../../arm-none-eabi/lib/armv7e-m/softfp\libc_nano.a(lib_a-ctype_.o)
                0x200001a4                __ctype_ptr__
 .data.impure_data
                0x200001a8       0x60 c:/program files (x86)/gnu tools arm embedded/4.9 2015q3/bin/../lib/gcc/arm-none-eabi/4.9.3/../../../../arm-none-eabi/lib/armv7e-m/softfp\libc_nano.a(lib_a-impure.o)
 .data._impure_ptr
                0x20000208        0x4 c:/program files (x86)/gnu tools arm embedded/4.9 2015q3/bin/../lib/gcc/arm-none-eabi/4.9.3/../../../../arm-none-eabi/lib/armv7e-m/softfp\libc_nano.a(lib_a-impure.o)
                0x20000208                _impure_ptr
                0x2000020c                . = ALIGN (0x4)
                0x2000020c                PROVIDE (__preinit_array_start, .)
 *(.preinit_array)
                0x2000020c                PROVIDE (__preinit_array_end, .)
                0x2000020c                . = ALIGN (0x4)
                0x2000020c                PROVIDE (__init_array_start, .)
 *(SORT(.init_array.*))
 *(.init_array)
 .init_array    0x2000020c        0x4 c:/program files (x86)/gnu tools arm embedded/4.9 2015q3/bin/../lib/gcc/arm-none-eabi/4.9.3/armv7e-m/softfp/crtbegin.o
 .init_array    0x20000210        0x4 ..\obj\main.o
                0x20000214                PROVIDE (__init_array_end, .)
                0x20000214                . = ALIGN (0x4)
                0x20000214                PROVIDE (__fini_array_start, .)
 *(SORT(.fini_array.*))
 *(.fini_array)
 .fini_array    0x20000214        0x4 c:/program files (x86)/gnu tools arm embedded/4.9 2015q3/bin/../lib/gcc/arm-none-eabi/4.9.3/armv7e-m/softfp/crtbegin.o
                0x20000218                PROVIDE (__fini_array_end, .)
 *(.jcr*)
 .jcr           0x20000218        0x0 c:/program files (x86)/gnu tools arm embedded/4.9 2015q3/bin/../lib/gcc/arm-none-eabi/4.9.3/armv7e-m/softfp/crtbegin.o
 .jcr           0x20000218        0x4 c:/program files (x86)/gnu tools arm embedded/4.9 2015q3/bin/../lib/gcc/arm-none-eabi/4.9.3/armv7e-m/softfp/crtend.o
                0x2000021c                . = ALIGN (0x4)
                0x2000021c                __data_end__ = .
                0x2000021c                _edata = .

.igot.plt       0x2000021c        0x0 load address 0x08008534
 .igot.plt      0x00000000        0x0 c:/program files (x86)/gnu tools arm embedded/4.9 2015q3/bin/../lib/gcc/arm-none-eabi/4.9.3/armv7e-m/softfp/crtbegin.o

.bss            0x2000021c      0x718 load address 0x08008534
                0x2000021c                . = ALIGN (0x4)
                0x2000021c                __bss_start__ = .
                0x2000021c                _sbss = .
 *(.bss*)
 .bss           0x2000021c       0x1c c:/program files (x86)/gnu tools arm embedded/4.9 2015q3/bin/../lib/gcc/arm-none-eabi/4.9.3/armv7e-m/softfp/crtbegin.o
 .bss.PreviousVal
                0x20000238        0x4 E:\HopeProject\minecraft\hmc5883lEmulator/mbed/TARGET_NUCLEO_F411RE/TOOLCHAIN_GCC_ARM/hal_tick.o
                0x20000238                PreviousVal
 .bss._ZL11filehandles
                0x2000023c      0x100 E:\HopeProject\minecraft\hmc5883lEmulator/mbed/TARGET_NUCLEO_F411RE/TOOLCHAIN_GCC_ARM/retarget.o
 .bss.I2CxHandle
                0x2000033c       0x54 ..\obj\main.o
                0x2000033c                I2CxHandle
 .bss.i2cDataIndex
                0x20000390        0x4 ..\obj\main.o
                0x20000390                i2cDataIndex
 .bss.memory    0x20000394        0xd ..\obj\main.o
                0x20000394                memory
 *fill*         0x200003a1        0x3 
 .bss.i2cState  0x200003a4        0x4 ..\obj\main.o
                0x200003a4                i2cState
 .bss.matchOwnReadAddr
                0x200003a8        0x4 ..\obj\main.o
                0x200003a8                matchOwnReadAddr
 .bss.matchOwnWriteAddr
                0x200003ac        0x4 ..\obj\main.o
                0x200003ac                matchOwnWriteAddr
 .bss.rbtSerial
                0x200003b0       0x7c ..\obj\main.o
                0x200003b0                rbtSerial
 .bss.debugSerial
                0x2000042c       0x7c ..\obj\main.o
                0x2000042c                debugSerial
 .bss.imuOdometry
                0x200004a8       0x4c ..\obj\main.o
                0x200004a8                imuOdometry
 .bss.msgString_IMUOdometry
                0x200004f4       0x40 ..\obj\main.o
                0x200004f4                msgString_IMUOdometry
 .bss.outputFrame_IMUOdometry
                0x20000534       0x40 ..\obj\main.o
                0x20000534                outputFrame_IMUOdometry
 .bss.frameGetter_IMUOdometry
                0x20000574       0x18 ..\obj\main.o
                0x20000574                frameGetter_IMUOdometry
 .bss.greatest_info
                0x2000058c       0xc8 ..\obj\main.o
                0x2000058c                greatest_info
 .bss.uwTick    0x20000654        0x4 ..\obj\stm32f4xx_hal.o
                0x20000654                uwTick
 .bss._ZZ21DebugLog_cIMUOdometryP14_cIMUOdometry_E8lastTime
                0x20000658        0x4 ..\obj\TestcIMUOdometry.o
 .bss.serial_irq_ids
                0x2000065c       0x20 E:\HopeProject\minecraft\hmc5883lEmulator/mbed/TARGET_NUCLEO_F411RE/TOOLCHAIN_GCC_ARM\libmbed.a(serial_api.o)
                0x2000065c                serial_irq_ids
 .bss.irq_handler
                0x2000067c        0x4 E:\HopeProject\minecraft\hmc5883lEmulator/mbed/TARGET_NUCLEO_F411RE/TOOLCHAIN_GCC_ARM\libmbed.a(serial_api.o)
 .bss.stdio_uart_inited
                0x20000680        0x4 E:\HopeProject\minecraft\hmc5883lEmulator/mbed/TARGET_NUCLEO_F411RE/TOOLCHAIN_GCC_ARM\libmbed.a(serial_api.o)
                0x20000680                stdio_uart_inited
 .bss.UartHandle
                0x20000684      0x200 E:\HopeProject\minecraft\hmc5883lEmulator/mbed/TARGET_NUCLEO_F411RE/TOOLCHAIN_GCC_ARM\libmbed.a(serial_api.o)
 .bss.TimMasterHandle
                0x20000884       0x3c E:\HopeProject\minecraft\hmc5883lEmulator/mbed/TARGET_NUCLEO_F411RE/TOOLCHAIN_GCC_ARM\libmbed.a(us_ticker.o)
 .bss.us_ticker_inited
                0x200008c0        0x4 E:\HopeProject\minecraft\hmc5883lEmulator/mbed/TARGET_NUCLEO_F411RE/TOOLCHAIN_GCC_ARM\libmbed.a(us_ticker.o)
 .bss.events    0x200008c4        0x8 E:\HopeProject\minecraft\hmc5883lEmulator/mbed/TARGET_NUCLEO_F411RE/TOOLCHAIN_GCC_ARM\libmbed.a(us_ticker_api.o)
 .bss._ZN12_GLOBAL__N_113__new_handlerE
                0x200008cc        0x4 c:/program files (x86)/gnu tools arm embedded/4.9 2015q3/bin/../lib/gcc/arm-none-eabi/4.9.3/../../../../arm-none-eabi/lib/armv7e-m/softfp\libstdc++_nano.a(new_handler.o)
 .bss.__malloc_sbrk_start
                0x200008d0        0x4 c:/program files (x86)/gnu tools arm embedded/4.9 2015q3/bin/../lib/gcc/arm-none-eabi/4.9.3/../../../../arm-none-eabi/lib/armv7e-m/softfp\libc_nano.a(lib_a-nano-mallocr.o)
                0x200008d0                __malloc_sbrk_start
 .bss.__malloc_free_list
                0x200008d4        0x4 c:/program files (x86)/gnu tools arm embedded/4.9 2015q3/bin/../lib/gcc/arm-none-eabi/4.9.3/../../../../arm-none-eabi/lib/armv7e-m/softfp\libc_nano.a(lib_a-nano-mallocr.o)
                0x200008d4                __malloc_free_list
 *(COMMON)
 COMMON         0x200008d8       0x3c E:\HopeProject\minecraft\hmc5883lEmulator/mbed/TARGET_NUCLEO_F411RE/TOOLCHAIN_GCC_ARM/hal_tick.o
                0x200008d8                TimMasterHandle
 COMMON         0x20000914       0x1c E:\HopeProject\minecraft\hmc5883lEmulator/mbed/TARGET_NUCLEO_F411RE/TOOLCHAIN_GCC_ARM\libmbed.a(serial_api.o)
                0x20000914                stdio_uart
 COMMON         0x20000930        0x4 c:/program files (x86)/gnu tools arm embedded/4.9 2015q3/bin/../lib/gcc/arm-none-eabi/4.9.3/../../../../arm-none-eabi/lib/armv7e-m/softfp\libc_nano.a(lib_a-reent.o)
                0x20000930                errno
                0x20000934                . = ALIGN (0x4)
                0x20000934                __bss_end__ = .
                0x20000934                _ebss = .

.heap           0x20000934        0x0
                0x20000934                __end__ = .
                0x20000934                end = __end__
 *(.heap*)
                0x20000934                __HeapLimit = .

.stack_dummy    0x20000934        0x0
 *(.stack*)
                0x20020000                __StackTop = (ORIGIN (RAM) + 0x1fe68)
                0x20020000                _estack = __StackTop
                0x20020000                __StackLimit = (__StackTop - SIZEOF (.stack_dummy))
                0x20020000                PROVIDE (__stack, __StackTop)
                0x00000001                ASSERT ((__StackLimit >= __HeapLimit), region RAM overflowed with stack)
LOAD ..\obj\stm32f4xx_hal_spi.o
LOAD ..\obj\stm32f4xx_hal_flash_ramfunc.o
LOAD ..\obj\BufferedSerial.o
LOAD ..\obj\cRingBuffer.o
LOAD ..\obj\stm32f4xx_hal_i2c.o
LOAD ..\obj\stm32f4xx_hal_rng.o
LOAD ..\obj\stm32f4xx_hal_ltdc.o
LOAD ..\obj\TestcFrameMsgGetter.o
LOAD ..\obj\stm32f4xx_hal_iwdg.o
LOAD ..\obj\TestcEncoder.o
LOAD ..\obj\stm32f4xx_hal_eth.o
LOAD ..\obj\cDebugUart.o
LOAD ..\obj\stm32f4xx_ll_fsmc.o
LOAD ..\obj\stm32f4xx_hal_rtc.o
LOAD ..\obj\stm32f4xx_hal_uart.o
LOAD ..\obj\stm32f4xx_hal_tim.o
LOAD ..\obj\stm32f4xx_hal_fmpi2c.o
LOAD ..\obj\stm32f4xx_hal_lptim.o
LOAD ..\obj\stm32f4xx_hal_hash_ex.o
LOAD ..\obj\stm32f4xx_hal_dma2d.o
LOAD ..\obj\cFrameMsgGetter.o
LOAD ..\obj\cAssert.o
LOAD ..\obj\stm32f4xx_ll_usb.o
LOAD ..\obj\stm32f4xx_hal_smartcard.o
LOAD ..\obj\stm32f4xx_hal_usart.o
LOAD ..\obj\stm32f4xx_hal_fmpi2c_ex.o
LOAD ..\obj\generalUtility.o
LOAD ..\obj\cEncoder.o
LOAD ..\obj\FSM.o
LOAD ..\obj\main.o
LOAD ..\obj\stm32f4xx_hal_i2s_ex.o
LOAD ..\obj\cInternalStateReport.o
LOAD ..\obj\stm32f4xx_it.o
LOAD ..\obj\stm32f4xx_hal_flash.o
LOAD ..\obj\stm32f4xx_hal_pwr.o
LOAD ..\obj\TestCRC.o
LOAD ..\obj\TestcRBTRS232ProtocolWrapper.o
LOAD ..\obj\stm32f4xx_hal_can.o
LOAD ..\obj\stm32f4xx_hal_spdifrx.o
LOAD ..\obj\stm32f4xx_hal_irda.o
LOAD ..\obj\stm32f4xx_hal_dsi.o
LOAD ..\obj\stm32f4xx_hal_adc_ex.o
LOAD ..\obj\stm32f4xx_hal_dac.o
LOAD ..\obj\stm32f4xx_hal_sd.o
LOAD ..\obj\stm32f4xx_hal_rtc_ex.o
LOAD ..\obj\stm32f4xx_hal.o
LOAD ..\obj\stm32f4xx_hal_dma_ex.o
LOAD ..\obj\stm32f4xx_hal_rcc_ex.o
LOAD ..\obj\stm32f4xx_hal_crc.o
LOAD ..\obj\stm32f4xx_hal_ltdc_ex.o
LOAD ..\obj\stm32f4xx_hal_qspi.o
LOAD ..\obj\stm32f4xx_hal_sdram.o
LOAD ..\obj\crc.o
LOAD ..\obj\stm32f4xx_hal_dcmi.o
LOAD ..\obj\stm32f4xx_hal_rcc.o
LOAD ..\obj\stm32f4xx_hal_flash_ex.o
LOAD ..\obj\stm32f4xx_hal_cortex.o
LOAD ..\obj\I2CSlave1.o
LOAD ..\obj\stm32f4xx_hal_sai_ex.o
LOAD ..\obj\stm32f4xx_hal_adc.o
LOAD ..\obj\stm32f4xx_hal_i2s.o
LOAD ..\obj\stm32f4xx_hal_pcd.o
LOAD ..\obj\stm32f4xx_hal_dfsdm.o
LOAD ..\obj\stm32f4xx_hal_cryp.o
LOAD ..\obj\MyBuffer.o
LOAD ..\obj\stm32f4xx_hal_pcd_ex.o
LOAD ..\obj\stm32f4xx_hal_gpio.o
LOAD ..\obj\cRBTRS232ProtocolWrapper.o
LOAD ..\obj\stm32f4xx_hal_i2c_ex.o
LOAD ..\obj\stm32f4xx_hal_nor.o
LOAD ..\obj\stm32f4xx_hal_nand.o
LOAD ..\obj\stm32f4xx_hal_sram.o
LOAD ..\obj\stm32f4xx_hal_pccard.o
LOAD ..\obj\stm32f4xx_hal_dac_ex.o
LOAD ..\obj\stm32f4xx_hal_cec.o
LOAD ..\obj\stm32f4xx_hal_hcd.o
LOAD ..\obj\stm32f4xx_hal_pwr_ex.o
LOAD ..\obj\stm32f4xx_hal_tim_ex.o
LOAD ..\obj\stm32f4xx_ll_fmc.o
LOAD ..\obj\stm32f4xx_ll_sdmmc.o
LOAD ..\obj\stm32f4xx_hal_cryp_ex.o
LOAD ..\obj\stm32f4xx_hal_hash.o
LOAD ..\obj\stm32f4xx_hal_sai.o
LOAD ..\obj\stm32f4xx_hal_msp_template.o
LOAD ..\obj\stm32f4xx_hal_dma.o
LOAD ..\obj\stm32f4xx_hal_dcmi_ex.o
LOAD ..\obj\TestcIMUOdometry.o
LOAD ..\obj\stm32f4xx_hal_wwdg.o
LOAD ..\obj\testTelemetry.o
LOAD ..\obj\cIMUOdometry.o
LOAD E:\HopeProject\minecraft\hmc5883lEmulator/mbed/TARGET_NUCLEO_F411RE/TOOLCHAIN_GCC_ARM\libmbed.a
LOAD c:/program files (x86)/gnu tools arm embedded/4.9 2015q3/bin/../lib/gcc/arm-none-eabi/4.9.3/../../../../arm-none-eabi/lib/armv7e-m/softfp\libstdc++_nano.a
LOAD c:/program files (x86)/gnu tools arm embedded/4.9 2015q3/bin/../lib/gcc/arm-none-eabi/4.9.3/../../../../arm-none-eabi/lib/armv7e-m/softfp\libsupc++_nano.a
LOAD c:/program files (x86)/gnu tools arm embedded/4.9 2015q3/bin/../lib/gcc/arm-none-eabi/4.9.3/../../../../arm-none-eabi/lib/armv7e-m/softfp\libm.a
LOAD c:/program files (x86)/gnu tools arm embedded/4.9 2015q3/bin/../lib/gcc/arm-none-eabi/4.9.3/armv7e-m/softfp\libgcc.a
LOAD c:/program files (x86)/gnu tools arm embedded/4.9 2015q3/bin/../lib/gcc/arm-none-eabi/4.9.3/../../../../arm-none-eabi/lib/armv7e-m/softfp\libc_nano.a
LOAD c:/program files (x86)/gnu tools arm embedded/4.9 2015q3/bin/../lib/gcc/arm-none-eabi/4.9.3/../../../../arm-none-eabi/lib/armv7e-m/softfp\libnosys.a
START GROUP
LOAD c:/program files (x86)/gnu tools arm embedded/4.9 2015q3/bin/../lib/gcc/arm-none-eabi/4.9.3/armv7e-m/softfp\libgcc.a
LOAD c:/program files (x86)/gnu tools arm embedded/4.9 2015q3/bin/../lib/gcc/arm-none-eabi/4.9.3/../../../../arm-none-eabi/lib/armv7e-m/softfp\libg_nano.a
LOAD c:/program files (x86)/gnu tools arm embedded/4.9 2015q3/bin/../lib/gcc/arm-none-eabi/4.9.3/../../../../arm-none-eabi/lib/armv7e-m/softfp\libc_nano.a
END GROUP
START GROUP
LOAD c:/program files (x86)/gnu tools arm embedded/4.9 2015q3/bin/../lib/gcc/arm-none-eabi/4.9.3/armv7e-m/softfp\libgcc.a
LOAD c:/program files (x86)/gnu tools arm embedded/4.9 2015q3/bin/../lib/gcc/arm-none-eabi/4.9.3/../../../../arm-none-eabi/lib/armv7e-m/softfp\libc_nano.a
END GROUP
LOAD c:/program files (x86)/gnu tools arm embedded/4.9 2015q3/bin/../lib/gcc/arm-none-eabi/4.9.3/armv7e-m/softfp/crtend.o
LOAD c:/program files (x86)/gnu tools arm embedded/4.9 2015q3/bin/../lib/gcc/arm-none-eabi/4.9.3/armv7e-m/softfp/crtn.o
OUTPUT(hmc5883lEmulator.elf elf32-littlearm)

.ARM.attributes
                0x00000000       0x2e
 .ARM.attributes
                0x00000000       0x22 c:/program files (x86)/gnu tools arm embedded/4.9 2015q3/bin/../lib/gcc/arm-none-eabi/4.9.3/armv7e-m/softfp/crti.o
 .ARM.attributes
                0x00000022       0x32 c:/program files (x86)/gnu tools arm embedded/4.9 2015q3/bin/../lib/gcc/arm-none-eabi/4.9.3/armv7e-m/softfp/crtbegin.o
 .ARM.attributes
                0x00000054       0x20 c:/program files (x86)/gnu tools arm embedded/4.9 2015q3/bin/../lib/gcc/arm-none-eabi/4.9.3/../../../../arm-none-eabi/lib/armv7e-m/softfp/crt0.o
 .ARM.attributes
                0x00000074       0x37 E:\HopeProject\minecraft\hmc5883lEmulator/mbed/TARGET_NUCLEO_F411RE/TOOLCHAIN_GCC_ARM/board.o
 .ARM.attributes
                0x000000ab       0x37 E:\HopeProject\minecraft\hmc5883lEmulator/mbed/TARGET_NUCLEO_F411RE/TOOLCHAIN_GCC_ARM/cmsis_nvic.o
 .ARM.attributes
                0x000000e2       0x37 E:\HopeProject\minecraft\hmc5883lEmulator/mbed/TARGET_NUCLEO_F411RE/TOOLCHAIN_GCC_ARM/hal_tick.o
 .ARM.attributes
                0x00000119       0x37 E:\HopeProject\minecraft\hmc5883lEmulator/mbed/TARGET_NUCLEO_F411RE/TOOLCHAIN_GCC_ARM/mbed_overrides.o
 .ARM.attributes
                0x00000150       0x37 E:\HopeProject\minecraft\hmc5883lEmulator/mbed/TARGET_NUCLEO_F411RE/TOOLCHAIN_GCC_ARM/retarget.o
 .ARM.attributes
                0x00000187       0x21 E:\HopeProject\minecraft\hmc5883lEmulator/mbed/TARGET_NUCLEO_F411RE/TOOLCHAIN_GCC_ARM/startup_stm32f411xe.o
 .ARM.attributes
                0x000001a8       0x37 E:\HopeProject\minecraft\hmc5883lEmulator/mbed/TARGET_NUCLEO_F411RE/TOOLCHAIN_GCC_ARM/system_stm32f4xx.o
 .ARM.attributes
                0x000001df       0x37 ..\obj\BufferedSerial.o
 .ARM.attributes
                0x00000216       0x37 ..\obj\stm32f4xx_hal_i2c.o
 .ARM.attributes
                0x0000024d       0x37 ..\obj\stm32f4xx_hal_uart.o
 .ARM.attributes
                0x00000284       0x37 ..\obj\stm32f4xx_hal_tim.o
 .ARM.attributes
                0x000002bb       0x37 ..\obj\cFrameMsgGetter.o
 .ARM.attributes
                0x000002f2       0x37 ..\obj\cAssert.o
 .ARM.attributes
                0x00000329       0x37 ..\obj\generalUtility.o
 .ARM.attributes
                0x00000360       0x37 ..\obj\main.o
 .ARM.attributes
                0x00000397       0x37 ..\obj\stm32f4xx_it.o
 .ARM.attributes
                0x000003ce       0x37 ..\obj\stm32f4xx_hal.o
 .ARM.attributes
                0x00000405       0x37 ..\obj\stm32f4xx_hal_rcc.o
 .ARM.attributes
                0x0000043c       0x37 ..\obj\stm32f4xx_hal_cortex.o
 .ARM.attributes
                0x00000473       0x37 ..\obj\I2CSlave1.o
 .ARM.attributes
                0x000004aa       0x37 ..\obj\MyBuffer.o
 .ARM.attributes
                0x000004e1       0x37 ..\obj\stm32f4xx_hal_gpio.o
 .ARM.attributes
                0x00000518       0x37 ..\obj\cRBTRS232ProtocolWrapper.o
 .ARM.attributes
                0x0000054f       0x37 ..\obj\stm32f4xx_hal_msp_template.o
 .ARM.attributes
                0x00000586       0x37 ..\obj\TestcIMUOdometry.o
 .ARM.attributes
                0x000005bd       0x37 ..\obj\cIMUOdometry.o
 .ARM.attributes
                0x000005f4       0x37 E:\HopeProject\minecraft\hmc5883lEmulator/mbed/TARGET_NUCLEO_F411RE/TOOLCHAIN_GCC_ARM\libmbed.a(serial_api.o)
 .ARM.attributes
                0x0000062b       0x37 E:\HopeProject\minecraft\hmc5883lEmulator/mbed/TARGET_NUCLEO_F411RE/TOOLCHAIN_GCC_ARM\libmbed.a(us_ticker.o)
 .ARM.attributes
                0x00000662       0x37 E:\HopeProject\minecraft\hmc5883lEmulator/mbed/TARGET_NUCLEO_F411RE/TOOLCHAIN_GCC_ARM\libmbed.a(RawSerial.o)
 .ARM.attributes
                0x00000699       0x37 E:\HopeProject\minecraft\hmc5883lEmulator/mbed/TARGET_NUCLEO_F411RE/TOOLCHAIN_GCC_ARM\libmbed.a(SerialBase.o)
 .ARM.attributes
                0x000006d0       0x37 E:\HopeProject\minecraft\hmc5883lEmulator/mbed/TARGET_NUCLEO_F411RE/TOOLCHAIN_GCC_ARM\libmbed.a(assert.o)
 .ARM.attributes
                0x00000707       0x37 E:\HopeProject\minecraft\hmc5883lEmulator/mbed/TARGET_NUCLEO_F411RE/TOOLCHAIN_GCC_ARM\libmbed.a(error.o)
 .ARM.attributes
                0x0000073e       0x37 E:\HopeProject\minecraft\hmc5883lEmulator/mbed/TARGET_NUCLEO_F411RE/TOOLCHAIN_GCC_ARM\libmbed.a(gpio.o)
 .ARM.attributes
                0x00000775       0x37 E:\HopeProject\minecraft\hmc5883lEmulator/mbed/TARGET_NUCLEO_F411RE/TOOLCHAIN_GCC_ARM\libmbed.a(pinmap_common.o)
 .ARM.attributes
                0x000007ac       0x37 E:\HopeProject\minecraft\hmc5883lEmulator/mbed/TARGET_NUCLEO_F411RE/TOOLCHAIN_GCC_ARM\libmbed.a(rtc_time.o)
 .ARM.attributes
                0x000007e3       0x37 E:\HopeProject\minecraft\hmc5883lEmulator/mbed/TARGET_NUCLEO_F411RE/TOOLCHAIN_GCC_ARM\libmbed.a(us_ticker_api.o)
 .ARM.attributes
                0x0000081a       0x37 E:\HopeProject\minecraft\hmc5883lEmulator/mbed/TARGET_NUCLEO_F411RE/TOOLCHAIN_GCC_ARM\libmbed.a(wait_api.o)
 .ARM.attributes
                0x00000851       0x37 E:\HopeProject\minecraft\hmc5883lEmulator/mbed/TARGET_NUCLEO_F411RE/TOOLCHAIN_GCC_ARM\libmbed.a(PeripheralPins.o)
 .ARM.attributes
                0x00000888       0x37 E:\HopeProject\minecraft\hmc5883lEmulator/mbed/TARGET_NUCLEO_F411RE/TOOLCHAIN_GCC_ARM\libmbed.a(gpio_api.o)
 .ARM.attributes
                0x000008bf       0x37 E:\HopeProject\minecraft\hmc5883lEmulator/mbed/TARGET_NUCLEO_F411RE/TOOLCHAIN_GCC_ARM\libmbed.a(pinmap.o)
 .ARM.attributes
                0x000008f6       0x37 E:\HopeProject\minecraft\hmc5883lEmulator/mbed/TARGET_NUCLEO_F411RE/TOOLCHAIN_GCC_ARM\libmbed.a(ticker_api.o)
 .ARM.attributes
                0x0000092d       0x32 c:/program files (x86)/gnu tools arm embedded/4.9 2015q3/bin/../lib/gcc/arm-none-eabi/4.9.3/../../../../arm-none-eabi/lib/armv7e-m/softfp\libstdc++_nano.a(del_opv.o)
 .ARM.attributes
                0x0000095f       0x32 c:/program files (x86)/gnu tools arm embedded/4.9 2015q3/bin/../lib/gcc/arm-none-eabi/4.9.3/../../../../arm-none-eabi/lib/armv7e-m/softfp\libstdc++_nano.a(atexit_arm.o)
 .ARM.attributes
                0x00000991       0x32 c:/program files (x86)/gnu tools arm embedded/4.9 2015q3/bin/../lib/gcc/arm-none-eabi/4.9.3/../../../../arm-none-eabi/lib/armv7e-m/softfp\libstdc++_nano.a(del_op.o)
 .ARM.attributes
                0x000009c3       0x32 c:/program files (x86)/gnu tools arm embedded/4.9 2015q3/bin/../lib/gcc/arm-none-eabi/4.9.3/../../../../arm-none-eabi/lib/armv7e-m/softfp\libstdc++_nano.a(new_op.o)
 .ARM.attributes
                0x000009f5       0x32 c:/program files (x86)/gnu tools arm embedded/4.9 2015q3/bin/../lib/gcc/arm-none-eabi/4.9.3/../../../../arm-none-eabi/lib/armv7e-m/softfp\libstdc++_nano.a(new_opv.o)
 .ARM.attributes
                0x00000a27       0x32 c:/program files (x86)/gnu tools arm embedded/4.9 2015q3/bin/../lib/gcc/arm-none-eabi/4.9.3/../../../../arm-none-eabi/lib/armv7e-m/softfp\libstdc++_nano.a(new_handler.o)
 .ARM.attributes
                0x00000a59       0x32 c:/program files (x86)/gnu tools arm embedded/4.9 2015q3/bin/../lib/gcc/arm-none-eabi/4.9.3/../../../../arm-none-eabi/lib/armv7e-m/softfp\libm.a(lib_a-sf_cos.o)
 .ARM.attributes
                0x00000a8b       0x32 c:/program files (x86)/gnu tools arm embedded/4.9 2015q3/bin/../lib/gcc/arm-none-eabi/4.9.3/../../../../arm-none-eabi/lib/armv7e-m/softfp\libm.a(lib_a-sf_sin.o)
 .ARM.attributes
                0x00000abd       0x32 c:/program files (x86)/gnu tools arm embedded/4.9 2015q3/bin/../lib/gcc/arm-none-eabi/4.9.3/../../../../arm-none-eabi/lib/armv7e-m/softfp\libm.a(lib_a-ef_rem_pio2.o)
 .ARM.attributes
                0x00000aef       0x32 c:/program files (x86)/gnu tools arm embedded/4.9 2015q3/bin/../lib/gcc/arm-none-eabi/4.9.3/../../../../arm-none-eabi/lib/armv7e-m/softfp\libm.a(lib_a-kf_cos.o)
 .ARM.attributes
                0x00000b21       0x32 c:/program files (x86)/gnu tools arm embedded/4.9 2015q3/bin/../lib/gcc/arm-none-eabi/4.9.3/../../../../arm-none-eabi/lib/armv7e-m/softfp\libm.a(lib_a-kf_rem_pio2.o)
 .ARM.attributes
                0x00000b53       0x32 c:/program files (x86)/gnu tools arm embedded/4.9 2015q3/bin/../lib/gcc/arm-none-eabi/4.9.3/../../../../arm-none-eabi/lib/armv7e-m/softfp\libm.a(lib_a-kf_sin.o)
 .ARM.attributes
                0x00000b85       0x32 c:/program files (x86)/gnu tools arm embedded/4.9 2015q3/bin/../lib/gcc/arm-none-eabi/4.9.3/../../../../arm-none-eabi/lib/armv7e-m/softfp\libm.a(lib_a-sf_fabs.o)
 .ARM.attributes
                0x00000bb7       0x32 c:/program files (x86)/gnu tools arm embedded/4.9 2015q3/bin/../lib/gcc/arm-none-eabi/4.9.3/../../../../arm-none-eabi/lib/armv7e-m/softfp\libm.a(lib_a-sf_floor.o)
 .ARM.attributes
                0x00000be9       0x32 c:/program files (x86)/gnu tools arm embedded/4.9 2015q3/bin/../lib/gcc/arm-none-eabi/4.9.3/../../../../arm-none-eabi/lib/armv7e-m/softfp\libm.a(lib_a-sf_scalbn.o)
 .ARM.attributes
                0x00000c1b       0x32 c:/program files (x86)/gnu tools arm embedded/4.9 2015q3/bin/../lib/gcc/arm-none-eabi/4.9.3/../../../../arm-none-eabi/lib/armv7e-m/softfp\libm.a(lib_a-sf_copysign.o)
 .ARM.attributes
                0x00000c4d       0x22 c:/program files (x86)/gnu tools arm embedded/4.9 2015q3/bin/../lib/gcc/arm-none-eabi/4.9.3/armv7e-m/softfp\libgcc.a(_arm_addsubdf3.o)
 .ARM.attributes
                0x00000c6f       0x22 c:/program files (x86)/gnu tools arm embedded/4.9 2015q3/bin/../lib/gcc/arm-none-eabi/4.9.3/armv7e-m/softfp\libgcc.a(_arm_muldivdf3.o)
 .ARM.attributes
                0x00000c91       0x22 c:/program files (x86)/gnu tools arm embedded/4.9 2015q3/bin/../lib/gcc/arm-none-eabi/4.9.3/armv7e-m/softfp\libgcc.a(_arm_truncdfsf2.o)
 .ARM.attributes