Archive member included because of file (symbol)

E:\HopeProject\minecraft\hmc5883lEmulator/mbed/TARGET_NUCLEO_F411RE/TOOLCHAIN_GCC_ARM\libmbed.a(serial_api.o)
                              E:\HopeProject\minecraft\hmc5883lEmulator/mbed/TARGET_NUCLEO_F411RE/TOOLCHAIN_GCC_ARM/retarget.o (serial_init)
E:\HopeProject\minecraft\hmc5883lEmulator/mbed/TARGET_NUCLEO_F411RE/TOOLCHAIN_GCC_ARM\libmbed.a(us_ticker.o)
                              E:\HopeProject\minecraft\hmc5883lEmulator/mbed/TARGET_NUCLEO_F411RE/TOOLCHAIN_GCC_ARM/mbed_overrides.o (us_ticker_read)
E:\HopeProject\minecraft\hmc5883lEmulator/mbed/TARGET_NUCLEO_F411RE/TOOLCHAIN_GCC_ARM\libmbed.a(FilePath.o)
                              E:\HopeProject\minecraft\hmc5883lEmulator/mbed/TARGET_NUCLEO_F411RE/TOOLCHAIN_GCC_ARM/retarget.o (mbed::FilePath::FilePath(char const*))
E:\HopeProject\minecraft\hmc5883lEmulator/mbed/TARGET_NUCLEO_F411RE/TOOLCHAIN_GCC_ARM\libmbed.a(FileSystemLike.o)
                              E:\HopeProject\minecraft\hmc5883lEmulator/mbed/TARGET_NUCLEO_F411RE/TOOLCHAIN_GCC_ARM/retarget.o (mbed::FileSystemLike::opendir())
E:\HopeProject\minecraft\hmc5883lEmulator/mbed/TARGET_NUCLEO_F411RE/TOOLCHAIN_GCC_ARM\libmbed.a(I2CSlave.o)
                              ..\obj\main.o (mbed::I2CSlave::I2CSlave(PinName, PinName))
E:\HopeProject\minecraft\hmc5883lEmulator/mbed/TARGET_NUCLEO_F411RE/TOOLCHAIN_GCC_ARM\libmbed.a(RawSerial.o)
                              ..\obj\BufferedSerial.o (mbed::RawSerial::RawSerial(PinName, PinName))
E:\HopeProject\minecraft\hmc5883lEmulator/mbed/TARGET_NUCLEO_F411RE/TOOLCHAIN_GCC_ARM\libmbed.a(SerialBase.o)
                              E:\HopeProject\minecraft\hmc5883lEmulator/mbed/TARGET_NUCLEO_F411RE/TOOLCHAIN_GCC_ARM\libmbed.a(RawSerial.o) (mbed::SerialBase::SerialBase(PinName, PinName))
E:\HopeProject\minecraft\hmc5883lEmulator/mbed/TARGET_NUCLEO_F411RE/TOOLCHAIN_GCC_ARM\libmbed.a(assert.o)
                              E:\HopeProject\minecraft\hmc5883lEmulator/mbed/TARGET_NUCLEO_F411RE/TOOLCHAIN_GCC_ARM/board.o (mbed_assert_internal)
E:\HopeProject\minecraft\hmc5883lEmulator/mbed/TARGET_NUCLEO_F411RE/TOOLCHAIN_GCC_ARM\libmbed.a(error.o)
                              E:\HopeProject\minecraft\hmc5883lEmulator/mbed/TARGET_NUCLEO_F411RE/TOOLCHAIN_GCC_ARM/retarget.o (error)
E:\HopeProject\minecraft\hmc5883lEmulator/mbed/TARGET_NUCLEO_F411RE/TOOLCHAIN_GCC_ARM\libmbed.a(gpio.o)
                              E:\HopeProject\minecraft\hmc5883lEmulator/mbed/TARGET_NUCLEO_F411RE/TOOLCHAIN_GCC_ARM/board.o (gpio_init_out)
E:\HopeProject\minecraft\hmc5883lEmulator/mbed/TARGET_NUCLEO_F411RE/TOOLCHAIN_GCC_ARM\libmbed.a(pinmap_common.o)
                              E:\HopeProject\minecraft\hmc5883lEmulator/mbed/TARGET_NUCLEO_F411RE/TOOLCHAIN_GCC_ARM\libmbed.a(serial_api.o) (pinmap_pinout)
E:\HopeProject\minecraft\hmc5883lEmulator/mbed/TARGET_NUCLEO_F411RE/TOOLCHAIN_GCC_ARM\libmbed.a(rtc_time.o)
                              ..\obj\main.o (clock)
E:\HopeProject\minecraft\hmc5883lEmulator/mbed/TARGET_NUCLEO_F411RE/TOOLCHAIN_GCC_ARM\libmbed.a(us_ticker_api.o)
                              E:\HopeProject\minecraft\hmc5883lEmulator/mbed/TARGET_NUCLEO_F411RE/TOOLCHAIN_GCC_ARM/hal_tick.o (us_ticker_irq_handler)
E:\HopeProject\minecraft\hmc5883lEmulator/mbed/TARGET_NUCLEO_F411RE/TOOLCHAIN_GCC_ARM\libmbed.a(wait_api.o)
                              ..\obj\TestcIMUOdometry.o (wait_us)
E:\HopeProject\minecraft\hmc5883lEmulator/mbed/TARGET_NUCLEO_F411RE/TOOLCHAIN_GCC_ARM\libmbed.a(PeripheralPins.o)
                              E:\HopeProject\minecraft\hmc5883lEmulator/mbed/TARGET_NUCLEO_F411RE/TOOLCHAIN_GCC_ARM\libmbed.a(serial_api.o) (PinMap_UART_RX)
E:\HopeProject\minecraft\hmc5883lEmulator/mbed/TARGET_NUCLEO_F411RE/TOOLCHAIN_GCC_ARM\libmbed.a(gpio_api.o)
                              E:\HopeProject\minecraft\hmc5883lEmulator/mbed/TARGET_NUCLEO_F411RE/TOOLCHAIN_GCC_ARM\libmbed.a(gpio.o) (gpio_init)
E:\HopeProject\minecraft\hmc5883lEmulator/mbed/TARGET_NUCLEO_F411RE/TOOLCHAIN_GCC_ARM\libmbed.a(i2c_api.o)
                              E:\HopeProject\minecraft\hmc5883lEmulator/mbed/TARGET_NUCLEO_F411RE/TOOLCHAIN_GCC_ARM\libmbed.a(I2CSlave.o) (i2c_frequency)
E:\HopeProject\minecraft\hmc5883lEmulator/mbed/TARGET_NUCLEO_F411RE/TOOLCHAIN_GCC_ARM\libmbed.a(pinmap.o)
                              E:\HopeProject\minecraft\hmc5883lEmulator/mbed/TARGET_NUCLEO_F411RE/TOOLCHAIN_GCC_ARM\libmbed.a(gpio_api.o) (Set_GPIO_Clock)
E:\HopeProject\minecraft\hmc5883lEmulator/mbed/TARGET_NUCLEO_F411RE/TOOLCHAIN_GCC_ARM\libmbed.a(rtc_api.o)
                              E:\HopeProject\minecraft\hmc5883lEmulator/mbed/TARGET_NUCLEO_F411RE/TOOLCHAIN_GCC_ARM\libmbed.a(rtc_time.o) (rtc_init)
E:\HopeProject\minecraft\hmc5883lEmulator/mbed/TARGET_NUCLEO_F411RE/TOOLCHAIN_GCC_ARM\libmbed.a(FileBase.o)
[...]
Memory Configuration

Name             Origin             Length             Attributes
FLASH            0x08000000         0x00080000         xr
RAM              0x20000198         0x0001fe68         xrw
*default*        0x00000000         0xffffffff

Linker script and memory map

LOAD c:/program files (x86)/gnu tools arm embedded/4.9 2015q3/bin/../lib/gcc/arm-none-eabi/4.9.3/armv7e-m/softfp/crti.o
LOAD c:/program files (x86)/gnu tools arm embedded/4.9 2015q3/bin/../lib/gcc/arm-none-eabi/4.9.3/armv7e-m/softfp/crtbegin.o
LOAD c:/program files (x86)/gnu tools arm embedded/4.9 2015q3/bin/../lib/gcc/arm-none-eabi/4.9.3/../../../../arm-none-eabi/lib/armv7e-m/softfp/crt0.o
LOAD E:\HopeProject\minecraft\hmc5883lEmulator/mbed/TARGET_NUCLEO_F411RE/TOOLCHAIN_GCC_ARM/stm32f4xx_hal_flash_ramfunc.o
LOAD E:\HopeProject\minecraft\hmc5883lEmulator/mbed/TARGET_NUCLEO_F411RE/TOOLCHAIN_GCC_ARM/board.o
LOAD E:\HopeProject\minecraft\hmc5883lEmulator/mbed/TARGET_NUCLEO_F411RE/TOOLCHAIN_GCC_ARM/cmsis_nvic.o
LOAD E:\HopeProject\minecraft\hmc5883lEmulator/mbed/TARGET_NUCLEO_F411RE/TOOLCHAIN_GCC_ARM/hal_tick.o
LOAD E:\HopeProject\minecraft\hmc5883lEmulator/mbed/TARGET_NUCLEO_F411RE/TOOLCHAIN_GCC_ARM/mbed_overrides.o
LOAD E:\HopeProject\minecraft\hmc5883lEmulator/mbed/TARGET_NUCLEO_F411RE/TOOLCHAIN_GCC_ARM/retarget.o
LOAD E:\HopeProject\minecraft\hmc5883lEmulator/mbed/TARGET_NUCLEO_F411RE/TOOLCHAIN_GCC_ARM/startup_stm32f411xe.o
LOAD E:\HopeProject\minecraft\hmc5883lEmulator/mbed/TARGET_NUCLEO_F411RE/TOOLCHAIN_GCC_ARM/stm32f4xx_hal.o
LOAD E:\HopeProject\minecraft\hmc5883lEmulator/mbed/TARGET_NUCLEO_F411RE/TOOLCHAIN_GCC_ARM/stm32f4xx_hal_adc.o
LOAD E:\HopeProject\minecraft\hmc5883lEmulator/mbed/TARGET_NUCLEO_F411RE/TOOLCHAIN_GCC_ARM/stm32f4xx_hal_adc_ex.o
LOAD E:\HopeProject\minecraft\hmc5883lEmulator/mbed/TARGET_NUCLEO_F411RE/TOOLCHAIN_GCC_ARM/stm32f4xx_hal_can.o
LOAD E:\HopeProject\minecraft\hmc5883lEmulator/mbed/TARGET_NUCLEO_F411RE/TOOLCHAIN_GCC_ARM/stm32f4xx_hal_cec.o
LOAD E:\HopeProject\minecraft\hmc5883lEmulator/mbed/TARGET_NUCLEO_F411RE/TOOLCHAIN_GCC_ARM/stm32f4xx_hal_cortex.o
LOAD E:\HopeProject\minecraft\hmc5883lEmulator/mbed/TARGET_NUCLEO_F411RE/TOOLCHAIN_GCC_ARM/stm32f4xx_hal_crc.o
LOAD E:\HopeProject\minecraft\hmc5883lEmulator/mbed/TARGET_NUCLEO_F411RE/TOOLCHAIN_GCC_ARM/stm32f4xx_hal_cryp.o
LOAD E:\HopeProject\minecraft\hmc5883lEmulator/mbed/TARGET_NUCLEO_F411RE/TOOLCHAIN_GCC_ARM/stm32f4xx_hal_cryp_ex.o
LOAD E:\HopeProject\minecraft\hmc5883lEmulator/mbed/TARGET_NUCLEO_F411RE/TOOLCHAIN_GCC_ARM/stm32f4xx_hal_dac.o
LOAD E:\HopeProject\minecraft\hmc5883lEmulator/mbed/TARGET_NUCLEO_F411RE/TOOLCHAIN_GCC_ARM/stm32f4xx_hal_dac_ex.o
LOAD E:\HopeProject\minecraft\hmc5883lEmulator/mbed/TARGET_NUCLEO_F411RE/TOOLCHAIN_GCC_ARM/stm32f4xx_hal_dcmi.o
LOAD E:\HopeProject\minecraft\hmc5883lEmulator/mbed/TARGET_NUCLEO_F411RE/TOOLCHAIN_GCC_ARM/stm32f4xx_hal_dcmi_ex.o
LOAD E:\HopeProject\minecraft\hmc5883lEmulator/mbed/TARGET_NUCLEO_F411RE/TOOLCHAIN_GCC_ARM/stm32f4xx_hal_dma.o
LOAD E:\HopeProject\minecraft\hmc5883lEmulator/mbed/TARGET_NUCLEO_F411RE/TOOLCHAIN_GCC_ARM/stm32f4xx_hal_dma2d.o
LOAD E:\HopeProject\minecraft\hmc5883lEmulator/mbed/TARGET_NUCLEO_F411RE/TOOLCHAIN_GCC_ARM/stm32f4xx_hal_dma_ex.o
LOAD E:\HopeProject\minecraft\hmc5883lEmulator/mbed/TARGET_NUCLEO_F411RE/TOOLCHAIN_GCC_ARM/stm32f4xx_hal_dsi.o
LOAD E:\HopeProject\minecraft\hmc5883lEmulator/mbed/TARGET_NUCLEO_F411RE/TOOLCHAIN_GCC_ARM/stm32f4xx_hal_eth.o
LOAD E:\HopeProject\minecraft\hmc5883lEmulator/mbed/TARGET_NUCLEO_F411RE/TOOLCHAIN_GCC_ARM/stm32f4xx_hal_flash.o
LOAD E:\HopeProject\minecraft\hmc5883lEmulator/mbed/TARGET_NUCLEO_F411RE/TOOLCHAIN_GCC_ARM/stm32f4xx_hal_flash_ex.o
LOAD E:\HopeProject\minecraft\hmc5883lEmulator/mbed/TARGET_NUCLEO_F411RE/TOOLCHAIN_GCC_ARM/stm32f4xx_hal_fmpi2c_ex.o
LOAD E:\HopeProject\minecraft\hmc5883lEmulator/mbed/TARGET_NUCLEO_F411RE/TOOLCHAIN_GCC_ARM/stm32f4xx_hal_fmpi2c.o
LOAD E:\HopeProject\minecraft\hmc5883lEmulator/mbed/TARGET_NUCLEO_F411RE/TOOLCHAIN_GCC_ARM/stm32f4xx_hal_msp_template.o
LOAD E:\HopeProject\minecraft\hmc5883lEmulator/mbed/TARGET_NUCLEO_F411RE/TOOLCHAIN_GCC_ARM/stm32f4xx_hal_gpio.o
LOAD E:\HopeProject\minecraft\hmc5883lEmulator/mbed/TARGET_NUCLEO_F411RE/TOOLCHAIN_GCC_ARM/stm32f4xx_hal_hash.o
LOAD E:\HopeProject\minecraft\hmc5883lEmulator/mbed/TARGET_NUCLEO_F411RE/TOOLCHAIN_GCC_ARM/stm32f4xx_hal_hash_ex.o
LOAD E:\HopeProject\minecraft\hmc5883lEmulator/mbed/TARGET_NUCLEO_F411RE/TOOLCHAIN_GCC_ARM/stm32f4xx_hal_hcd.o
LOAD E:\HopeProject\minecraft\hmc5883lEmulator/mbed/TARGET_NUCLEO_F411RE/TOOLCHAIN_GCC_ARM/stm32f4xx_hal_i2c.o
LOAD E:\HopeProject\minecraft\hmc5883lEmulator/mbed/TARGET_NUCLEO_F411RE/TOOLCHAIN_GCC_ARM/stm32f4xx_hal_i2c_ex.o
LOAD E:\HopeProject\minecraft\hmc5883lEmulator/mbed/TARGET_NUCLEO_F411RE/TOOLCHAIN_GCC_ARM/stm32f4xx_hal_i2s.o
LOAD E:\HopeProject\minecraft\hmc5883lEmulator/mbed/TARGET_NUCLEO_F411RE/TOOLCHAIN_GCC_ARM/stm32f4xx_hal_i2s_ex.o
LOAD E:\HopeProject\minecraft\hmc5883lEmulator/mbed/TARGET_NUCLEO_F411RE/TOOLCHAIN_GCC_ARM/stm32f4xx_hal_irda.o
LOAD E:\HopeProject\minecraft\hmc5883lEmulator/mbed/TARGET_NUCLEO_F411RE/TOOLCHAIN_GCC_ARM/stm32f4xx_hal_iwdg.o
LOAD E:\HopeProject\minecraft\hmc5883lEmulator/mbed/TARGET_NUCLEO_F411RE/TOOLCHAIN_GCC_ARM/stm32f4xx_hal_lptim.o
LOAD E:\HopeProject\minecraft\hmc5883lEmulator/mbed/TARGET_NUCLEO_F411RE/TOOLCHAIN_GCC_ARM/stm32f4xx_hal_ltdc.o
LOAD E:\HopeProject\minecraft\hmc5883lEmulator/mbed/TARGET_NUCLEO_F411RE/TOOLCHAIN_GCC_ARM/stm32f4xx_hal_ltdc_ex.o
LOAD E:\HopeProject\minecraft\hmc5883lEmulator/mbed/TARGET_NUCLEO_F411RE/TOOLCHAIN_GCC_ARM/stm32f4xx_hal_smartcard.o
LOAD E:\HopeProject\minecraft\hmc5883lEmulator/mbed/TARGET_NUCLEO_F411RE/TOOLCHAIN_GCC_ARM/stm32f4xx_hal_nand.o
LOAD E:\HopeProject\minecraft\hmc5883lEmulator/mbed/TARGET_NUCLEO_F411RE/TOOLCHAIN_GCC_ARM/stm32f4xx_hal_nor.o
LOAD E:\HopeProject\minecraft\hmc5883lEmulator/mbed/TARGET_NUCLEO_F411RE/TOOLCHAIN_GCC_ARM/stm32f4xx_hal_pccard.o
LOAD E:\HopeProject\minecraft\hmc5883lEmulator/mbed/TARGET_NUCLEO_F411RE/TOOLCHAIN_GCC_ARM/stm32f4xx_hal_pcd.o
LOAD E:\HopeProject\minecraft\hmc5883lEmulator/mbed/TARGET_NUCLEO_F411RE/TOOLCHAIN_GCC_ARM/stm32f4xx_hal_pcd_ex.o
LOAD E:\HopeProject\minecraft\hmc5883lEmulator/mbed/TARGET_NUCLEO_F411RE/TOOLCHAIN_GCC_ARM/stm32f4xx_hal_pwr.o
LOAD E:\HopeProject\minecraft\hmc5883lEmulator/mbed/TARGET_NUCLEO_F411RE/TOOLCHAIN_GCC_ARM/stm32f4xx_hal_pwr_ex.o
LOAD E:\HopeProject\minecraft\hmc5883lEmulator/mbed/TARGET_NUCLEO_F411RE/TOOLCHAIN_GCC_ARM/stm32f4xx_hal_qspi.o
LOAD E:\HopeProject\minecraft\hmc5883lEmulator/mbed/TARGET_NUCLEO_F411RE/TOOLCHAIN_GCC_ARM/stm32f4xx_hal_rcc.o
LOAD E:\HopeProject\minecraft\hmc5883lEmulator/mbed/TARGET_NUCLEO_F411RE/TOOLCHAIN_GCC_ARM/stm32f4xx_hal_rcc_ex.o
LOAD E:\HopeProject\minecraft\hmc5883lEmulator/mbed/TARGET_NUCLEO_F411RE/TOOLCHAIN_GCC_ARM/stm32f4xx_hal_rng.o
LOAD E:\HopeProject\minecraft\hmc5883lEmulator/mbed/TARGET_NUCLEO_F411RE/TOOLCHAIN_GCC_ARM/stm32f4xx_hal_rtc.o
LOAD E:\HopeProject\minecraft\hmc5883lEmulator/mbed/TARGET_NUCLEO_F411RE/TOOLCHAIN_GCC_ARM/stm32f4xx_hal_rtc_ex.o
LOAD E:\HopeProject\minecraft\hmc5883lEmulator/mbed/TARGET_NUCLEO_F411RE/TOOLCHAIN_GCC_ARM/stm32f4xx_hal_sai.o
LOAD E:\HopeProject\minecraft\hmc5883lEmulator/mbed/TARGET_NUCLEO_F411RE/TOOLCHAIN_GCC_ARM/stm32f4xx_hal_sai_ex.o
LOAD E:\HopeProject\minecraft\hmc5883lEmulator/mbed/TARGET_NUCLEO_F411RE/TOOLCHAIN_GCC_ARM/stm32f4xx_hal_sd.o
LOAD E:\HopeProject\minecraft\hmc5883lEmulator/mbed/TARGET_NUCLEO_F411RE/TOOLCHAIN_GCC_ARM/stm32f4xx_hal_sdram.o
LOAD E:\HopeProject\minecraft\hmc5883lEmulator/mbed/TARGET_NUCLEO_F411RE/TOOLCHAIN_GCC_ARM/stm32f4xx_hal_spdifrx.o
LOAD E:\HopeProject\minecraft\hmc5883lEmulator/mbed/TARGET_NUCLEO_F411RE/TOOLCHAIN_GCC_ARM/stm32f4xx_hal_spi.o
LOAD E:\HopeProject\minecraft\hmc5883lEmulator/mbed/TARGET_NUCLEO_F411RE/TOOLCHAIN_GCC_ARM/stm32f4xx_hal_sram.o
LOAD E:\HopeProject\minecraft\hmc5883lEmulator/mbed/TARGET_NUCLEO_F411RE/TOOLCHAIN_GCC_ARM/stm32f4xx_hal_tim.o
LOAD E:\HopeProject\minecraft\hmc5883lEmulator/mbed/TARGET_NUCLEO_F411RE/TOOLCHAIN_GCC_ARM/stm32f4xx_hal_tim_ex.o
LOAD E:\HopeProject\minecraft\hmc5883lEmulator/mbed/TARGET_NUCLEO_F411RE/TOOLCHAIN_GCC_ARM/stm32f4xx_hal_uart.o
LOAD E:\HopeProject\minecraft\hmc5883lEmulator/mbed/TARGET_NUCLEO_F411RE/TOOLCHAIN_GCC_ARM/stm32f4xx_hal_usart.o
LOAD E:\HopeProject\minecraft\hmc5883lEmulator/mbed/TARGET_NUCLEO_F411RE/TOOLCHAIN_GCC_ARM/stm32f4xx_hal_wwdg.o
LOAD E:\HopeProject\minecraft\hmc5883lEmulator/mbed/TARGET_NUCLEO_F411RE/TOOLCHAIN_GCC_ARM/stm32f4xx_ll_fmc.o
LOAD E:\HopeProject\minecraft\hmc5883lEmulator/mbed/TARGET_NUCLEO_F411RE/TOOLCHAIN_GCC_ARM/stm32f4xx_ll_fsmc.o
LOAD E:\HopeProject\minecraft\hmc5883lEmulator/mbed/TARGET_NUCLEO_F411RE/TOOLCHAIN_GCC_ARM/stm32f4xx_ll_sdmmc.o
LOAD E:\HopeProject\minecraft\hmc5883lEmulator/mbed/TARGET_NUCLEO_F411RE/TOOLCHAIN_GCC_ARM/stm32f4xx_ll_usb.o
LOAD E:\HopeProject\minecraft\hmc5883lEmulator/mbed/TARGET_NUCLEO_F411RE/TOOLCHAIN_GCC_ARM/system_stm32f4xx.o

.text           0x08000000     0x5d60
 *(.isr_vector)
 .isr_vector    0x08000000      0x198 E:\HopeProject\minecraft\hmc5883lEmulator/mbed/TARGET_NUCLEO_F411RE/TOOLCHAIN_GCC_ARM/startup_stm32f411xe.o
                0x08000000                g_pfnVectors
 *(.text*)
 .text          0x08000198       0x5c c:/program files (x86)/gnu tools arm embedded/4.9 2015q3/bin/../lib/gcc/arm-none-eabi/4.9.3/armv7e-m/softfp/crtbegin.o
 .text          0x080001f4       0x74 c:/program files (x86)/gnu tools arm embedded/4.9 2015q3/bin/../lib/gcc/arm-none-eabi/4.9.3/../../../../arm-none-eabi/lib/armv7e-m/softfp/crt0.o
                0x080001f4                _start
                0x080001f4                _mainCRTStartup
 .text.mbed_die
                0x08000268       0x5c E:\HopeProject\minecraft\hmc5883lEmulator/mbed/TARGET_NUCLEO_F411RE/TOOLCHAIN_GCC_ARM/board.o
                0x08000268                mbed_die
 .text.NVIC_SetVector
                0x080002c4       0x48 E:\HopeProject\minecraft\hmc5883lEmulator/mbed/TARGET_NUCLEO_F411RE/TOOLCHAIN_GCC_ARM/cmsis_nvic.o
                0x080002c4                NVIC_SetVector
 .text.timer_irq_handler
                0x0800030c       0x48 E:\HopeProject\minecraft\hmc5883lEmulator/mbed/TARGET_NUCLEO_F411RE/TOOLCHAIN_GCC_ARM/hal_tick.o
                0x0800030c                timer_irq_handler
 .text.HAL_InitTick
                0x08000354       0xb4 E:\HopeProject\minecraft\hmc5883lEmulator/mbed/TARGET_NUCLEO_F411RE/TOOLCHAIN_GCC_ARM/hal_tick.o
                0x08000354                HAL_InitTick
 .text.mbed_sdk_init
                0x08000408       0x10 E:\HopeProject\minecraft\hmc5883lEmulator/mbed/TARGET_NUCLEO_F411RE/TOOLCHAIN_GCC_ARM/mbed_overrides.o
                0x08000408                mbed_sdk_init
 .text._ZL11init_serialv.part.0
                0x08000418       0x10 E:\HopeProject\minecraft\hmc5883lEmulator/mbed/TARGET_NUCLEO_F411RE/TOOLCHAIN_GCC_ARM/retarget.o
 .text._close   0x08000428       0x28 E:\HopeProject\minecraft\hmc5883lEmulator/mbed/TARGET_NUCLEO_F411RE/TOOLCHAIN_GCC_ARM/retarget.o
                0x08000428                _close
 .text._write   0x08000450       0x4c E:\HopeProject\minecraft\hmc5883lEmulator/mbed/TARGET_NUCLEO_F411RE/TOOLCHAIN_GCC_ARM/retarget.o
                0x08000450                _write
 .text._read    0x0800049c       0x44 E:\HopeProject\minecraft\hmc5883lEmulator/mbed/TARGET_NUCLEO_F411RE/TOOLCHAIN_GCC_ARM/retarget.o
                0x0800049c                _read
 .text._isatty  0x080004e0       0x24 E:\HopeProject\minecraft\hmc5883lEmulator/mbed/TARGET_NUCLEO_F411RE/TOOLCHAIN_GCC_ARM/retarget.o
                0x080004e0                _isatty
 .text._lseek   0x08000504       0x24 E:\HopeProject\minecraft\hmc5883lEmulator/mbed/TARGET_NUCLEO_F411RE/TOOLCHAIN_GCC_ARM/retarget.o
                0x08000504                _lseek
 .text._fstat   0x08000528       0x20 E:\HopeProject\minecraft\hmc5883lEmulator/mbed/TARGET_NUCLEO_F411RE/TOOLCHAIN_GCC_ARM/retarget.o
                0x08000528                _fstat
 .text.mbed_main
                0x08000548        0x4 E:\HopeProject\minecraft\hmc5883lEmulator/mbed/TARGET_NUCLEO_F411RE/TOOLCHAIN_GCC_ARM/retarget.o
                0x08000548                mbed_main
 .text.__wrap_main
                0x0800054c       0x14 E:\HopeProject\minecraft\hmc5883lEmulator/mbed/TARGET_NUCLEO_F411RE/TOOLCHAIN_GCC_ARM/retarget.o
                0x0800054c                __wrap_main
 .text._sbrk    0x08000560       0x28 E:\HopeProject\minecraft\hmc5883lEmulator/mbed/TARGET_NUCLEO_F411RE/TOOLCHAIN_GCC_ARM/retarget.o
                0x08000560                _sbrk
 .text._exit    0x08000588       0x24 E:\HopeProject\minecraft\hmc5883lEmulator/mbed/TARGET_NUCLEO_F411RE/TOOLCHAIN_GCC_ARM/retarget.o
                0x08000588                _exit
 .text.Reset_Handler
                0x080005ac       0x4c E:\HopeProject\minecraft\hmc5883lEmulator/mbed/TARGET_NUCLEO_F411RE/TOOLCHAIN_GCC_ARM/startup_stm32f411xe.o
                0x080005ac                Reset_Handler
 .text.Default_Handler
                0x080005f8        0x2 E:\HopeProject\minecraft\hmc5883lEmulator/mbed/TARGET_NUCLEO_F411RE/TOOLCHAIN_GCC_ARM/startup_stm32f411xe.o
                0x080005f8                RTC_Alarm_IRQHandler
                0x080005f8                EXTI2_IRQHandler
                0x080005f8                DebugMon_Handler
                0x080005f8                SPI4_IRQHandler
                0x080005f8                TIM1_CC_IRQHandler
                0x080005f8                DMA2_Stream5_IRQHandler
                0x080005f8                HardFault_Handler
                0x080005f8                DMA1_Stream5_IRQHandler
                0x080005f8                SysTick_Handler
                0x080005f8                PVD_IRQHandler
                0x080005f8                SDIO_IRQHandler
                0x080005f8                TAMP_STAMP_IRQHandler
                0x080005f8                PendSV_Handler
                0x080005f8                NMI_Handler
                0x080005f8                EXTI3_IRQHandler
                0x080005f8                TIM1_UP_TIM10_IRQHandler
                0x080005f8                I2C3_ER_IRQHandler
                0x080005f8                EXTI0_IRQHandler
                0x080005f8                I2C2_EV_IRQHandler
                0x080005f8                DMA1_Stream2_IRQHandler
                0x080005f8                FPU_IRQHandler
                0x080005f8                UsageFault_Handler
                0x080005f8                DMA2_Stream2_IRQHandler
                0x080005f8                SPI1_IRQHandler
                0x080005f8                TIM1_BRK_TIM9_IRQHandler
                0x080005f8                DMA2_Stream3_IRQHandler
                0x080005f8                USART6_IRQHandler
                0x080005f8                DMA2_Stream0_IRQHandler
                0x080005f8                TIM4_IRQHandler
                0x080005f8                I2C1_EV_IRQHandler
                0x080005f8                DMA1_Stream6_IRQHandler
                0x080005f8                DMA1_Stream1_IRQHandler
                0x080005f8                TIM3_IRQHandler
                0x080005f8                RCC_IRQHandler
                0x080005f8                Default_Handler
                0x080005f8                EXTI15_10_IRQHandler
                0x080005f8                ADC_IRQHandler
                0x080005f8                DMA1_Stream7_IRQHandler
                0x080005f8                SPI5_IRQHandler
                0x080005f8                TIM5_IRQHandler
                0x080005f8                DMA2_Stream7_IRQHandler
                0x080005f8                I2C3_EV_IRQHandler
                0x080005f8                EXTI9_5_IRQHandler
                0x080005f8                RTC_WKUP_IRQHandler
                0x080005f8                SPI2_IRQHandler
                0x080005f8                MemManage_Handler
                0x080005f8                DMA1_Stream0_IRQHandler
                0x080005f8                SVC_Handler
                0x080005f8                EXTI4_IRQHandler
                0x080005f8                WWDG_IRQHandler
                0x080005f8                TIM2_IRQHandler
                0x080005f8                OTG_FS_WKUP_IRQHandler
                0x080005f8                TIM1_TRG_COM_TIM11_IRQHandler
                0x080005f8                EXTI1_IRQHandler
                0x080005f8                USART2_IRQHandler
                0x080005f8                I2C2_ER_IRQHandler
                0x080005f8                DMA2_Stream1_IRQHandler
                0x080005f8                FLASH_IRQHandler
                0x080005f8                DMA2_Stream4_IRQHandler
                0x080005f8                BusFault_Handler
                0x080005f8                USART1_IRQHandler
                0x080005f8                OTG_FS_IRQHandler
                0x080005f8                SPI3_IRQHandler
                0x080005f8                DMA1_Stream4_IRQHandler
                0x080005f8                I2C1_ER_IRQHandler
                0x080005f8                DMA2_Stream6_IRQHandler
                0x080005f8                DMA1_Stream3_IRQHandler
 *fill*         0x080005fa        0x2 
 .text.HAL_Init
                0x080005fc       0x34 E:\HopeProject\minecraft\hmc5883lEmulator/mbed/TARGET_NUCLEO_F411RE/TOOLCHAIN_GCC_ARM/stm32f4xx_hal.o
                0x080005fc                HAL_Init
 .text.HAL_IncTick
                0x08000630       0x10 E:\HopeProject\minecraft\hmc5883lEmulator/mbed/TARGET_NUCLEO_F411RE/TOOLCHAIN_GCC_ARM/stm32f4xx_hal.o
                0x08000630                HAL_IncTick
 .text.HAL_GetTick
                0x08000640        0xc E:\HopeProject\minecraft\hmc5883lEmulator/mbed/TARGET_NUCLEO_F411RE/TOOLCHAIN_GCC_ARM/stm32f4xx_hal.o
                0x08000640                HAL_GetTick
 .text.HAL_NVIC_SetPriorityGrouping
                0x0800064c       0x24 E:\HopeProject\minecraft\hmc5883lEmulator/mbed/TARGET_NUCLEO_F411RE/TOOLCHAIN_GCC_ARM/stm32f4xx_hal_cortex.o
                0x0800064c                HAL_NVIC_SetPriorityGrouping
 .text.HAL_MspInit
                0x08000670        0x4 E:\HopeProject\minecraft\hmc5883lEmulator/mbed/TARGET_NUCLEO_F411RE/TOOLCHAIN_GCC_ARM/stm32f4xx_hal_msp_template.o
                0x08000670                HAL_MspInit
 .text.HAL_GPIO_Init
                0x08000674      0x1dc E:\HopeProject\minecraft\hmc5883lEmulator/mbed/TARGET_NUCLEO_F411RE/TOOLCHAIN_GCC_ARM/stm32f4xx_hal_gpio.o
                0x08000674                HAL_GPIO_Init
 .text.HAL_I2C_MspInit
                0x08000850        0x4 E:\HopeProject\minecraft\hmc5883lEmulator/mbed/TARGET_NUCLEO_F411RE/TOOLCHAIN_GCC_ARM/stm32f4xx_hal_i2c.o
                0x08000850                HAL_I2C_MspInit
 .text.HAL_I2C_Init
                0x08000854       0xe8 E:\HopeProject\minecraft\hmc5883lEmulator/mbed/TARGET_NUCLEO_F411RE/TOOLCHAIN_GCC_ARM/stm32f4xx_hal_i2c.o
                0x08000854                HAL_I2C_Init
 .text.HAL_RCC_OscConfig
                0x0800093c      0x358 E:\HopeProject\minecraft\hmc5883lEmulator/mbed/TARGET_NUCLEO_F411RE/TOOLCHAIN_GCC_ARM/stm32f4xx_hal_rcc.o
                0x0800093c                HAL_RCC_OscConfig
 .text.HAL_RCC_ClockConfig
                0x08000c94      0x1fc E:\HopeProject\minecraft\hmc5883lEmulator/mbed/TARGET_NUCLEO_F411RE/TOOLCHAIN_GCC_ARM/stm32f4xx_hal_rcc.o
                0x08000c94                HAL_RCC_ClockConfig
 .text.HAL_RCC_GetSysClockFreq
                0x08000e90       0x80 E:\HopeProject\minecraft\hmc5883lEmulator/mbed/TARGET_NUCLEO_F411RE/TOOLCHAIN_GCC_ARM/stm32f4xx_hal_rcc.o
                0x08000e90                HAL_RCC_GetSysClockFreq
 .text.HAL_RCC_GetHCLKFreq
                0x08000f10       0x34 E:\HopeProject\minecraft\hmc5883lEmulator/mbed/TARGET_NUCLEO_F411RE/TOOLCHAIN_GCC_ARM/stm32f4xx_hal_rcc.o
                0x08000f10                HAL_RCC_GetHCLKFreq
 .text.HAL_RCC_GetPCLK1Freq
                0x08000f44       0x2c E:\HopeProject\minecraft\hmc5883lEmulator/mbed/TARGET_NUCLEO_F411RE/TOOLCHAIN_GCC_ARM/stm32f4xx_hal_rcc.o
                0x08000f44                HAL_RCC_GetPCLK1Freq
 .text.HAL_RCC_GetPCLK2Freq
                0x08000f70       0x2c E:\HopeProject\minecraft\hmc5883lEmulator/mbed/TARGET_NUCLEO_F411RE/TOOLCHAIN_GCC_ARM/stm32f4xx_hal_rcc.o
                0x08000f70                HAL_RCC_GetPCLK2Freq
 .text.HAL_TIM_OC_MspInit
                0x08000f9c        0x4 E:\HopeProject\minecraft\hmc5883lEmulator/mbed/TARGET_NUCLEO_F411RE/TOOLCHAIN_GCC_ARM/stm32f4xx_hal_tim.o
                0x08000f9c                HAL_TIM_OC_MspInit
 .text.HAL_TIM_OC_Start
                0x08000fa0       0x3c E:\HopeProject\minecraft\hmc5883lEmulator/mbed/TARGET_NUCLEO_F411RE/TOOLCHAIN_GCC_ARM/stm32f4xx_hal_tim.o
                0x08000fa0                HAL_TIM_OC_Start
 .text.TIM_Base_SetConfig
                0x08000fdc       0xa0 E:\HopeProject\minecraft\hmc5883lEmulator/mbed/TARGET_NUCLEO_F411RE/TOOLCHAIN_GCC_ARM/stm32f4xx_hal_tim.o
                0x08000fdc                TIM_Base_SetConfig
 .text.HAL_TIM_OC_Init
                0x0800107c       0x38 E:\HopeProject\minecraft\hmc5883lEmulator/mbed/TARGET_NUCLEO_F411RE/TOOLCHAIN_GCC_ARM/stm32f4xx_hal_tim.o
                0x0800107c                HAL_TIM_OC_Init
 .text.UART_SetConfig
                0x080010b4      0x194 E:\HopeProject\minecraft\hmc5883lEmulator/mbed/TARGET_NUCLEO_F411RE/TOOLCHAIN_GCC_ARM/stm32f4xx_hal_uart.o
 .text.HAL_UART_MspInit
                0x08001248        0x4 E:\HopeProject\minecraft\hmc5883lEmulator/mbed/TARGET_NUCLEO_F411RE/TOOLCHAIN_GCC_ARM/stm32f4xx_hal_uart.o
                0x08001248                HAL_UART_MspInit
 .text.HAL_UART_Init
                0x0800124c       0x5c E:\HopeProject\minecraft\hmc5883lEmulator/mbed/TARGET_NUCLEO_F411RE/TOOLCHAIN_GCC_ARM/stm32f4xx_hal_uart.o
                0x0800124c                HAL_UART_Init
 .text.SystemCoreClockUpdate
                0x080012a8       0x78 E:\HopeProject\minecraft\hmc5883lEmulator/mbed/TARGET_NUCLEO_F411RE/TOOLCHAIN_GCC_ARM/system_stm32f4xx.o
                0x080012a8                SystemCoreClockUpdate
 .text.SetSysClock_PLL_HSE
                0x08001320       0x8c E:\HopeProject\minecraft\hmc5883lEmulator/mbed/TARGET_NUCLEO_F411RE/TOOLCHAIN_GCC_ARM/system_stm32f4xx.o
                0x08001320                SetSysClock_PLL_HSE
 .text.SetSysClock_PLL_HSI
                0x080013ac       0x94 E:\HopeProject\minecraft\hmc5883lEmulator/mbed/TARGET_NUCLEO_F411RE/TOOLCHAIN_GCC_ARM/system_stm32f4xx.o
                0x080013ac                SetSysClock_PLL_HSI
 .text.SetSysClock
                0x08001440       0x20 E:\HopeProject\minecraft\hmc5883lEmulator/mbed/TARGET_NUCLEO_F411RE/TOOLCHAIN_GCC_ARM/system_stm32f4xx.o
                0x08001440                SetSysClock
 .text.SystemInit
                0x08001460       0x74 E:\HopeProject\minecraft\hmc5883lEmulator/mbed/TARGET_NUCLEO_F411RE/TOOLCHAIN_GCC_ARM/system_stm32f4xx.o
                0x08001460                SystemInit
 .text._ZN4mbed10SerialBaseD2Ev
                0x080014d4       0x28 ..\obj\BufferedSerial.o
                0x080014d4                mbed::SerialBase::~SerialBase()
                0x080014d4                mbed::SerialBase::~SerialBase()
 .text._ZN4mbed10SerialBaseD0Ev
                0x080014fc       0x20 ..\obj\BufferedSerial.o
                0x080014fc                mbed::SerialBase::~SerialBase()
 .text._ZN4mbed9RawSerialD2Ev
                0x0800151c       0x30 ..\obj\BufferedSerial.o
                0x0800151c                mbed::RawSerial::~RawSerial()
                0x0800151c                mbed::RawSerial::~RawSerial()
 .text._ZN4mbed9RawSerialD0Ev
                0x0800154c       0x20 ..\obj\BufferedSerial.o
                0x0800154c                mbed::RawSerial::~RawSerial()
 .text._ZN14BufferedSerialC2E7PinNameS0_mmPKc
                0x0800156c       0x8c ..\obj\BufferedSerial.o
                0x0800156c                BufferedSerial::BufferedSerial(PinName, PinName, unsigned long, unsigned long, char const*)
                0x0800156c                BufferedSerial::BufferedSerial(PinName, PinName, unsigned long, unsigned long, char const*)
 .text._ZN14BufferedSerialD2Ev
                0x080015f8       0x60 ..\obj\BufferedSerial.o
                0x080015f8                BufferedSerial::~BufferedSerial()
                0x080015f8                BufferedSerial::~BufferedSerial()
 .text._ZN14BufferedSerialD0Ev
                0x08001658       0x20 ..\obj\BufferedSerial.o
                0x08001658                BufferedSerial::~BufferedSerial()
 .text._ZN14BufferedSerial8readableEv
                0x08001678       0x1c ..\obj\BufferedSerial.o
                0x08001678                BufferedSerial::readable()
 .text._ZN14BufferedSerial9writeableEv
                0x08001694       0x18 ..\obj\BufferedSerial.o
                0x08001694                BufferedSerial::writeable()
 .text._ZN14BufferedSerial4getcEv
                0x080016ac       0x1c ..\obj\BufferedSerial.o
                0x080016ac                BufferedSerial::getc()
 .text._ZN14BufferedSerial4putcEi
                0x080016c8       0x2c ..\obj\BufferedSerial.o
                0x080016c8                BufferedSerial::putc(int)
 .text._ZN14BufferedSerial4putsEPKc
                0x080016f4       0x5c ..\obj\BufferedSerial.o
                0x080016f4                BufferedSerial::puts(char const*)
 .text._ZN14BufferedSerial6printfEPKcz
                0x08001750       0xc8 ..\obj\BufferedSerial.o
                0x08001750                BufferedSerial::printf(char const*, ...)
 .text._ZN14BufferedSerial5writeEPKvj
                0x08001818       0x5c ..\obj\BufferedSerial.o
                0x08001818                BufferedSerial::write(void const*, unsigned int)
 .text._ZN14BufferedSerial5rxIrqEv
                0x08001874       0x48 ..\obj\BufferedSerial.o
                0x08001874                BufferedSerial::rxIrq()
 .text._ZN14BufferedSerial5txIrqEv
                0x080018bc       0x70 ..\obj\BufferedSerial.o
                0x080018bc                BufferedSerial::txIrq()
 .text._ZN14BufferedSerial5primeEv
                0x0800192c       0x5c ..\obj\BufferedSerial.o
                0x0800192c                BufferedSerial::prime()
 .text._ZN4mbed10SerialBase6attachI14BufferedSerialEEvPT_MS3_FvvENS0_7IrqTypeE
                0x08001988       0x6c ..\obj\BufferedSerial.o
                0x08001988                void mbed::SerialBase::attach<BufferedSerial>(BufferedSerial*, void (BufferedSerial::*)(), mbed::SerialBase::IrqType)
 .text._ZN8MyBufferIcE9availableEv
                0x080019f4       0x28 ..\obj\BufferedSerial.o
                0x080019f4                MyBuffer<char>::available()
 .text._ZN8MyBufferIcEcviEv
                0x08001a1c       0x18 ..\obj\BufferedSerial.o
                0x08001a1c                MyBuffer<char>::operator int()
 .text._ZN8MyBufferIcEaSEc
                0x08001a34       0x20 ..\obj\BufferedSerial.o
                0x08001a34                MyBuffer<char>::operator=(char)
 .text._ZN8MyBufferIcE3getEv
                0x08001a54       0x44 ..\obj\BufferedSerial.o
                0x08001a54                MyBuffer<char>::get()
 .text._ZN4mbed19FunctionPointerArg1IvvE6attachI14BufferedSerialEEvPT_MS4_FvvE
                0x08001a98       0x3c ..\obj\BufferedSerial.o
                0x08001a98                void mbed::FunctionPointerArg1<void, void>::attach<BufferedSerial>(BufferedSerial*, void (BufferedSerial::*)())
 .text._ZN8MyBufferIcE3putEc
                0x08001ad4       0x44 ..\obj\BufferedSerial.o
                0x08001ad4                MyBuffer<char>::put(char)
 .text._ZN4mbed19FunctionPointerArg1IvvE12membercallerI14BufferedSerialEEvPvPj
                0x08001b18       0x50 ..\obj\BufferedSerial.o
                0x08001b18                void mbed::FunctionPointerArg1<void, void>::membercaller<BufferedSerial>(void*, unsigned int*)
 .text.ClearFrameMsgStringBuff
                0x08001b68       0x28 ..\obj\cFrameMsgGetter.o
                0x08001b68                ClearFrameMsgStringBuff
 .text.FrameMsgGetterInitialize
                0x08001b90       0x38 ..\obj\cFrameMsgGetter.o
                0x08001b90                FrameMsgGetterInitialize
 .text.DebugLogHandle
                0x08001bc8       0x18 ..\obj\cAssert.o
                0x08001bc8                DebugLogHandle
 .text.greatest_name_match
                0x08001be0       0x60 ..\obj\main.o
 .text.greatest_pre_test
                0x08001c40       0xa8 ..\obj\main.o
                0x08001c40                greatest_pre_test
 .text.greatest_post_test
                0x08001ce8      0x140 ..\obj\main.o
                0x08001ce8                greatest_post_test
 .text.report_suite
                0x08001e28       0xbc ..\obj\main.o
 .text.update_counts_and_reset_suite
                0x08001ee4       0x70 ..\obj\main.o
 .text.greatest_run_suite
                0x08001f54       0xd4 ..\obj\main.o
 .text.greatest_do_pass
                0x08002028       0x60 ..\obj\main.o
                0x08002028                greatest_do_pass
 .text.greatest_do_fail
                0x08002088       0xcc ..\obj\main.o
                0x08002088                greatest_do_fail
 .text.greatest_do_skip
                0x08002154       0x60 ..\obj\main.o
                0x08002154                greatest_do_skip
 .text.greatest_usage
                0x080021b4       0x28 ..\obj\main.o
                0x080021b4                greatest_usage
 .text.greatest_parse_args
                0x080021dc      0x1d8 ..\obj\main.o
 .text.greatest_all_passed
                0x080023b4       0x20 ..\obj\main.o
                0x080023b4                greatest_all_passed
 .text.main     0x080023d4      0x1a8 ..\obj\main.o
                0x080023d4                main
 .text._Z41__static_initialization_and_destruction_0ii
                0x0800257c       0x80 ..\obj\main.o
 .text._GLOBAL__sub_I_I2CxHandle
                0x080025fc       0x10 ..\obj\main.o
 .text._ZN8MyBufferIcEC2Em
                0x0800260c       0x30 ..\obj\MyBuffer.o
                0x0800260c                MyBuffer<char>::MyBuffer(unsigned long)
                0x0800260c                MyBuffer<char>::MyBuffer(unsigned long)
 .text._ZN8MyBufferIcED2Ev
                0x0800263c       0x28 ..\obj\MyBuffer.o
                0x0800263c                MyBuffer<char>::~MyBuffer()
                0x0800263c                MyBuffer<char>::~MyBuffer()
 .text._ZN8MyBufferIcE5clearEv
                0x08002664       0x30 ..\obj\MyBuffer.o
                0x08002664                MyBuffer<char>::clear()
 .text._Z22Setup_TestcIMUOdometryPv
                0x08002694       0x7c ..\obj\TestcIMUOdometry.o
                0x08002694                Setup_TestcIMUOdometry(void*)
 .text._ZL24TestI2CPort_cIMUOdometryv
                0x08002710      0x16c ..\obj\TestcIMUOdometry.o
 .text._Z21TestSuitecIMUOdometryv
                0x0800287c       0x80 ..\obj\TestcIMUOdometry.o
                0x0800287c                TestSuitecIMUOdometry()
 .text.uart_irq
                0x080028fc       0x64 E:\HopeProject\minecraft\hmc5883lEmulator/mbed/TARGET_NUCLEO_F411RE/TOOLCHAIN_GCC_ARM\libmbed.a(serial_api.o)
 .text.uart1_irq
                0x08002960        0x8 E:\HopeProject\minecraft\hmc5883lEmulator/mbed/TARGET_NUCLEO_F411RE/TOOLCHAIN_GCC_ARM\libmbed.a(serial_api.o)
 .text.uart2_irq
                0x08002968        0x8 E:\HopeProject\minecraft\hmc5883lEmulator/mbed/TARGET_NUCLEO_F411RE/TOOLCHAIN_GCC_ARM\libmbed.a(serial_api.o)
 .text.uart6_irq
                0x08002970        0x8 E:\HopeProject\minecraft\hmc5883lEmulator/mbed/TARGET_NUCLEO_F411RE/TOOLCHAIN_GCC_ARM\libmbed.a(serial_api.o)
 .text.serial_init
                0x08002978      0x1b0 E:\HopeProject\minecraft\hmc5883lEmulator/mbed/TARGET_NUCLEO_F411RE/TOOLCHAIN_GCC_ARM\libmbed.a(serial_api.o)
                0x08002978                serial_init
 .text.serial_baud
                0x08002b28       0x2c E:\HopeProject\minecraft\hmc5883lEmulator/mbed/TARGET_NUCLEO_F411RE/TOOLCHAIN_GCC_ARM\libmbed.a(serial_api.o)
                0x08002b28                serial_baud
 .text.serial_irq_handler
                0x08002b54       0x1c E:\HopeProject\minecraft\hmc5883lEmulator/mbed/TARGET_NUCLEO_F411RE/TOOLCHAIN_GCC_ARM\libmbed.a(serial_api.o)
                0x08002b54                serial_irq_handler
 .text.serial_irq_set
                0x08002b70       0xb4 E:\HopeProject\minecraft\hmc5883lEmulator/mbed/TARGET_NUCLEO_F411RE/TOOLCHAIN_GCC_ARM\libmbed.a(serial_api.o)
                0x08002b70                serial_irq_set
 .text.serial_getc
                0x08002c24       0x1c E:\HopeProject\minecraft\hmc5883lEmulator/mbed/TARGET_NUCLEO_F411RE/TOOLCHAIN_GCC_ARM\libmbed.a(serial_api.o)
                0x08002c24                serial_getc
 .text.serial_putc
                0x08002c40       0x1c E:\HopeProject\minecraft\hmc5883lEmulator/mbed/TARGET_NUCLEO_F411RE/TOOLCHAIN_GCC_ARM\libmbed.a(serial_api.o)
                0x08002c40                serial_putc
 .text.serial_readable
                0x08002c5c       0x14 E:\HopeProject\minecraft\hmc5883lEmulator/mbed/TARGET_NUCLEO_F411RE/TOOLCHAIN_GCC_ARM\libmbed.a(serial_api.o)
                0x08002c5c                serial_readable
 .text.serial_writable
                0x08002c70       0x14 E:\HopeProject\minecraft\hmc5883lEmulator/mbed/TARGET_NUCLEO_F411RE/TOOLCHAIN_GCC_ARM\libmbed.a(serial_api.o)
                0x08002c70                serial_writable
 .text.us_ticker_init
                0x08002c84       0x24 E:\HopeProject\minecraft\hmc5883lEmulator/mbed/TARGET_NUCLEO_F411RE/TOOLCHAIN_GCC_ARM\libmbed.a(us_ticker.o)
                0x08002c84                us_ticker_init
 .text.us_ticker_read
                0x08002ca8       0x28 E:\HopeProject\minecraft\hmc5883lEmulator/mbed/TARGET_NUCLEO_F411RE/TOOLCHAIN_GCC_ARM\libmbed.a(us_ticker.o)
                0x08002ca8                us_ticker_read
 .text.us_ticker_set_interrupt
                0x08002cd0       0x14 E:\HopeProject\minecraft\hmc5883lEmulator/mbed/TARGET_NUCLEO_F411RE/TOOLCHAIN_GCC_ARM\libmbed.a(us_ticker.o)
                0x08002cd0                us_ticker_set_interrupt
 .text.us_ticker_disable_interrupt
                0x08002ce4       0x14 E:\HopeProject\minecraft\hmc5883lEmulator/mbed/TARGET_NUCLEO_F411RE/TOOLCHAIN_GCC_ARM\libmbed.a(us_ticker.o)
                0x08002ce4                us_ticker_disable_interrupt
 .text.us_ticker_clear_interrupt
                0x08002cf8       0x10 E:\HopeProject\minecraft\hmc5883lEmulator/mbed/TARGET_NUCLEO_F411RE/TOOLCHAIN_GCC_ARM\libmbed.a(us_ticker.o)
                0x08002cf8                us_ticker_clear_interrupt
 .text._ZN4mbed8I2CSlaveC2E7PinNameS1_
                0x08002d08       0x28 E:\HopeProject\minecraft\hmc5883lEmulator/mbed/TARGET_NUCLEO_F411RE/TOOLCHAIN_GCC_ARM\libmbed.a(I2CSlave.o)
                0x08002d08                mbed::I2CSlave::I2CSlave(PinName, PinName)
                0x08002d08                mbed::I2CSlave::I2CSlave(PinName, PinName)
 .text._ZN4mbed8I2CSlave9frequencyEi
                0x08002d30        0x4 E:\HopeProject\minecraft\hmc5883lEmulator/mbed/TARGET_NUCLEO_F411RE/TOOLCHAIN_GCC_ARM\libmbed.a(I2CSlave.o)
                0x08002d30                mbed::I2CSlave::frequency(int)
 .text._ZN4mbed8I2CSlave7addressEi
                0x08002d34       0x10 E:\HopeProject\minecraft\hmc5883lEmulator/mbed/TARGET_NUCLEO_F411RE/TOOLCHAIN_GCC_ARM\libmbed.a(I2CSlave.o)
                0x08002d34                mbed::I2CSlave::address(int)
 .text._ZN4mbed8I2CSlave7receiveEv
                0x08002d44        0x4 E:\HopeProject\minecraft\hmc5883lEmulator/mbed/TARGET_NUCLEO_F411RE/TOOLCHAIN_GCC_ARM\libmbed.a(I2CSlave.o)
                0x08002d44                mbed::I2CSlave::receive()
 .text._ZN4mbed8I2CSlave4readEPci
                0x08002d48       0x10 E:\HopeProject\minecraft\hmc5883lEmulator/mbed/TARGET_NUCLEO_F411RE/TOOLCHAIN_GCC_ARM\libmbed.a(I2CSlave.o)
                0x08002d48                mbed::I2CSlave::read(char*, int)
 .text._ZN4mbed8I2CSlave5writeEPKci
                0x08002d58       0x10 E:\HopeProject\minecraft\hmc5883lEmulator/mbed/TARGET_NUCLEO_F411RE/TOOLCHAIN_GCC_ARM\libmbed.a(I2CSlave.o)
                0x08002d58                mbed::I2CSlave::write(char const*, int)
 .text._ZN4mbed9RawSerialC2E7PinNameS1_
                0x08002d68       0x14 E:\HopeProject\minecraft\hmc5883lEmulator/mbed/TARGET_NUCLEO_F411RE/TOOLCHAIN_GCC_ARM\libmbed.a(RawSerial.o)
                0x08002d68                mbed::RawSerial::RawSerial(PinName, PinName)
                0x08002d68                mbed::RawSerial::RawSerial(PinName, PinName)
 .text._ZN4mbed10SerialBase12_irq_handlerEm9SerialIrq
                0x08002d7c       0x20 E:\HopeProject\minecraft\hmc5883lEmulator/mbed/TARGET_NUCLEO_F411RE/TOOLCHAIN_GCC_ARM\libmbed.a(SerialBase.o)
                0x08002d7c                mbed::SerialBase::_irq_handler(unsigned long, SerialIrq)
 .text._ZN4mbed10SerialBaseC2E7PinNameS1_
                0x08002d9c       0x48 E:\HopeProject\minecraft\hmc5883lEmulator/mbed/TARGET_NUCLEO_F411RE/TOOLCHAIN_GCC_ARM\libmbed.a(SerialBase.o)
                0x08002d9c                mbed::SerialBase::SerialBase(PinName, PinName)
                0x08002d9c                mbed::SerialBase::SerialBase(PinName, PinName)
 .text._ZN4mbed10SerialBase4baudEi
                0x08002de4       0x10 E:\HopeProject\minecraft\hmc5883lEmulator/mbed/TARGET_NUCLEO_F411RE/TOOLCHAIN_GCC_ARM\libmbed.a(SerialBase.o)
                0x08002de4                mbed::SerialBase::baud(int)
 .text._ZN4mbed10SerialBase6attachEPFvvENS0_7IrqTypeE
                0x08002df4       0x30 E:\HopeProject\minecraft\hmc5883lEmulator/mbed/TARGET_NUCLEO_F411RE/TOOLCHAIN_GCC_ARM\libmbed.a(SerialBase.o)
                0x08002df4                mbed::SerialBase::attach(void (*)(), mbed::SerialBase::IrqType)
 .text.mbed_assert_internal
                0x08002e24       0x18 E:\HopeProject\minecraft\hmc5883lEmulator/mbed/TARGET_NUCLEO_F411RE/TOOLCHAIN_GCC_ARM\libmbed.a(assert.o)
                0x08002e24                mbed_assert_internal
 .text.error    0x08002e3c       0x24 E:\HopeProject\minecraft\hmc5883lEmulator/mbed/TARGET_NUCLEO_F411RE/TOOLCHAIN_GCC_ARM\libmbed.a(error.o)
                0x08002e3c                error
 .text.gpio_init_out
                0x08002e60       0x48 E:\HopeProject\minecraft\hmc5883lEmulator/mbed/TARGET_NUCLEO_F411RE/TOOLCHAIN_GCC_ARM\libmbed.a(gpio.o)
                0x08002e60                gpio_init_out
 .text.pinmap_pinout
                0x08002ea8       0x44 E:\HopeProject\minecraft\hmc5883lEmulator/mbed/TARGET_NUCLEO_F411RE/TOOLCHAIN_GCC_ARM\libmbed.a(pinmap_common.o)
                0x08002ea8                pinmap_pinout
 .text.pinmap_merge
                0x08002eec       0x24 E:\HopeProject\minecraft\hmc5883lEmulator/mbed/TARGET_NUCLEO_F411RE/TOOLCHAIN_GCC_ARM\libmbed.a(pinmap_common.o)
                0x08002eec                pinmap_merge
 .text.pinmap_peripheral
                0x08002f10       0x38 E:\HopeProject\minecraft\hmc5883lEmulator/mbed/TARGET_NUCLEO_F411RE/TOOLCHAIN_GCC_ARM\libmbed.a(pinmap_common.o)
                0x08002f10                pinmap_peripheral
 .text.clock    0x08002f48       0x14 E:\HopeProject\minecraft\hmc5883lEmulator/mbed/TARGET_NUCLEO_F411RE/TOOLCHAIN_GCC_ARM\libmbed.a(rtc_time.o)
                0x08002f48                clock
 .text.us_ticker_irq_handler
                0x08002f5c        0xc E:\HopeProject\minecraft\hmc5883lEmulator/mbed/TARGET_NUCLEO_F411RE/TOOLCHAIN_GCC_ARM\libmbed.a(us_ticker_api.o)
                0x08002f5c                us_ticker_irq_handler
 .text.wait_us  0x08002f68       0x18 E:\HopeProject\minecraft\hmc5883lEmulator/mbed/TARGET_NUCLEO_F411RE/TOOLCHAIN_GCC_ARM\libmbed.a(wait_api.o)
                0x08002f68                wait_us
 .text.wait_ms  0x08002f80        0xc E:\HopeProject\minecraft\hmc5883lEmulator/mbed/TARGET_NUCLEO_F411RE/TOOLCHAIN_GCC_ARM\libmbed.a(wait_api.o)
                0x08002f80                wait_ms
 .text.gpio_set
                0x08002f8c       0x30 E:\HopeProject\minecraft\hmc5883lEmulator/mbed/TARGET_NUCLEO_F411RE/TOOLCHAIN_GCC_ARM\libmbed.a(gpio_api.o)
                0x08002f8c                gpio_set
 .text.gpio_init
                0x08002fbc       0x2c E:\HopeProject\minecraft\hmc5883lEmulator/mbed/TARGET_NUCLEO_F411RE/TOOLCHAIN_GCC_ARM\libmbed.a(gpio_api.o)
                0x08002fbc                gpio_init
 .text.gpio_mode
                0x08002fe8        0x8 E:\HopeProject\minecraft\hmc5883lEmulator/mbed/TARGET_NUCLEO_F411RE/TOOLCHAIN_GCC_ARM\libmbed.a(gpio_api.o)
                0x08002fe8                gpio_mode
 .text.gpio_dir
                0x08002ff0       0x40 E:\HopeProject\minecraft\hmc5883lEmulator/mbed/TARGET_NUCLEO_F411RE/TOOLCHAIN_GCC_ARM\libmbed.a(gpio_api.o)
                0x08002ff0                gpio_dir
 .text.i2c_frequency
                0x08003030       0x70 E:\HopeProject\minecraft\hmc5883lEmulator/mbed/TARGET_NUCLEO_F411RE/TOOLCHAIN_GCC_ARM\libmbed.a(i2c_api.o)
                0x08003030                i2c_frequency
 .text.i2c_reset
                0x080030a0       0x78 E:\HopeProject\minecraft\hmc5883lEmulator/mbed/TARGET_NUCLEO_F411RE/TOOLCHAIN_GCC_ARM\libmbed.a(i2c_api.o)
                0x080030a0                i2c_reset
 .text.i2c_init
                0x08003118      0x15c E:\HopeProject\minecraft\hmc5883lEmulator/mbed/TARGET_NUCLEO_F411RE/TOOLCHAIN_GCC_ARM\libmbed.a(i2c_api.o)
                0x08003118                i2c_init
 .text.i2c_slave_address
                0x08003274       0x14 E:\HopeProject\minecraft\hmc5883lEmulator/mbed/TARGET_NUCLEO_F411RE/TOOLCHAIN_GCC_ARM\libmbed.a(i2c_api.o)
                0x08003274                i2c_slave_address
 .text.i2c_slave_mode
                0x08003288       0x1c E:\HopeProject\minecraft\hmc5883lEmulator/mbed/TARGET_NUCLEO_F411RE/TOOLCHAIN_GCC_ARM\libmbed.a(i2c_api.o)
                0x08003288                i2c_slave_mode
 .text.i2c_slave_receive
                0x080032a4       0x2c E:\HopeProject\minecraft\hmc5883lEmulator/mbed/TARGET_NUCLEO_F411RE/TOOLCHAIN_GCC_ARM\libmbed.a(i2c_api.o)
                0x080032a4                i2c_slave_receive
 .text.i2c_slave_read
                0x080032d0       0x98 E:\HopeProject\minecraft\hmc5883lEmulator/mbed/TARGET_NUCLEO_F411RE/TOOLCHAIN_GCC_ARM\libmbed.a(i2c_api.o)
                0x080032d0                i2c_slave_read
 .text.i2c_slave_write
                0x08003368       0x98 E:\HopeProject\minecraft\hmc5883lEmulator/mbed/TARGET_NUCLEO_F411RE/TOOLCHAIN_GCC_ARM\libmbed.a(i2c_api.o)
                0x08003368                i2c_slave_write
 .text.Set_GPIO_Clock
                0x08003400       0xec E:\HopeProject\minecraft\hmc5883lEmulator/mbed/TARGET_NUCLEO_F411RE/TOOLCHAIN_GCC_ARM\libmbed.a(pinmap.o)
                0x08003400                Set_GPIO_Clock
 .text.pin_function
                0x080034ec       0x5c E:\HopeProject\minecraft\hmc5883lEmulator/mbed/TARGET_NUCLEO_F411RE/TOOLCHAIN_GCC_ARM\libmbed.a(pinmap.o)
                0x080034ec                pin_function
 .text.pin_mode
                0x08003548       0x48 E:\HopeProject\minecraft\hmc5883lEmulator/mbed/TARGET_NUCLEO_F411RE/TOOLCHAIN_GCC_ARM\libmbed.a(pinmap.o)
                0x08003548                pin_mode
 .text.ticker_irq_handler
                0x08003590       0x4c E:\HopeProject\minecraft\hmc5883lEmulator/mbed/TARGET_NUCLEO_F411RE/TOOLCHAIN_GCC_ARM\libmbed.a(ticker_api.o)
                0x08003590                ticker_irq_handler
 .text._ZdaPv   0x080035dc        0x4 c:/program files (x86)/gnu tools arm embedded/4.9 2015q3/bin/../lib/gcc/arm-none-eabi/4.9.3/../../../../arm-none-eabi/lib/armv7e-m/softfp\libstdc++_nano.a(del_opv.o)
                0x080035dc                operator delete[](void*)
 .text.__aeabi_atexit
                0x080035e0        0xa c:/program files (x86)/gnu tools arm embedded/4.9 2015q3/bin/../lib/gcc/arm-none-eabi/4.9.3/../../../../arm-none-eabi/lib/armv7e-m/softfp\libstdc++_nano.a(atexit_arm.o)
                0x080035e0                __aeabi_atexit
 .text._ZdlPv   0x080035ea        0x4 c:/program files (x86)/gnu tools arm embedded/4.9 2015q3/bin/../lib/gcc/arm-none-eabi/4.9.3/../../../../arm-none-eabi/lib/armv7e-m/softfp\libstdc++_nano.a(del_op.o)
                0x080035ea                operator delete(void*)
 .text._Znwj    0x080035ee       0x22 c:/program files (x86)/gnu tools arm embedded/4.9 2015q3/bin/../lib/gcc/arm-none-eabi/4.9.3/../../../../arm-none-eabi/lib/armv7e-m/softfp\libstdc++_nano.a(new_op.o)
                0x080035ee                operator new(unsigned int)
 .text._Znaj    0x08003610        0x4 c:/program files (x86)/gnu tools arm embedded/4.9 2015q3/bin/../lib/gcc/arm-none-eabi/4.9.3/../../../../arm-none-eabi/lib/armv7e-m/softfp\libstdc++_nano.a(new_opv.o)
                0x08003610                operator new[](unsigned int)
 .text._ZSt15get_new_handlerv
                0x08003614       0x10 c:/program files (x86)/gnu tools arm embedded/4.9 2015q3/bin/../lib/gcc/arm-none-eabi/4.9.3/../../../../arm-none-eabi/lib/armv7e-m/softfp\libstdc++_nano.a(new_handler.o)
                0x08003614                std::get_new_handler()
 .text          0x08003624      0x370 c:/program files (x86)/gnu tools arm embedded/4.9 2015q3/bin/../lib/gcc/arm-none-eabi/4.9.3/armv7e-m/softfp\libgcc.a(_arm_addsubdf3.o)
                0x08003624                __aeabi_drsub
                0x0800362c                __aeabi_dsub
                0x0800362c                __subdf3
                0x08003630                __aeabi_dadd
                0x08003630                __adddf3
                0x080038a8                __floatunsidf
                0x080038a8                __aeabi_ui2d
                0x080038c8                __floatsidf
                0x080038c8                __aeabi_i2d
                0x080038ec                __aeabi_f2d
                0x080038ec                __extendsfdf2
                0x08003928                __floatundidf
                0x08003928                __aeabi_ul2d
                0x08003938                __floatdidf
                0x08003938                __aeabi_l2d
 .text          0x08003994      0x424 c:/program files (x86)/gnu tools arm embedded/4.9 2015q3/bin/../lib/gcc/arm-none-eabi/4.9.3/armv7e-m/softfp\libgcc.a(_arm_muldivdf3.o)
                0x08003994                __aeabi_dmul
                0x08003994                __muldf3
                0x08003be8                __divdf3
                0x08003be8                __aeabi_ddiv
 .text.abort    0x08003db8        0xe c:/program files (x86)/gnu tools arm embedded/4.9 2015q3/bin/../lib/gcc/arm-none-eabi/4.9.3/../../../../arm-none-eabi/lib/armv7e-m/softfp\libc_nano.a(lib_a-abort.o)
                0x08003db8                abort
 *fill*         0x08003dc6        0x2 
 .text.__cxa_atexit
                0x08003dc8       0x1c c:/program files (x86)/gnu tools arm embedded/4.9 2015q3/bin/../lib/gcc/arm-none-eabi/4.9.3/../../../../arm-none-eabi/lib/armv7e-m/softfp\libc_nano.a(lib_a-cxa_atexit.o)
                0x08003dc8                __cxa_atexit
 .text.__errno  0x08003de4        0xc c:/program files (x86)/gnu tools arm embedded/4.9 2015q3/bin/../lib/gcc/arm-none-eabi/4.9.3/../../../../arm-none-eabi/lib/armv7e-m/softfp\libc_nano.a(lib_a-errno.o)
                0x08003de4                __errno
 .text.exit     0x08003df0       0x28 c:/program files (x86)/gnu tools arm embedded/4.9 2015q3/bin/../lib/gcc/arm-none-eabi/4.9.3/../../../../arm-none-eabi/lib/armv7e-m/softfp\libc_nano.a(lib_a-exit.o)
                0x08003df0                exit
 .text.__sflush_r
                0x08003e18      0x108 c:/program files (x86)/gnu tools arm embedded/4.9 2015q3/bin/../lib/gcc/arm-none-eabi/4.9.3/../../../../arm-none-eabi/lib/armv7e-m/softfp\libc_nano.a(lib_a-fflush.o)
                0x08003e18                __sflush_r
 .text._fflush_r
                0x08003f20       0x54 c:/program files (x86)/gnu tools arm embedded/4.9 2015q3/bin/../lib/gcc/arm-none-eabi/4.9.3/../../../../arm-none-eabi/lib/armv7e-m/softfp\libc_nano.a(lib_a-fflush.o)
                0x08003f20                _fflush_r
 .text.fflush   0x08003f74       0x24 c:/program files (x86)/gnu tools arm embedded/4.9 2015q3/bin/../lib/gcc/arm-none-eabi/4.9.3/../../../../arm-none-eabi/lib/armv7e-m/softfp\libc_nano.a(lib_a-fflush.o)
                0x08003f74                fflush
 .text._cleanup_r
                0x08003f98        0xc c:/program files (x86)/gnu tools arm embedded/4.9 2015q3/bin/../lib/gcc/arm-none-eabi/4.9.3/../../../../arm-none-eabi/lib/armv7e-m/softfp\libc_nano.a(lib_a-findfp.o)
                0x08003f98                _cleanup_r
 .text.std.isra.0
                0x08003fa4       0x48 c:/program files (x86)/gnu tools arm embedded/4.9 2015q3/bin/../lib/gcc/arm-none-eabi/4.9.3/../../../../arm-none-eabi/lib/armv7e-m/softfp\libc_nano.a(lib_a-findfp.o)
 .text.__sfmoreglue
                0x08003fec       0x2c c:/program files (x86)/gnu tools arm embedded/4.9 2015q3/bin/../lib/gcc/arm-none-eabi/4.9.3/../../../../arm-none-eabi/lib/armv7e-m/softfp\libc_nano.a(lib_a-findfp.o)
                0x08003fec                __sfmoreglue
 .text.__sinit  0x08004018       0x60 c:/program files (x86)/gnu tools arm embedded/4.9 2015q3/bin/../lib/gcc/arm-none-eabi/4.9.3/../../../../arm-none-eabi/lib/armv7e-m/softfp\libc_nano.a(lib_a-findfp.o)
                0x08004018                __sinit
 .text.__sfp    0x08004078       0x74 c:/program files (x86)/gnu tools arm embedded/4.9 2015q3/bin/../lib/gcc/arm-none-eabi/4.9.3/../../../../arm-none-eabi/lib/armv7e-m/softfp\libc_nano.a(lib_a-findfp.o)
                0x08004078                __sfp
 .text.fprintf  0x080040ec       0x24 c:/program files (x86)/gnu tools arm embedded/4.9 2015q3/bin/../lib/gcc/arm-none-eabi/4.9.3/../../../../arm-none-eabi/lib/armv7e-m/softfp\libc_nano.a(lib_a-fprintf.o)
                0x080040ec                fiprintf
                0x080040ec                fprintf
 .text._fputc_r
                0x08004110       0x48 c:/program files (x86)/gnu tools arm embedded/4.9 2015q3/bin/../lib/gcc/arm-none-eabi/4.9.3/../../../../arm-none-eabi/lib/armv7e-m/softfp\libc_nano.a(lib_a-fputc.o)
                0x08004110                _fputc_r
 .text.fputc    0x08004158       0x14 c:/program files (x86)/gnu tools arm embedded/4.9 2015q3/bin/../lib/gcc/arm-none-eabi/4.9.3/../../../../arm-none-eabi/lib/armv7e-m/softfp\libc_nano.a(lib_a-fputc.o)
                0x08004158                fputc
 .text._fwalk_reent
                0x0800416c       0x3c c:/program files (x86)/gnu tools arm embedded/4.9 2015q3/bin/../lib/gcc/arm-none-eabi/4.9.3/../../../../arm-none-eabi/lib/armv7e-m/softfp\libc_nano.a(lib_a-fwalk.o)
                0x0800416c                _fwalk_reent
 .text._fwrite_r
                0x080041a8       0xb4 c:/program files (x86)/gnu tools arm embedded/4.9 2015q3/bin/../lib/gcc/arm-none-eabi/4.9.3/../../../../arm-none-eabi/lib/armv7e-m/softfp\libc_nano.a(lib_a-fwrite.o)
                0x080041a8                _fwrite_r
 .text.fwrite   0x0800425c       0x20 c:/program files (x86)/gnu tools arm embedded/4.9 2015q3/bin/../lib/gcc/arm-none-eabi/4.9.3/../../../../arm-none-eabi/lib/armv7e-m/softfp\libc_nano.a(lib_a-fwrite.o)
                0x0800425c                fwrite
 .text.__libc_init_array
                0x0800427c       0x4c c:/program files (x86)/gnu tools arm embedded/4.9 2015q3/bin/../lib/gcc/arm-none-eabi/4.9.3/../../../../arm-none-eabi/lib/armv7e-m/softfp\libc_nano.a(lib_a-init.o)
                0x0800427c                __libc_init_array
 .text.malloc   0x080042c8       0x10 c:/program files (x86)/gnu tools arm embedded/4.9 2015q3/bin/../lib/gcc/arm-none-eabi/4.9.3/../../../../arm-none-eabi/lib/armv7e-m/softfp\libc_nano.a(lib_a-malloc.o)
                0x080042c8                malloc
 .text.free     0x080042d8       0x10 c:/program files (x86)/gnu tools arm embedded/4.9 2015q3/bin/../lib/gcc/arm-none-eabi/4.9.3/../../../../arm-none-eabi/lib/armv7e-m/softfp\libc_nano.a(lib_a-malloc.o)
                0x080042d8                free
 .text.memchr   0x080042e8       0x1e c:/program files (x86)/gnu tools arm embedded/4.9 2015q3/bin/../lib/gcc/arm-none-eabi/4.9.3/../../../../arm-none-eabi/lib/armv7e-m/softfp\libc_nano.a(lib_a-memchr.o)
                0x080042e8                memchr
 .text.memcpy   0x08004306       0x16 c:/program files (x86)/gnu tools arm embedded/4.9 2015q3/bin/../lib/gcc/arm-none-eabi/4.9.3/../../../../arm-none-eabi/lib/armv7e-m/softfp\libc_nano.a(lib_a-memcpy.o)
                0x08004306                memcpy
 .text.memset   0x0800431c       0x10 c:/program files (x86)/gnu tools arm embedded/4.9 2015q3/bin/../lib/gcc/arm-none-eabi/4.9.3/../../../../arm-none-eabi/lib/armv7e-m/softfp\libc_nano.a(lib_a-memset.o)
                0x0800431c                memset
 .text._free_r  0x0800432c       0x88 c:/program files (x86)/gnu tools arm embedded/4.9 2015q3/bin/../lib/gcc/arm-none-eabi/4.9.3/../../../../arm-none-eabi/lib/armv7e-m/softfp\libc_nano.a(lib_a-nano-freer.o)
                0x0800432c                _free_r
 .text._malloc_r
                0x080043b4       0xac c:/program files (x86)/gnu tools arm embedded/4.9 2015q3/bin/../lib/gcc/arm-none-eabi/4.9.3/../../../../arm-none-eabi/lib/armv7e-m/softfp\libc_nano.a(lib_a-nano-mallocr.o)
                0x080043b4                _malloc_r
 .text.__sfputc_r
                0x08004460       0x2c c:/program files (x86)/gnu tools arm embedded/4.9 2015q3/bin/../lib/gcc/arm-none-eabi/4.9.3/../../../../arm-none-eabi/lib/armv7e-m/softfp\libc_nano.a(lib_a-nano-vfprintf.o)
 .text.__sfputs_r
                0x0800448c       0x24 c:/program files (x86)/gnu tools arm embedded/4.9 2015q3/bin/../lib/gcc/arm-none-eabi/4.9.3/../../../../arm-none-eabi/lib/armv7e-m/softfp\libc_nano.a(lib_a-nano-vfprintf.o)
                0x0800448c                __sfputs_r
 .text._vfprintf_r
                0x080044b0      0x210 c:/program files (x86)/gnu tools arm embedded/4.9 2015q3/bin/../lib/gcc/arm-none-eabi/4.9.3/../../../../arm-none-eabi/lib/armv7e-m/softfp\libc_nano.a(lib_a-nano-vfprintf.o)
                0x080044b0                _vfprintf_r
                0x080044b0                _vfiprintf_r
 .text.vfprintf
                0x080046c0       0x1c c:/program files (x86)/gnu tools arm embedded/4.9 2015q3/bin/../lib/gcc/arm-none-eabi/4.9.3/../../../../arm-none-eabi/lib/armv7e-m/softfp\libc_nano.a(lib_a-nano-vfprintf.o)
                0x080046c0                vfprintf
                0x080046c0                vfiprintf
 .text._printf_common
                0x080046dc       0xea c:/program files (x86)/gnu tools arm embedded/4.9 2015q3/bin/../lib/gcc/arm-none-eabi/4.9.3/../../../../arm-none-eabi/lib/armv7e-m/softfp\libc_nano.a(lib_a-nano-vfprintf_i.o)
                0x080046dc                _printf_common
 *fill*         0x080047c6        0x2 
 .text._printf_i
                0x080047c8      0x240 c:/program files (x86)/gnu tools arm embedded/4.9 2015q3/bin/../lib/gcc/arm-none-eabi/4.9.3/../../../../arm-none-eabi/lib/armv7e-m/softfp\libc_nano.a(lib_a-nano-vfprintf_i.o)
                0x080047c8                _printf_i
 .text.printf   0x08004a08       0x30 c:/program files (x86)/gnu tools arm embedded/4.9 2015q3/bin/../lib/gcc/arm-none-eabi/4.9.3/../../../../arm-none-eabi/lib/armv7e-m/softfp\libc_nano.a(lib_a-printf.o)
                0x08004a08                iprintf
                0x08004a08                printf
 .text._putc_r  0x08004a38       0x78 c:/program files (x86)/gnu tools arm embedded/4.9 2015q3/bin/../lib/gcc/arm-none-eabi/4.9.3/../../../../arm-none-eabi/lib/armv7e-m/softfp\libc_nano.a(lib_a-putc.o)
                0x08004a38                _putc_r
 .text._sbrk_r  0x08004ab0       0x20 c:/program files (x86)/gnu tools arm embedded/4.9 2015q3/bin/../lib/gcc/arm-none-eabi/4.9.3/../../../../arm-none-eabi/lib/armv7e-m/softfp\libc_nano.a(lib_a-sbrkr.o)
                0x08004ab0                _sbrk_r
 .text          0x08004ad0       0x1c c:/program files (x86)/gnu tools arm embedded/4.9 2015q3/bin/../lib/gcc/arm-none-eabi/4.9.3/../../../../arm-none-eabi/lib/armv7e-m/softfp\libc_nano.a(lib_a-setjmp.o)
                0x08004ad0                setjmp
                0x08004adc                longjmp
 .text._raise_r
                0x08004aec       0x50 c:/program files (x86)/gnu tools arm embedded/4.9 2015q3/bin/../lib/gcc/arm-none-eabi/4.9.3/../../../../arm-none-eabi/lib/armv7e-m/softfp\libc_nano.a(lib_a-signal.o)
                0x08004aec                _raise_r
 .text.raise    0x08004b3c       0x10 c:/program files (x86)/gnu tools arm embedded/4.9 2015q3/bin/../lib/gcc/arm-none-eabi/4.9.3/../../../../arm-none-eabi/lib/armv7e-m/softfp\libc_nano.a(lib_a-signal.o)
                0x08004b3c                raise
 .text._kill_r  0x08004b4c       0x24 c:/program files (x86)/gnu tools arm embedded/4.9 2015q3/bin/../lib/gcc/arm-none-eabi/4.9.3/../../../../arm-none-eabi/lib/armv7e-m/softfp\libc_nano.a(lib_a-signalr.o)
                0x08004b4c                _kill_r
 .text._getpid_r
                0x08004b70        0x4 c:/program files (x86)/gnu tools arm embedded/4.9 2015q3/bin/../lib/gcc/arm-none-eabi/4.9.3/../../../../arm-none-eabi/lib/armv7e-m/softfp\libc_nano.a(lib_a-signalr.o)
                0x08004b70                _getpid_r
 .text.__sread  0x08004b74       0x22 c:/program files (x86)/gnu tools arm embedded/4.9 2015q3/bin/../lib/gcc/arm-none-eabi/4.9.3/../../../../arm-none-eabi/lib/armv7e-m/softfp\libc_nano.a(lib_a-stdio.o)
                0x08004b74                __sread
 .text.__swrite
                0x08004b96       0x38 c:/program files (x86)/gnu tools arm embedded/4.9 2015q3/bin/../lib/gcc/arm-none-eabi/4.9.3/../../../../arm-none-eabi/lib/armv7e-m/softfp\libc_nano.a(lib_a-stdio.o)
                0x08004b96                __swrite
 .text.__sseek  0x08004bce       0x24 c:/program files (x86)/gnu tools arm embedded/4.9 2015q3/bin/../lib/gcc/arm-none-eabi/4.9.3/../../../../arm-none-eabi/lib/armv7e-m/softfp\libc_nano.a(lib_a-stdio.o)
                0x08004bce                __sseek
 .text.__sclose
                0x08004bf2        0x8 c:/program files (x86)/gnu tools arm embedded/4.9 2015q3/bin/../lib/gcc/arm-none-eabi/4.9.3/../../../../arm-none-eabi/lib/armv7e-m/softfp\libc_nano.a(lib_a-stdio.o)
                0x08004bf2                __sclose
 .text.strlen   0x08004bfa       0x10 c:/program files (x86)/gnu tools arm embedded/4.9 2015q3/bin/../lib/gcc/arm-none-eabi/4.9.3/../../../../arm-none-eabi/lib/armv7e-m/softfp\libc_nano.a(lib_a-strlen.o)
                0x08004bfa                strlen
 .text.strncmp  0x08004c0a       0x34 c:/program files (x86)/gnu tools arm embedded/4.9 2015q3/bin/../lib/gcc/arm-none-eabi/4.9.3/../../../../arm-none-eabi/lib/armv7e-m/softfp\libc_nano.a(lib_a-strncmp.o)
                0x08004c0a                strncmp
 .text._vsprintf_r
                0x08004c3e       0x30 c:/program files (x86)/gnu tools arm embedded/4.9 2015q3/bin/../lib/gcc/arm-none-eabi/4.9.3/../../../../arm-none-eabi/lib/armv7e-m/softfp\libc_nano.a(lib_a-vsprintf.o)
                0x08004c3e                _vsprintf_r
                0x08004c3e                _vsiprintf_r
 *fill*         0x08004c6e        0x2 
 .text.vsprintf
                0x08004c70       0x1c c:/program files (x86)/gnu tools arm embedded/4.9 2015q3/bin/../lib/gcc/arm-none-eabi/4.9.3/../../../../arm-none-eabi/lib/armv7e-m/softfp\libc_nano.a(lib_a-vsprintf.o)
                0x08004c70                vsiprintf
                0x08004c70                vsprintf
 .text.__swbuf_r
                0x08004c8c       0xa8 c:/program files (x86)/gnu tools arm embedded/4.9 2015q3/bin/../lib/gcc/arm-none-eabi/4.9.3/../../../../arm-none-eabi/lib/armv7e-m/softfp\libc_nano.a(lib_a-wbuf.o)
                0x08004c8c                __swbuf_r
 .text._write_r
                0x08004d34       0x24 c:/program files (x86)/gnu tools arm embedded/4.9 2015q3/bin/../lib/gcc/arm-none-eabi/4.9.3/../../../../arm-none-eabi/lib/armv7e-m/softfp\libc_nano.a(lib_a-writer.o)
                0x08004d34                _write_r
 .text.__swsetup_r
                0x08004d58       0xd8 c:/program files (x86)/gnu tools arm embedded/4.9 2015q3/bin/../lib/gcc/arm-none-eabi/4.9.3/../../../../arm-none-eabi/lib/armv7e-m/softfp\libc_nano.a(lib_a-wsetup.o)
                0x08004d58                __swsetup_r
 .text._close_r
                0x08004e30       0x20 c:/program files (x86)/gnu tools arm embedded/4.9 2015q3/bin/../lib/gcc/arm-none-eabi/4.9.3/../../../../arm-none-eabi/lib/armv7e-m/softfp\libc_nano.a(lib_a-closer.o)
                0x08004e30                _close_r
 .text._lseek_r
                0x08004e50       0x24 c:/program files (x86)/gnu tools arm embedded/4.9 2015q3/bin/../lib/gcc/arm-none-eabi/4.9.3/../../../../arm-none-eabi/lib/armv7e-m/softfp\libc_nano.a(lib_a-lseekr.o)
                0x08004e50                _lseek_r
 .text.__smakebuf_r
                0x08004e74       0x9c c:/program files (x86)/gnu tools arm embedded/4.9 2015q3/bin/../lib/gcc/arm-none-eabi/4.9.3/../../../../arm-none-eabi/lib/armv7e-m/softfp\libc_nano.a(lib_a-makebuf.o)
                0x08004e74                __smakebuf_r
 .text.memmove  0x08004f10       0x36 c:/program files (x86)/gnu tools arm embedded/4.9 2015q3/bin/../lib/gcc/arm-none-eabi/4.9.3/../../../../arm-none-eabi/lib/armv7e-m/softfp\libc_nano.a(lib_a-memmove.o)
                0x08004f10                memmove
 .text._realloc_r
                0x08004f46       0x4c c:/program files (x86)/gnu tools arm embedded/4.9 2015q3/bin/../lib/gcc/arm-none-eabi/4.9.3/../../../../arm-none-eabi/lib/armv7e-m/softfp\libc_nano.a(lib_a-nano-reallocr.o)
                0x08004f46                _realloc_r
 .text.__ssputs_r
                0x08004f92       0xb2 c:/program files (x86)/gnu tools arm embedded/4.9 2015q3/bin/../lib/gcc/arm-none-eabi/4.9.3/../../../../arm-none-eabi/lib/armv7e-m/softfp\libc_nano.a(lib_a-nano-svfprintf.o)
                0x08004f92                __ssputs_r
 .text._svfprintf_r
                0x08005044      0x1e4 c:/program files (x86)/gnu tools arm embedded/4.9 2015q3/bin/../lib/gcc/arm-none-eabi/4.9.3/../../../../arm-none-eabi/lib/armv7e-m/softfp\libc_nano.a(lib_a-nano-svfprintf.o)
                0x08005044                _svfiprintf_r
                0x08005044                _svfprintf_r
 .text._read_r  0x08005228       0x24 c:/program files (x86)/gnu tools arm embedded/4.9 2015q3/bin/../lib/gcc/arm-none-eabi/4.9.3/../../../../arm-none-eabi/lib/armv7e-m/softfp\libc_nano.a(lib_a-readr.o)
                0x08005228                _read_r
 .text._fstat_r
                0x0800524c       0x24 c:/program files (x86)/gnu tools arm embedded/4.9 2015q3/bin/../lib/gcc/arm-none-eabi/4.9.3/../../../../arm-none-eabi/lib/armv7e-m/softfp\libc_nano.a(lib_a-fstatr.o)
                0x0800524c                _fstat_r
 .text._isatty_r
                0x08005270       0x20 c:/program files (x86)/gnu tools arm embedded/4.9 2015q3/bin/../lib/gcc/arm-none-eabi/4.9.3/../../../../arm-none-eabi/lib/armv7e-m/softfp\libc_nano.a(lib_a-isattyr.o)
                0x08005270                _isatty_r
 .text._malloc_usable_size_r
                0x08005290       0x14 c:/program files (x86)/gnu tools arm embedded/4.9 2015q3/bin/../lib/gcc/arm-none-eabi/4.9.3/../../../../arm-none-eabi/lib/armv7e-m/softfp\libc_nano.a(lib_a-nano-msizer.o)
                0x08005290                _malloc_usable_size_r
 .text._getpid  0x080052a4       0x10 c:/program files (x86)/gnu tools arm embedded/4.9 2015q3/bin/../lib/gcc/arm-none-eabi/4.9.3/../../../../arm-none-eabi/lib/armv7e-m/softfp\libnosys.a(getpid.o)
                0x080052a4                _getpid
 .text._kill    0x080052b4       0x10 c:/program files (x86)/gnu tools arm embedded/4.9 2015q3/bin/../lib/gcc/arm-none-eabi/4.9.3/../../../../arm-none-eabi/lib/armv7e-m/softfp\libnosys.a(kill.o)
                0x080052b4                _kill
 *(.init)
 .init          0x080052c4        0x4 c:/program files (x86)/gnu tools arm embedded/4.9 2015q3/bin/../lib/gcc/arm-none-eabi/4.9.3/armv7e-m/softfp/crti.o
                0x080052c4                _init
 .init          0x080052c8        0x8 c:/program files (x86)/gnu tools arm embedded/4.9 2015q3/bin/../lib/gcc/arm-none-eabi/4.9.3/armv7e-m/softfp/crtn.o
 *(.fini)
 .fini          0x080052d0        0x4 c:/program files (x86)/gnu tools arm embedded/4.9 2015q3/bin/../lib/gcc/arm-none-eabi/4.9.3/armv7e-m/softfp/crti.o
                0x080052d0                _fini
 .fini          0x080052d4        0x8 c:/program files (x86)/gnu tools arm embedded/4.9 2015q3/bin/../lib/gcc/arm-none-eabi/4.9.3/armv7e-m/softfp/crtn.o
 *crtbegin.o(.ctors)
 *crtbegin?.o(.ctors)
 *(EXCLUDE_FILE(*crtend.o *crtend?.o) .ctors)
 *(SORT(.ctors.*))
 *(.ctors)
 *crtbegin.o(.dtors)
 *crtbegin?.o(.dtors)
 *(EXCLUDE_FILE(*crtend.o *crtend?.o) .dtors)
 *(SORT(.dtors.*))
 *(.dtors)
 *(.rodata*)
 .rodata.str1.4
                0x080052dc       0x8b E:\HopeProject\minecraft\hmc5883lEmulator/mbed/TARGET_NUCLEO_F411RE/TOOLCHAIN_GCC_ARM/board.o
 *fill*         0x08005367        0x1 
 .rodata.APBAHBPrescTable
                0x08005368       0x10 E:\HopeProject\minecraft\hmc5883lEmulator/mbed/TARGET_NUCLEO_F411RE/TOOLCHAIN_GCC_ARM/stm32f4xx_hal_rcc.o
                0x08005368                APBAHBPrescTable
 .rodata.AHBPrescTable
                0x08005378       0x10 E:\HopeProject\minecraft\hmc5883lEmulator/mbed/TARGET_NUCLEO_F411RE/TOOLCHAIN_GCC_ARM/system_stm32f4xx.o
                0x08005378                AHBPrescTable
 .rodata        0x08005388       0x88 ..\obj\BufferedSerial.o
 .rodata._ZTV14BufferedSerial
                0x08005410       0x2c ..\obj\BufferedSerial.o
                0x08005410                vtable for BufferedSerial
 *fill*         0x0800543c        0x4 
 .rodata._ZTVN4mbed9RawSerialE
                0x08005440       0x10 ..\obj\BufferedSerial.o
                0x08005440                vtable for mbed::RawSerial
 .rodata._ZTVN4mbed10SerialBaseE
                0x08005450       0x10 ..\obj\BufferedSerial.o
                0x08005450                vtable for mbed::SerialBase
 .rodata        0x08005460      0x374 ..\obj\main.o
 .rodata        0x080057d4       0xaf ..\obj\TestcIMUOdometry.o
 *fill*         0x08005883        0x1 
 .rodata.str1.4
                0x08005884       0x98 E:\HopeProject\minecraft\hmc5883lEmulator/mbed/TARGET_NUCLEO_F411RE/TOOLCHAIN_GCC_ARM\libmbed.a(serial_api.o)
 .rodata.str1.4
                0x0800591c       0x31 E:\HopeProject\minecraft\hmc5883lEmulator/mbed/TARGET_NUCLEO_F411RE/TOOLCHAIN_GCC_ARM\libmbed.a(assert.o)
 .rodata.str1.4
                0x00000000       0x8b E:\HopeProject\minecraft\hmc5883lEmulator/mbed/TARGET_NUCLEO_F411RE/TOOLCHAIN_GCC_ARM\libmbed.a(gpio.o)
 *fill*         0x0800594d        0x3 
 .rodata.str1.4
                0x08005950       0x66 E:\HopeProject\minecraft\hmc5883lEmulator/mbed/TARGET_NUCLEO_F411RE/TOOLCHAIN_GCC_ARM\libmbed.a(pinmap_common.o)
 *fill*         0x080059b6        0x2 
 .rodata.us_interface
                0x080059b8       0x14 E:\HopeProject\minecraft\hmc5883lEmulator/mbed/TARGET_NUCLEO_F411RE/TOOLCHAIN_GCC_ARM\libmbed.a(us_ticker_api.o)
 .rodata.us_data
                0x080059cc        0x8 E:\HopeProject\minecraft\hmc5883lEmulator/mbed/TARGET_NUCLEO_F411RE/TOOLCHAIN_GCC_ARM\libmbed.a(us_ticker_api.o)
 .rodata.PinMap_I2C_SDA
                0x080059d4       0x48 E:\HopeProject\minecraft\hmc5883lEmulator/mbed/TARGET_NUCLEO_F411RE/TOOLCHAIN_GCC_ARM\libmbed.a(PeripheralPins.o)
                0x080059d4                PinMap_I2C_SDA
 .rodata.PinMap_UART_RX
                0x08005a1c       0x54 E:\HopeProject\minecraft\hmc5883lEmulator/mbed/TARGET_NUCLEO_F411RE/TOOLCHAIN_GCC_ARM\libmbed.a(PeripheralPins.o)
                0x08005a1c                PinMap_UART_RX
 .rodata.PinMap_I2C_SCL
                0x08005a70       0x3c E:\HopeProject\minecraft\hmc5883lEmulator/mbed/TARGET_NUCLEO_F411RE/TOOLCHAIN_GCC_ARM\libmbed.a(PeripheralPins.o)
                0x08005a70                PinMap_I2C_SCL
 .rodata.PinMap_UART_TX
                0x08005aac       0x54 E:\HopeProject\minecraft\hmc5883lEmulator/mbed/TARGET_NUCLEO_F411RE/TOOLCHAIN_GCC_ARM\libmbed.a(PeripheralPins.o)
                0x08005aac                PinMap_UART_TX
 .rodata.str1.4
                0x08005b00       0x73 E:\HopeProject\minecraft\hmc5883lEmulator/mbed/TARGET_NUCLEO_F411RE/TOOLCHAIN_GCC_ARM\libmbed.a(gpio_api.o)
                                 0x8c (size before relaxing)
 *fill*         0x08005b73        0x1 
 .rodata.str1.4
                0x08005b74       0x94 E:\HopeProject\minecraft\hmc5883lEmulator/mbed/TARGET_NUCLEO_F411RE/TOOLCHAIN_GCC_ARM\libmbed.a(i2c_api.o)
 .rodata.gpio_mode
                0x08005c08       0x34 E:\HopeProject\minecraft\hmc5883lEmulator/mbed/TARGET_NUCLEO_F411RE/TOOLCHAIN_GCC_ARM\libmbed.a(pinmap.o)
 .rodata.str1.4
                0x08005c3c       0x84 E:\HopeProject\minecraft\hmc5883lEmulator/mbed/TARGET_NUCLEO_F411RE/TOOLCHAIN_GCC_ARM\libmbed.a(pinmap.o)
                                 0x95 (size before relaxing)
 .rodata.__sf_fake_stdin
                0x08005cc0       0x20 c:/program files (x86)/gnu tools arm embedded/4.9 2015q3/bin/../lib/gcc/arm-none-eabi/4.9.3/../../../../arm-none-eabi/lib/armv7e-m/softfp\libc_nano.a(lib_a-findfp.o)
                0x08005cc0                __sf_fake_stdin
 .rodata.__sf_fake_stdout
                0x08005ce0       0x20 c:/program files (x86)/gnu tools arm embedded/4.9 2015q3/bin/../lib/gcc/arm-none-eabi/4.9.3/../../../../arm-none-eabi/lib/armv7e-m/softfp\libc_nano.a(lib_a-findfp.o)
                0x08005ce0                __sf_fake_stdout
 .rodata.__sf_fake_stderr
                0x08005d00       0x20 c:/program files (x86)/gnu tools arm embedded/4.9 2015q3/bin/../lib/gcc/arm-none-eabi/4.9.3/../../../../arm-none-eabi/lib/armv7e-m/softfp\libc_nano.a(lib_a-findfp.o)
                0x08005d00                __sf_fake_stderr
 .rodata.str1.1
                0x08005d20        0x2 c:/program files (x86)/gnu tools arm embedded/4.9 2015q3/bin/../lib/gcc/arm-none-eabi/4.9.3/../../../../arm-none-eabi/lib/armv7e-m/softfp\libc_nano.a(lib_a-impure.o)
 *fill*         0x08005d22        0x2 
 .rodata._global_impure_ptr
                0x08005d24        0x4 c:/program files (x86)/gnu tools arm embedded/4.9 2015q3/bin/../lib/gcc/arm-none-eabi/4.9.3/../../../../arm-none-eabi/lib/armv7e-m/softfp\libc_nano.a(lib_a-impure.o)
                0x08005d24                _global_impure_ptr
 .rodata.str1.1
                0x08005d28       0x11 c:/program files (x86)/gnu tools arm embedded/4.9 2015q3/bin/../lib/gcc/arm-none-eabi/4.9.3/../../../../arm-none-eabi/lib/armv7e-m/softfp\libc_nano.a(lib_a-nano-vfprintf.o)
 .rodata.str1.1
                0x08005d39       0x22 c:/program files (x86)/gnu tools arm embedded/4.9 2015q3/bin/../lib/gcc/arm-none-eabi/4.9.3/../../../../arm-none-eabi/lib/armv7e-m/softfp\libc_nano.a(lib_a-nano-vfprintf_i.o)
 .rodata.str1.1
                0x00000000       0x11 c:/program files (x86)/gnu tools arm embedded/4.9 2015q3/bin/../lib/gcc/arm-none-eabi/4.9.3/../../../../arm-none-eabi/lib/armv7e-m/softfp\libc_nano.a(lib_a-nano-svfprintf.o)
 *(.eh_frame*)
 *fill*         0x08005d5b        0x1 
 .eh_frame      0x08005d5c        0x0 c:/program files (x86)/gnu tools arm embedded/4.9 2015q3/bin/../lib/gcc/arm-none-eabi/4.9.3/armv7e-m/softfp/crtbegin.o
 .eh_frame      0x08005d5c        0x0 c:/program files (x86)/gnu tools arm embedded/4.9 2015q3/bin/../lib/gcc/arm-none-eabi/4.9.3/../../../../arm-none-eabi/lib/armv7e-m/softfp\libc_nano.a(lib_a-strcmp.o)
                                 0x28 (size before relaxing)
 .eh_frame      0x08005d5c        0x4 c:/program files (x86)/gnu tools arm embedded/4.9 2015q3/bin/../lib/gcc/arm-none-eabi/4.9.3/armv7e-m/softfp/crtend.o

.glue_7         0x08005d60        0x0
 .glue_7        0x00000000        0x0 linker stubs

.glue_7t        0x08005d60        0x0
 .glue_7t       0x00000000        0x0 linker stubs

.vfp11_veneer   0x08005d60        0x0
 .vfp11_veneer  0x00000000        0x0 linker stubs

.v4_bx          0x08005d60        0x0
 .v4_bx         0x00000000        0x0 linker stubs

.iplt           0x08005d60        0x0
 .iplt          0x00000000        0x0 c:/program files (x86)/gnu tools arm embedded/4.9 2015q3/bin/../lib/gcc/arm-none-eabi/4.9.3/armv7e-m/softfp/crtbegin.o

.ARM.extab
 *(.ARM.extab* .gnu.linkonce.armextab.*)
                0x08005d60                __exidx_start = .

.ARM.exidx      0x08005d60        0x8
 *(.ARM.exidx* .gnu.linkonce.armexidx.*)
 .ARM.exidx     0x08005d60        0x8 c:/program files (x86)/gnu tools arm embedded/4.9 2015q3/bin/../lib/gcc/arm-none-eabi/4.9.3/../../../../arm-none-eabi/lib/armv7e-m/softfp/crt0.o
                0x08005d68                __exidx_end = .
                0x08005d68                __etext = .
                0x08005d68                _sidata = .

.rel.dyn        0x08005d68        0x0
 .rel.iplt      0x00000000        0x0 c:/program files (x86)/gnu tools arm embedded/4.9 2015q3/bin/../lib/gcc/arm-none-eabi/4.9.3/armv7e-m/softfp/crtbegin.o

.data           0x20000198       0x80 load address 0x08005d68
                0x20000198                __data_start__ = .
                0x20000198                _sdata = .
 *(vtable)
 *(.data*)
 .data          0x20000198        0x4 c:/program files (x86)/gnu tools arm embedded/4.9 2015q3/bin/../lib/gcc/arm-none-eabi/4.9.3/armv7e-m/softfp/crtbegin.o
                0x20000198                __dso_handle
 .data._ZZ5_sbrkE4heap
                0x2000019c        0x4 E:\HopeProject\minecraft\hmc5883lEmulator/mbed/TARGET_NUCLEO_F411RE/TOOLCHAIN_GCC_ARM/retarget.o
 .data.SystemCoreClock
                0x200001a0        0x4 E:\HopeProject\minecraft\hmc5883lEmulator/mbed/TARGET_NUCLEO_F411RE/TOOLCHAIN_GCC_ARM/system_stm32f4xx.o
                0x200001a0                SystemCoreClock
 .data.impure_data
                0x200001a4       0x60 c:/program files (x86)/gnu tools arm embedded/4.9 2015q3/bin/../lib/gcc/arm-none-eabi/4.9.3/../../../../arm-none-eabi/lib/armv7e-m/softfp\libc_nano.a(lib_a-impure.o)
 .data._impure_ptr
                0x20000204        0x4 c:/program files (x86)/gnu tools arm embedded/4.9 2015q3/bin/../lib/gcc/arm-none-eabi/4.9.3/../../../../arm-none-eabi/lib/armv7e-m/softfp\libc_nano.a(lib_a-impure.o)
                0x20000204                _impure_ptr
                0x20000208                . = ALIGN (0x4)
                0x20000208                PROVIDE (__preinit_array_start, .)
 *(.preinit_array)
                0x20000208                PROVIDE (__preinit_array_end, .)
                0x20000208                . = ALIGN (0x4)
                0x20000208                PROVIDE (__init_array_start, .)
 *(SORT(.init_array.*))
 *(.init_array)
 .init_array    0x20000208        0x4 c:/program files (x86)/gnu tools arm embedded/4.9 2015q3/bin/../lib/gcc/arm-none-eabi/4.9.3/armv7e-m/softfp/crtbegin.o
 .init_array    0x2000020c        0x4 ..\obj\main.o
                0x20000210                PROVIDE (__init_array_end, .)
                0x20000210                . = ALIGN (0x4)
                0x20000210                PROVIDE (__fini_array_start, .)
 *(SORT(.fini_array.*))
 *(.fini_array)
 .fini_array    0x20000210        0x4 c:/program files (x86)/gnu tools arm embedded/4.9 2015q3/bin/../lib/gcc/arm-none-eabi/4.9.3/armv7e-m/softfp/crtbegin.o
                0x20000214                PROVIDE (__fini_array_end, .)
 *(.jcr*)
 .jcr           0x20000214        0x0 c:/program files (x86)/gnu tools arm embedded/4.9 2015q3/bin/../lib/gcc/arm-none-eabi/4.9.3/armv7e-m/softfp/crtbegin.o
 .jcr           0x20000214        0x4 c:/program files (x86)/gnu tools arm embedded/4.9 2015q3/bin/../lib/gcc/arm-none-eabi/4.9.3/armv7e-m/softfp/crtend.o
                0x20000218                . = ALIGN (0x4)
                0x20000218                __data_end__ = .
                0x20000218                _edata = .

.igot.plt       0x20000218        0x0 load address 0x08005de8
 .igot.plt      0x00000000        0x0 c:/program files (x86)/gnu tools arm embedded/4.9 2015q3/bin/../lib/gcc/arm-none-eabi/4.9.3/armv7e-m/softfp/crtbegin.o

.bss            0x20000218      0x6e4 load address 0x08005de8
                0x20000218                . = ALIGN (0x4)
                0x20000218                __bss_start__ = .
                0x20000218                _sbss = .
 *(.bss*)
 .bss           0x20000218       0x1c c:/program files (x86)/gnu tools arm embedded/4.9 2015q3/bin/../lib/gcc/arm-none-eabi/4.9.3/armv7e-m/softfp/crtbegin.o
 .bss.PreviousVal
                0x20000234        0x4 E:\HopeProject\minecraft\hmc5883lEmulator/mbed/TARGET_NUCLEO_F411RE/TOOLCHAIN_GCC_ARM/hal_tick.o
                0x20000234                PreviousVal
 .bss._ZL11filehandles
                0x20000238      0x100 E:\HopeProject\minecraft\hmc5883lEmulator/mbed/TARGET_NUCLEO_F411RE/TOOLCHAIN_GCC_ARM/retarget.o
 .bss.uwTick    0x20000338        0x4 E:\HopeProject\minecraft\hmc5883lEmulator/mbed/TARGET_NUCLEO_F411RE/TOOLCHAIN_GCC_ARM/stm32f4xx_hal.o
 .bss.i2cCom    0x2000033c        0x8 ..\obj\main.o
                0x2000033c                i2cCom
 .bss.rbtSerial
                0x20000344       0x7c ..\obj\main.o
                0x20000344                rbtSerial
 .bss.debugSerial
                0x200003c0       0x7c ..\obj\main.o
                0x200003c0                debugSerial
 .bss.imuOdometry
                0x2000043c       0x40 ..\obj\main.o
                0x2000043c                imuOdometry
 .bss.msgString_IMUOdometry
                0x2000047c       0x40 ..\obj\main.o
                0x2000047c                msgString_IMUOdometry
 .bss.outputFrame_IMUOdometry
                0x200004bc       0x40 ..\obj\main.o
                0x200004bc                outputFrame_IMUOdometry
 .bss.frameGetter_IMUOdometry
                0x200004fc       0x18 ..\obj\main.o
                0x200004fc                frameGetter_IMUOdometry
 .bss.greatest_info
                0x20000514       0xc8 ..\obj\main.o
                0x20000514                greatest_info
 .bss.serial_irq_ids
                0x200005dc       0x20 E:\HopeProject\minecraft\hmc5883lEmulator/mbed/TARGET_NUCLEO_F411RE/TOOLCHAIN_GCC_ARM\libmbed.a(serial_api.o)
                0x200005dc                serial_irq_ids
 .bss.irq_handler
                0x200005fc        0x4 E:\HopeProject\minecraft\hmc5883lEmulator/mbed/TARGET_NUCLEO_F411RE/TOOLCHAIN_GCC_ARM\libmbed.a(serial_api.o)
 .bss.stdio_uart_inited
                0x20000600        0x4 E:\HopeProject\minecraft\hmc5883lEmulator/mbed/TARGET_NUCLEO_F411RE/TOOLCHAIN_GCC_ARM\libmbed.a(serial_api.o)
                0x20000600                stdio_uart_inited
 .bss.UartHandle
                0x20000604      0x200 E:\HopeProject\minecraft\hmc5883lEmulator/mbed/TARGET_NUCLEO_F411RE/TOOLCHAIN_GCC_ARM\libmbed.a(serial_api.o)
 .bss.TimMasterHandle
                0x20000804       0x3c E:\HopeProject\minecraft\hmc5883lEmulator/mbed/TARGET_NUCLEO_F411RE/TOOLCHAIN_GCC_ARM\libmbed.a(us_ticker.o)
 .bss.us_ticker_inited
                0x20000840        0x4 E:\HopeProject\minecraft\hmc5883lEmulator/mbed/TARGET_NUCLEO_F411RE/TOOLCHAIN_GCC_ARM\libmbed.a(us_ticker.o)
 .bss.events    0x20000844        0x8 E:\HopeProject\minecraft\hmc5883lEmulator/mbed/TARGET_NUCLEO_F411RE/TOOLCHAIN_GCC_ARM\libmbed.a(us_ticker_api.o)
 .bss.i2c1_inited
                0x2000084c        0x4 E:\HopeProject\minecraft\hmc5883lEmulator/mbed/TARGET_NUCLEO_F411RE/TOOLCHAIN_GCC_ARM\libmbed.a(i2c_api.o)
                0x2000084c                i2c1_inited
 .bss.i2c3_inited
                0x20000850        0x4 E:\HopeProject\minecraft\hmc5883lEmulator/mbed/TARGET_NUCLEO_F411RE/TOOLCHAIN_GCC_ARM\libmbed.a(i2c_api.o)
                0x20000850                i2c3_inited
 .bss.i2c2_inited
                0x20000854        0x4 E:\HopeProject\minecraft\hmc5883lEmulator/mbed/TARGET_NUCLEO_F411RE/TOOLCHAIN_GCC_ARM\libmbed.a(i2c_api.o)
                0x20000854                i2c2_inited
 .bss._ZN12_GLOBAL__N_113__new_handlerE
                0x20000858        0x4 c:/program files (x86)/gnu tools arm embedded/4.9 2015q3/bin/../lib/gcc/arm-none-eabi/4.9.3/../../../../arm-none-eabi/lib/armv7e-m/softfp\libstdc++_nano.a(new_handler.o)
 .bss.__malloc_sbrk_start
                0x2000085c        0x4 c:/program files (x86)/gnu tools arm embedded/4.9 2015q3/bin/../lib/gcc/arm-none-eabi/4.9.3/../../../../arm-none-eabi/lib/armv7e-m/softfp\libc_nano.a(lib_a-nano-mallocr.o)
                0x2000085c                __malloc_sbrk_start
 .bss.__malloc_free_list
                0x20000860        0x4 c:/program files (x86)/gnu tools arm embedded/4.9 2015q3/bin/../lib/gcc/arm-none-eabi/4.9.3/../../../../arm-none-eabi/lib/armv7e-m/softfp\libc_nano.a(lib_a-nano-mallocr.o)
                0x20000860                __malloc_free_list
 *(COMMON)
 COMMON         0x20000864       0x3c E:\HopeProject\minecraft\hmc5883lEmulator/mbed/TARGET_NUCLEO_F411RE/TOOLCHAIN_GCC_ARM/hal_tick.o
                0x20000864                TimMasterHandle
 COMMON         0x200008a0       0x1c E:\HopeProject\minecraft\hmc5883lEmulator/mbed/TARGET_NUCLEO_F411RE/TOOLCHAIN_GCC_ARM\libmbed.a(serial_api.o)
                0x200008a0                stdio_uart
 COMMON         0x200008bc       0x3c E:\HopeProject\minecraft\hmc5883lEmulator/mbed/TARGET_NUCLEO_F411RE/TOOLCHAIN_GCC_ARM\libmbed.a(i2c_api.o)
                0x200008bc                I2cHandle
 COMMON         0x200008f8        0x4 c:/program files (x86)/gnu tools arm embedded/4.9 2015q3/bin/../lib/gcc/arm-none-eabi/4.9.3/../../../../arm-none-eabi/lib/armv7e-m/softfp\libc_nano.a(lib_a-reent.o)
                0x200008f8                errno
                0x200008fc                . = ALIGN (0x4)
                0x200008fc                __bss_end__ = .
                0x200008fc                _ebss = .

.heap           0x200008fc        0x0
                0x200008fc                __end__ = .
                0x200008fc                end = __end__
 *(.heap*)
                0x200008fc                __HeapLimit = .

.stack_dummy    0x200008fc        0x0
 *(.stack*)
                0x20020000                __StackTop = (ORIGIN (RAM) + 0x1fe68)
                0x20020000                _estack = __StackTop
                0x20020000                __StackLimit = (__StackTop - SIZEOF (.stack_dummy))
                0x20020000                PROVIDE (__stack, __StackTop)
                0x00000001                ASSERT ((__StackLimit >= __HeapLimit), region RAM overflowed with stack)
LOAD ..\obj\cRingBuffer.o
LOAD ..\obj\BufferedSerial.o
LOAD ..\obj\TestcFrameMsgGetter.o
LOAD ..\obj\TestcEncoder.o
LOAD ..\obj\cDebugUart.o
LOAD ..\obj\cFrameMsgGetter.o
LOAD ..\obj\cAssert.o
LOAD ..\obj\generalUtility.o
LOAD ..\obj\cEncoder.o
LOAD ..\obj\FSM.o
LOAD ..\obj\main.o
LOAD ..\obj\cInternalStateReport.o
LOAD ..\obj\stm32f4xx_it.o
LOAD ..\obj\TestCRC.o
LOAD ..\obj\TestcRBTRS232ProtocolWrapper.o
LOAD ..\obj\crc.o
LOAD ..\obj\I2CSlave1.o
LOAD ..\obj\MyBuffer.o
LOAD ..\obj\cRBTRS232ProtocolWrapper.o
LOAD ..\obj\TestcIMUOdometry.o
LOAD ..\obj\testTelemetry.o
LOAD ..\obj\cIMUOdometry.o
LOAD E:\HopeProject\minecraft\hmc5883lEmulator/mbed/TARGET_NUCLEO_F411RE/TOOLCHAIN_GCC_ARM\libmbed.a
LOAD c:/program files (x86)/gnu tools arm embedded/4.9 2015q3/bin/../lib/gcc/arm-none-eabi/4.9.3/../../../../arm-none-eabi/lib/armv7e-m/softfp\libstdc++_nano.a
LOAD c:/program files (x86)/gnu tools arm embedded/4.9 2015q3/bin/../lib/gcc/arm-none-eabi/4.9.3/../../../../arm-none-eabi/lib/armv7e-m/softfp\libsupc++_nano.a
LOAD c:/program files (x86)/gnu tools arm embedded/4.9 2015q3/bin/../lib/gcc/arm-none-eabi/4.9.3/../../../../arm-none-eabi/lib/armv7e-m/softfp\libm.a
LOAD c:/program files (x86)/gnu tools arm embedded/4.9 2015q3/bin/../lib/gcc/arm-none-eabi/4.9.3/armv7e-m/softfp\libgcc.a
LOAD c:/program files (x86)/gnu tools arm embedded/4.9 2015q3/bin/../lib/gcc/arm-none-eabi/4.9.3/../../../../arm-none-eabi/lib/armv7e-m/softfp\libc_nano.a
LOAD c:/program files (x86)/gnu tools arm embedded/4.9 2015q3/bin/../lib/gcc/arm-none-eabi/4.9.3/../../../../arm-none-eabi/lib/armv7e-m/softfp\libnosys.a
START GROUP
LOAD c:/program files (x86)/gnu tools arm embedded/4.9 2015q3/bin/../lib/gcc/arm-none-eabi/4.9.3/armv7e-m/softfp\libgcc.a
LOAD c:/program files (x86)/gnu tools arm embedded/4.9 2015q3/bin/../lib/gcc/arm-none-eabi/4.9.3/../../../../arm-none-eabi/lib/armv7e-m/softfp\libg_nano.a
LOAD c:/program files (x86)/gnu tools arm embedded/4.9 2015q3/bin/../lib/gcc/arm-none-eabi/4.9.3/../../../../arm-none-eabi/lib/armv7e-m/softfp\libc_nano.a
END GROUP
START GROUP
LOAD c:/program files (x86)/gnu tools arm embedded/4.9 2015q3/bin/../lib/gcc/arm-none-eabi/4.9.3/armv7e-m/softfp\libgcc.a
LOAD c:/program files (x86)/gnu tools arm embedded/4.9 2015q3/bin/../lib/gcc/arm-none-eabi/4.9.3/../../../../arm-none-eabi/lib/armv7e-m/softfp\libc_nano.a
END GROUP
LOAD c:/program files (x86)/gnu tools arm embedded/4.9 2015q3/bin/../lib/gcc/arm-none-eabi/4.9.3/armv7e-m/softfp/crtend.o
LOAD c:/program files (x86)/gnu tools arm embedded/4.9 2015q3/bin/../lib/gcc/arm-none-eabi/4.9.3/armv7e-m/softfp/crtn.o
OUTPUT(hmc5883lEmulator.elf elf32-littlearm)

.ARM.attributes
                0x00000000       0x2e
 .ARM.attributes
                0x00000000       0x22 c:/program files (x86)/gnu tools arm embedded/4.9 2015q3/bin/../lib/gcc/arm-none-eabi/4.9.3/armv7e-m/softfp/crti.o
 .ARM.attributes
                0x00000022       0x32 c:/program files (x86)/gnu tools arm embedded/4.9 2015q3/bin/../lib/gcc/arm-none-eabi/4.9.3/armv7e-m/softfp/crtbegin.o
 .ARM.attributes
                0x00000054       0x20 c:/program files (x86)/gnu tools arm embedded/4.9 2015q3/bin/../lib/gcc/arm-none-eabi/4.9.3/../../../../arm-none-eabi/lib/armv7e-m/softfp/crt0.o
 .ARM.attributes
                0x00000074       0x37 E:\HopeProject\minecraft\hmc5883lEmulator/mbed/TARGET_NUCLEO_F411RE/TOOLCHAIN_GCC_ARM/board.o
 .ARM.attributes
                0x000000ab       0x37 E:\HopeProject\minecraft\hmc5883lEmulator/mbed/TARGET_NUCLEO_F411RE/TOOLCHAIN_GCC_ARM/cmsis_nvic.o
 .ARM.attributes
                0x000000e2       0x37 E:\HopeProject\minecraft\hmc5883lEmulator/mbed/TARGET_NUCLEO_F411RE/TOOLCHAIN_GCC_ARM/hal_tick.o
 .ARM.attributes
                0x00000119       0x37 E:\HopeProject\minecraft\hmc5883lEmulator/mbed/TARGET_NUCLEO_F411RE/TOOLCHAIN_GCC_ARM/mbed_overrides.o
 .ARM.attributes
                0x00000150       0x37 E:\HopeProject\minecraft\hmc5883lEmulator/mbed/TARGET_NUCLEO_F411RE/TOOLCHAIN_GCC_ARM/retarget.o
 .ARM.attributes
                0x00000187       0x21 E:\HopeProject\minecraft\hmc5883lEmulator/mbed/TARGET_NUCLEO_F411RE/TOOLCHAIN_GCC_ARM/startup_stm32f411xe.o
 .ARM.attributes
                0x000001a8       0x37 E:\HopeProject\minecraft\hmc5883lEmulator/mbed/TARGET_NUCLEO_F411RE/TOOLCHAIN_GCC_ARM/stm32f4xx_hal.o
 .ARM.attributes
                0x000001df       0x37 E:\HopeProject\minecraft\hmc5883lEmulator/mbed/TARGET_NUCLEO_F411RE/TOOLCHAIN_GCC_ARM/stm32f4xx_hal_cortex.o
 .ARM.attributes
                0x00000216       0x37 E:\HopeProject\minecraft\hmc5883lEmulator/mbed/TARGET_NUCLEO_F411RE/TOOLCHAIN_GCC_ARM/stm32f4xx_hal_msp_template.o
 .ARM.attributes
                0x0000024d       0x37 E:\HopeProject\minecraft\hmc5883lEmulator/mbed/TARGET_NUCLEO_F411RE/TOOLCHAIN_GCC_ARM/stm32f4xx_hal_gpio.o
 .ARM.attributes
                0x00000284       0x37 E:\HopeProject\minecraft\hmc5883lEmulator/mbed/TARGET_NUCLEO_F411RE/TOOLCHAIN_GCC_ARM/stm32f4xx_hal_i2c.o
 .ARM.attributes
                0x000002bb       0x37 E:\HopeProject\minecraft\hmc5883lEmulator/mbed/TARGET_NUCLEO_F411RE/TOOLCHAIN_GCC_ARM/stm32f4xx_hal_rcc.o
 .ARM.attributes
                0x000002f2       0x37 E:\HopeProject\minecraft\hmc5883lEmulator/mbed/TARGET_NUCLEO_F411RE/TOOLCHAIN_GCC_ARM/stm32f4xx_hal_tim.o
 .ARM.attributes
                0x00000329       0x37 E:\HopeProject\minecraft\hmc5883lEmulator/mbed/TARGET_NUCLEO_F411RE/TOOLCHAIN_GCC_ARM/stm32f4xx_hal_uart.o
 .ARM.attributes
                0x00000360       0x37 E:\HopeProject\minecraft\hmc5883lEmulator/mbed/TARGET_NUCLEO_F411RE/TOOLCHAIN_GCC_ARM/system_stm32f4xx.o
 .ARM.attributes
                0x00000397       0x37 ..\obj\BufferedSerial.o
 .ARM.attributes
                0x000003ce       0x37 ..\obj\cFrameMsgGetter.o
 .ARM.attributes
                0x00000405       0x37 ..\obj\cAssert.o
 .ARM.attributes
                0x0000043c       0x37 ..\obj\main.o
 .ARM.attributes
                0x00000473       0x37 ..\obj\MyBuffer.o
 .ARM.attributes
                0x000004aa       0x37 ..\obj\TestcIMUOdometry.o
 .ARM.attributes
                0x000004e1       0x37 E:\HopeProject\minecraft\hmc5883lEmulator/mbed/TARGET_NUCLEO_F411RE/TOOLCHAIN_GCC_ARM\libmbed.a(serial_api.o)
 .ARM.attributes
                0x00000518       0x37 E:\HopeProject\minecraft\hmc5883lEmulator/mbed/TARGET_NUCLEO_F411RE/TOOLCHAIN_GCC_ARM\libmbed.a(us_ticker.o)
 .ARM.attributes
                0x0000054f       0x37 E:\HopeProject\minecraft\hmc5883lEmulator/mbed/TARGET_NUCLEO_F411RE/TOOLCHAIN_GCC_ARM\libmbed.a(I2CSlave.o)
 .ARM.attributes
                0x00000586       0x37 E:\HopeProject\minecraft\hmc5883lEmulator/mbed/TARGET_NUCLEO_F411RE/TOOLCHAIN_GCC_ARM\libmbed.a(RawSerial.o)
 .ARM.attributes
                0x000005bd       0x37 E:\HopeProject\minecraft\hmc5883lEmulator/mbed/TARGET_NUCLEO_F411RE/TOOLCHAIN_GCC_ARM\libmbed.a(SerialBase.o)
 .ARM.attributes
                0x000005f4       0x37 E:\HopeProject\minecraft\hmc5883lEmulator/mbed/TARGET_NUCLEO_F411RE/TOOLCHAIN_GCC_ARM\libmbed.a(assert.o)
 .ARM.attributes
                0x0000062b       0x37 E:\HopeProject\minecraft\hmc5883lEmulator/mbed/TARGET_NUCLEO_F411RE/TOOLCHAIN_GCC_ARM\libmbed.a(error.o)
 .ARM.attributes
                0x00000662       0x37 E:\HopeProject\minecraft\hmc5883lEmulator/mbed/TARGET_NUCLEO_F411RE/TOOLCHAIN_GCC_ARM\libmbed.a(gpio.o)
 .ARM.attributes
                0x00000699       0x37 E:\HopeProject\minecraft\hmc5883lEmulator/mbed/TARGET_NUCLEO_F411RE/TOOLCHAIN_GCC_ARM\libmbed.a(pinmap_common.o)
 .ARM.attributes
                0x000006d0       0x37 E:\HopeProject\minecraft\hmc5883lEmulator/mbed/TARGET_NUCLEO_F411RE/TOOLCHAIN_GCC_ARM\libmbed.a(rtc_time.o)
 .ARM.attributes
                0x00000707       0x37 E:\HopeProject\minecraft\hmc5883lEmulator/mbed/TARGET_NUCLEO_F411RE/TOOLCHAIN_GCC_ARM\libmbed.a(us_ticker_api.o)
 .ARM.attributes
                0x0000073e       0x37 E:\HopeProject\minecraft\hmc5883lEmulator/mbed/TARGET_NUCLEO_F411RE/TOOLCHAIN_GCC_ARM\libmbed.a(wait_api.o)
 .ARM.attributes
                0x00000775       0x37 E:\HopeProject\minecraft\hmc5883lEmulator/mbed/TARGET_NUCLEO_F411RE/TOOLCHAIN_GCC_ARM\libmbed.a(PeripheralPins.o)
 .ARM.attributes
                0x000007ac       0x37 E:\HopeProject\minecraft\hmc5883lEmulator/mbed/TARGET_NUCLEO_F411RE/TOOLCHAIN_GCC_ARM\libmbed.a(gpio_api.o)
 .ARM.attributes
                0x000007e3       0x37 E:\HopeProject\minecraft\hmc5883lEmulator/mbed/TARGET_NUCLEO_F411RE/TOOLCHAIN_GCC_ARM\libmbed.a(i2c_api.o)
 .ARM.attributes
                0x0000081a       0x37 E:\HopeProject\minecraft\hmc5883lEmulator/mbed/TARGET_NUCLEO_F411RE/TOOLCHAIN_GCC_ARM\libmbed.a(pinmap.o)
 .ARM.attributes
                0x00000851       0x37 E:\HopeProject\minecraft\hmc5883lEmulator/mbed/TARGET_NUCLEO_F411RE/TOOLCHAIN_GCC_ARM\libmbed.a(ticker_api.o)
 .ARM.attributes
                0x00000888       0x32 c:/program files (x86)/gnu tools arm embedded/4.9 2015q3/bin/../lib/gcc/arm-none-eabi/4.9.3/../../../../arm-none-eabi/lib/armv7e-m/softfp\libstdc++_nano.a(del_opv.o)
 .ARM.attributes
                0x000008ba       0x32 c:/program files (x86)/gnu tools arm embedded/4.9 2015q3/bin/../lib/gcc/arm-none-eabi/4.9.3/../../../../arm-none-eabi/lib/armv7e-m/softfp\libstdc++_nano.a(atexit_arm.o)
 .ARM.attributes
                0x000008ec       0x32 c:/program files (x86)/gnu tools arm embedded/4.9 2015q3/bin/../lib/gcc/arm-none-eabi/4.9.3/../../../../arm-none-eabi/lib/armv7e-m/softfp\libstdc++_nano.a(del_op.o)
 .ARM.attributes
                0x0000091e       0x32 c:/program files (x86)/gnu tools arm embedded/4.9 2015q3/bin/../lib/gcc/arm-none-eabi/4.9.3/../../../../arm-none-eabi/lib/armv7e-m/softfp\libstdc++_nano.a(new_op.o)
 .ARM.attributes
                0x00000950       0x32 c:/program files (x86)/gnu tools arm embedded/4.9 2015q3/bin/../lib/gcc/arm-none-eabi/4.9.3/../../../../arm-none-eabi/lib/armv7e-m/softfp\libstdc++_nano.a(new_opv.o)
 .ARM.attributes
                0x00000982       0x32 c:/program files (x86)/gnu tools arm embedded/4.9 2015q3/bin/../lib/gcc/arm-none-eabi/4.9.3/../../../../arm-none-eabi/lib/armv7e-m/softfp\libstdc++_nano.a(new_handler.o)
 .ARM.attributes
                0x000009b4       0x22 c:/program files (x86)/gnu tools arm embedded/4.9 2015q3/bin/../lib/gcc/arm-none-eabi/4.9.3/armv7e-m/softfp\libgcc.a(_arm_addsubdf3.o)
 .ARM.attributes
                0x000009d6       0x22 c:/program files (x86)/gnu tools arm embedded/4.9 2015q3/bin/../lib/gcc/arm-none-eabi/4.9.3/armv7e-m/softfp\libgcc.a(_arm_muldivdf3.o)
 .ARM.attributes
                0x000009f8       0x32 c:/program files (x86)/gnu tools arm embedded/4.9 2015q3/bin/../lib/gcc/arm-none-eabi/4.9.3/../../../../arm-none-eabi/lib/armv7e-m/softfp\libc_nano.a(lib_a-abort.o)
 .ARM.attributes
                0x00000a2a       0x32 c:/program files (x86)/gnu tools arm embedded/4.9 2015q3/bin/../lib/gcc/arm-none-eabi/4.9.3/../../../../arm-none-eabi/lib/armv7e-m/softfp\libc_nano.a(lib_a-cxa_atexit.o)
 .ARM.attributes
                0x00000a5c       0x32 c:/program files (x86)/gnu tools arm embedded/4.9 2015q3/bin/../lib/gcc/arm-none-eabi/4.9.3/../../../../arm-none-eabi/lib/armv7e-m/softfp\libc_nano.a(lib_a-errno.o)
 .ARM.attributes
                0x00000a8e       0x32 c:/program files (x86)/gnu tools arm embedded/4.9 2015q3/bin/../lib/gcc/arm-none-eabi/4.9.3/../../../../arm-none-eabi/lib/armv7e-m/softfp\libc_nano.a(lib_a-exit.o)
 .ARM.attributes
                0x00000ac0       0x32 c:/program files (x86)/gnu tools arm embedded/4.9 2015q3/bin/../lib/gcc/arm-none-eabi/4.9.3/../../../../arm-none-eabi/lib/armv7e-m/softfp\libc_nano.a(lib_a-fflush.o)
 .ARM.attributes